<html>
<body>
<pre>
<h1>µVision Build Log</h1>
<h2>Tool Versions:</h2>
IDE-Version: ¦ÌVision V5.31.0.0
Copyright (C) 2020 ARM Ltd and ARM Germany GmbH. All rights reserved.
License Information: Zhang Achilles, bough, LIC=D0DRA-1VF17-HJG6M-X6QKC-9HMEG-X6873
 
Tool Versions:
Toolchain:       MDK-ARM Plus  Version: 5.31.0.0
Toolchain Path:  C:\Keil_v5\ARM\ARMCC\Bin
C Compiler:      Armcc.exe V5.06 update 6 (build 750)
Assembler:       Armasm.exe V5.06 update 6 (build 750)
Linker/Locator:  ArmLink.exe V5.06 update 6 (build 750)
Library Manager: ArmAr.exe V5.06 update 6 (build 750)
Hex Converter:   FromElf.exe V5.06 update 6 (build 750)
CPU DLL:         SARMCM3.DLL V5.31.0.0
Dialog DLL:      DARMCM1.DLL V1.19.3.0
Target DLL:      Segger\JL2CM3.dll V2.99.38.0
Dialog DLL:      TARMCM1.DLL V1.14.2.0
 
<h2>Project:</h2>
D:\workspace\ARM M0\CX\SS209 RGB LED\SS209 RGB.uvprojx
Project File Date:  11/25/2021

<h2>Output:</h2>
*** Using Compiler 'V5.06 update 6 (build 750)', folder: 'C:\Keil_v5\ARM\ARMCC\Bin'
Build target 'SS209_RGB'
compiling cx32l003_it.c...
compiling user_internalFlash.c...
compiling user_basetime.c...
compiling user_SysClock.c...
compiling user_exti.c...
compiling user_lptimer.c...
compiling main.c...
compiling user_key.c...
compiling user_awk.c...
compiling user_iwdt .c...
compiling user_adc.c...
compiling user_menu.c...
USER\src\user_menu.c(626): warning:  #177-D: variable "vtBrightnessTemp"  was declared but never referenced
  	u8 vtBrightnessTemp = 0;
USER\src\user_menu.c: 1 warning, 0 errors
compiling user_lcd.c...
compiling user_ddl.c...
compiling user_spi.c...
compiling communication.c...
compiling user_color.c...
compiling user_advtime.c...
compiling user_i2c.c...
compiling user_utils.c...
compiling user_lightEffect.c...
linking...
Program Size: Code=37328 RO-data=5712 RW-data=352 ZI-data=2544  
FromELF: creating hex file...
After Build - User command #1: fromelf --vhx --32x1 -o .\Objects\SS209_RGB.bin .\Objects\SS209_RGB.axf
".\Objects\SS209_RGB.axf" - 0 Error(s), 1 Warning(s).

<h2>Software Packages used:</h2>

Package Vendor: ARM
                http://www.keil.com/pack/ARM.CMSIS.5.7.0.pack
                ARM.CMSIS.5.7.0
                CMSIS (Cortex Microcontroller Software Interface Standard)
   * Component: CORE Version: 5.4.0

Package Vendor: XMC
                http://ziweixing.workspacep5.webfoss.com/uploads/XMC.CX32L003_DFP.1.0.7.pack
                XMC.CX32L003_DFP.1.0.7
                XMC CM32L0 Series Device Family Pack

<h2>Collection of Component include folders:</h2>
  .\RTE\_SS209_RGB
  C:\Keil_v5\Sky\AppData\Local\Arm\Packs\ARM\CMSIS\5.7.0\CMSIS\Core\Include
  C:\Keil_v5\Sky\AppData\Local\Arm\Packs\XMC\CX32L003_DFP\1.0.7\Device\Include

<h2>Collection of Component Files used:</h2>

   * Component: ARM::CMSIS:CORE:5.4.0
Build Time Elapsed:  00:00:03
</pre>
</body>
</html>
