<!doctype html public "-//w3c//dtd html 4.0 transitional//en">
<html><head>
<title>Static Call Graph - [.\Objects\SS209_RGB.axf]</title></head>
<body><HR>
<H1>Static Call Graph for image .\Objects\SS209_RGB.axf</H1><HR>
<BR><P>#&#060CALLGRAPH&#062# ARM Linker, 5060750: Last Updated: Thu Dec 02 10:54:23 2021
<BR><P>
<H3>Maximum Stack Usage =        192 bytes + Unknown(Cycles, Untraceable Function Pointers)</H3><H3>
Call chain for Maximum Stack Depth:</H3>
__rt_entry_main &rArr; main &rArr; MenuFunction &rArr; brightnessDecFunc &rArr; updateLEDStts &rArr; updateRGBLamp &rArr; hsb2Rgb &rArr; __aeabi_dmul
<P>
<H3>
Mutually Recursive functions
</H3> <LI><a href="#[23]">ADVTIM_IRQHandler</a>&nbsp;&nbsp;&nbsp;&rArr;&nbsp;&nbsp;&nbsp;<a href="#[23]">ADVTIM_IRQHandler</a><BR>
</UL>
<P>
<H3>
Function Pointers
</H3><UL>
 <LI><a href="#[27]">ADC0_IRQHandler</a> from user_adc.o(.text) referenced from startup_cx32l003.o(RESET)
 <LI><a href="#[2f]">ADC_singleContinuousAccMode_config</a> from user_adc.o(.text) referenced from user_adc.o(.text)
 <LI><a href="#[23]">ADVTIM_IRQHandler</a> from startup_cx32l003.o(.text) referenced from startup_cx32l003.o(RESET)
 <LI><a href="#[2a]">AWK_IRQHandler</a> from user_awk.o(.text) referenced from startup_cx32l003.o(RESET)
 <LI><a href="#[2d]">CLKTRIM_IRQHandler</a> from startup_cx32l003.o(.text) referenced from startup_cx32l003.o(RESET)
 <LI><a href="#[14]">GPIOA_IRQHandler</a> from user_exti.o(.text) referenced from startup_cx32l003.o(RESET)
 <LI><a href="#[15]">GPIOB_IRQHandler</a> from user_exti.o(.text) referenced from startup_cx32l003.o(RESET)
 <LI><a href="#[16]">GPIOC_IRQHandler</a> from user_exti.o(.text) referenced from startup_cx32l003.o(RESET)
 <LI><a href="#[17]">GPIOD_IRQHandler</a> from user_exti.o(.text) referenced from startup_cx32l003.o(RESET)
 <LI><a href="#[10]">HardFault_Handler</a> from cx32l003_it.o(.text) referenced from startup_cx32l003.o(RESET)
 <LI><a href="#[1d]">I2C0_IRQHandler</a> from user_i2c.o(.text) referenced from startup_cx32l003.o(RESET)
 <LI><a href="#[1e]">I2C_DUMMY_IRQHandler</a> from startup_cx32l003.o(.text) referenced from startup_cx32l003.o(RESET)
 <LI><a href="#[26]">IWDT_IRQHandler</a> from startup_cx32l003.o(.text) referenced from startup_cx32l003.o(RESET)
 <LI><a href="#[21]">LPTIMER_IRQHandler</a> from user_lptimer.o(.text) referenced from startup_cx32l003.o(RESET)
 <LI><a href="#[1a]">LPUART_IRQHandler</a> from startup_cx32l003.o(.text) referenced from startup_cx32l003.o(RESET)
 <LI><a href="#[28]">LVD_IRQHandler</a> from startup_cx32l003.o(.text) referenced from startup_cx32l003.o(RESET)
 <LI><a href="#[f]">NMI_Handler</a> from cx32l003_it.o(.text) referenced from startup_cx32l003.o(RESET)
 <LI><a href="#[2b]">ONEWIRE_IRQHandler</a> from startup_cx32l003.o(.text) referenced from startup_cx32l003.o(RESET)
 <LI><a href="#[24]">PCA_IRQHandler</a> from startup_cx32l003.o(.text) referenced from startup_cx32l003.o(RESET)
 <LI><a href="#[22]">PWM_IRQHandler</a> from startup_cx32l003.o(.text) referenced from startup_cx32l003.o(RESET)
 <LI><a href="#[12]">PendSV_Handler</a> from cx32l003_it.o(.text) referenced from startup_cx32l003.o(RESET)
 <LI><a href="#[2c]">RTC_MATCH0_IRQHandler</a> from startup_cx32l003.o(.text) referenced from startup_cx32l003.o(RESET)
 <LI><a href="#[e]">Reset_Handler</a> from startup_cx32l003.o(.text) referenced from startup_cx32l003.o(RESET)
 <LI><a href="#[1b]">SPI0COMB_IRQHandler</a> from user_spi.o(.text) referenced from startup_cx32l003.o(RESET)
 <LI><a href="#[1c]">SPI_DUMMYCOMB_IRQHandler</a> from startup_cx32l003.o(.text) referenced from startup_cx32l003.o(RESET)
 <LI><a href="#[11]">SVC_Handler</a> from cx32l003_it.o(.text) referenced from startup_cx32l003.o(RESET)
 <LI><a href="#[13]">SysTick_Handler</a> from cx32l003_it.o(.text) referenced from startup_cx32l003.o(RESET)
 <LI><a href="#[1f]">TIMER10_IRQHandler</a> from user_basetime.o(.text) referenced from startup_cx32l003.o(RESET)
 <LI><a href="#[20]">TIMER11_IRQHandler</a> from startup_cx32l003.o(.text) referenced from startup_cx32l003.o(RESET)
 <LI><a href="#[18]">UART0_IRQHandler</a> from startup_cx32l003.o(.text) referenced from startup_cx32l003.o(RESET)
 <LI><a href="#[19]">UART1_IRQHandler</a> from startup_cx32l003.o(.text) referenced from startup_cx32l003.o(RESET)
 <LI><a href="#[29]">VC_IRQHandler</a> from startup_cx32l003.o(.text) referenced from startup_cx32l003.o(RESET)
 <LI><a href="#[25]">WWDT_IRQHandler</a> from startup_cx32l003.o(.text) referenced from startup_cx32l003.o(RESET)
 <LI><a href="#[3e]">__main</a> from __main.o(!!!main) referenced from startup_cx32l003.o(.text)
 <LI><a href="#[30]">flashMode1StyleCfunc</a> from user_lighteffect.o(.text) referenced from user_lighteffect.o(.text)
 <LI><a href="#[31]">flashMode1StyleEfunc</a> from user_lighteffect.o(.text) referenced from user_lighteffect.o(.text)
 <LI><a href="#[32]">flashMode1StyleFfunc</a> from user_lighteffect.o(.text) referenced from user_lighteffect.o(.text)
 <LI><a href="#[33]">flashMode2StyleAfunc</a> from user_lighteffect.o(.text) referenced from user_lighteffect.o(.text)
 <LI><a href="#[34]">flashMode2StyleBfunc</a> from user_lighteffect.o(.text) referenced from user_lighteffect.o(.text)
 <LI><a href="#[35]">flashMode2StyleCfunc</a> from user_lighteffect.o(.text) referenced from user_lighteffect.o(.text)
 <LI><a href="#[36]">flashMode2StyleDfunc</a> from user_lighteffect.o(.text) referenced from user_lighteffect.o(.text)
 <LI><a href="#[37]">flashMode2StyleEfunc</a> from user_lighteffect.o(.text) referenced from user_lighteffect.o(.text)
 <LI><a href="#[38]">flashMode2StyleFfunc</a> from user_lighteffect.o(.text) referenced from user_lighteffect.o(.text)
 <LI><a href="#[39]">flashMode3StyleDfunc</a> from user_lighteffect.o(.text) referenced from user_lighteffect.o(.text)
 <LI><a href="#[3a]">flashMode3StyleEfunc</a> from user_lighteffect.o(.text) referenced from user_lighteffect.o(.text)
 <LI><a href="#[3b]">flashMode3StyleFfunc</a> from user_lighteffect.o(.text) referenced from user_lighteffect.o(.text)
 <LI><a href="#[3c]">lightning1Process</a> from user_lighteffect.o(.text) referenced from user_lighteffect.o(.text)
 <LI><a href="#[3d]">lightning2Process</a> from user_lighteffect.o(.text) referenced from user_lighteffect.o(.text)
</UL>
<P>
<H3>
Global Symbols
</H3>
<P><STRONG><a name="[3e]"></a>__main</STRONG> (Thumb, 8 bytes, Stack size 0 bytes, __main.o(!!!main))
<BR><BR>[Calls]<UL><LI><a href="#[40]">&gt;&gt;</a>&nbsp;&nbsp;&nbsp;__rt_entry
<LI><a href="#[3f]">&gt;&gt;</a>&nbsp;&nbsp;&nbsp;__scatterload
</UL>

<P><STRONG><a name="[3f]"></a>__scatterload</STRONG> (Thumb, 0 bytes, Stack size unknown bytes, __scatter.o(!!!scatter))
<BR><BR>[Called By]<UL><LI><a href="#[3e]">&gt;&gt;</a>&nbsp;&nbsp;&nbsp;__main
</UL>

<P><STRONG><a name="[41]"></a>__scatterload_rt2</STRONG> (Thumb, 52 bytes, Stack size unknown bytes, __scatter.o(!!!scatter), UNUSED)
<BR><BR>[Calls]<UL><LI><a href="#[40]">&gt;&gt;</a>&nbsp;&nbsp;&nbsp;__rt_entry
</UL>

<P><STRONG><a name="[1cb]"></a>__scatterload_rt2_thumb_only</STRONG> (Thumb, 0 bytes, Stack size unknown bytes, __scatter.o(!!!scatter), UNUSED)

<P><STRONG><a name="[1cc]"></a>__scatterload_null</STRONG> (Thumb, 0 bytes, Stack size unknown bytes, __scatter.o(!!!scatter), UNUSED)

<P><STRONG><a name="[1cd]"></a>__scatterload_zeroinit</STRONG> (Thumb, 28 bytes, Stack size unknown bytes, __scatter_zi.o(!!handler_zi), UNUSED)

<P><STRONG><a name="[47]"></a>__rt_lib_init</STRONG> (Thumb, 0 bytes, Stack size unknown bytes, libinit.o(.ARM.Collect$$libinit$$00000000))
<BR><BR>[Called By]<UL><LI><a href="#[46]">&gt;&gt;</a>&nbsp;&nbsp;&nbsp;__rt_entry_li
</UL>

<P><STRONG><a name="[1ce]"></a>__rt_lib_init_fp_1</STRONG> (Thumb, 0 bytes, Stack size unknown bytes, libinit2.o(.ARM.Collect$$libinit$$00000002))

<P><STRONG><a name="[42]"></a>__rt_lib_init_heap_2</STRONG> (Thumb, 0 bytes, Stack size unknown bytes, libinit2.o(.ARM.Collect$$libinit$$00000005))
<BR><BR>[Stack]<UL><LI>Max Depth = 64 + Unknown Stack Size
<LI>Call Chain = __rt_lib_init_heap_2 &rArr; _init_alloc &rArr; __rt_SIGRTMEM &rArr; __rt_SIGRTMEM_inner &rArr; __default_signal_display &rArr; _ttywrch
</UL>
<BR>[Calls]<UL><LI><a href="#[43]">&gt;&gt;</a>&nbsp;&nbsp;&nbsp;_init_alloc
</UL>

<P><STRONG><a name="[1cf]"></a>__rt_lib_init_preinit_1</STRONG> (Thumb, 0 bytes, Stack size unknown bytes, libinit2.o(.ARM.Collect$$libinit$$00000004))

<P><STRONG><a name="[1d0]"></a>__rt_lib_init_alloca_1</STRONG> (Thumb, 0 bytes, Stack size unknown bytes, libinit2.o(.ARM.Collect$$libinit$$0000002E))

<P><STRONG><a name="[1d1]"></a>__rt_lib_init_argv_1</STRONG> (Thumb, 0 bytes, Stack size unknown bytes, libinit2.o(.ARM.Collect$$libinit$$0000002C))

<P><STRONG><a name="[1d2]"></a>__rt_lib_init_atexit_1</STRONG> (Thumb, 0 bytes, Stack size unknown bytes, libinit2.o(.ARM.Collect$$libinit$$0000001B))

<P><STRONG><a name="[1d3]"></a>__rt_lib_init_clock_1</STRONG> (Thumb, 0 bytes, Stack size unknown bytes, libinit2.o(.ARM.Collect$$libinit$$00000021))

<P><STRONG><a name="[1d4]"></a>__rt_lib_init_cpp_1</STRONG> (Thumb, 0 bytes, Stack size unknown bytes, libinit2.o(.ARM.Collect$$libinit$$00000032))

<P><STRONG><a name="[1d5]"></a>__rt_lib_init_exceptions_1</STRONG> (Thumb, 0 bytes, Stack size unknown bytes, libinit2.o(.ARM.Collect$$libinit$$00000030))

<P><STRONG><a name="[1d6]"></a>__rt_lib_init_fp_trap_1</STRONG> (Thumb, 0 bytes, Stack size unknown bytes, libinit2.o(.ARM.Collect$$libinit$$0000001F))

<P><STRONG><a name="[1d7]"></a>__rt_lib_init_getenv_1</STRONG> (Thumb, 0 bytes, Stack size unknown bytes, libinit2.o(.ARM.Collect$$libinit$$00000023))

<P><STRONG><a name="[1d8]"></a>__rt_lib_init_heap_1</STRONG> (Thumb, 0 bytes, Stack size unknown bytes, libinit2.o(.ARM.Collect$$libinit$$0000000A))

<P><STRONG><a name="[1d9]"></a>__rt_lib_init_lc_collate_1</STRONG> (Thumb, 0 bytes, Stack size unknown bytes, libinit2.o(.ARM.Collect$$libinit$$00000011))

<P><STRONG><a name="[1da]"></a>__rt_lib_init_lc_ctype_1</STRONG> (Thumb, 0 bytes, Stack size unknown bytes, libinit2.o(.ARM.Collect$$libinit$$00000013))

<P><STRONG><a name="[1db]"></a>__rt_lib_init_lc_monetary_1</STRONG> (Thumb, 0 bytes, Stack size unknown bytes, libinit2.o(.ARM.Collect$$libinit$$00000015))

<P><STRONG><a name="[1dc]"></a>__rt_lib_init_lc_numeric_1</STRONG> (Thumb, 0 bytes, Stack size unknown bytes, libinit2.o(.ARM.Collect$$libinit$$00000017))

<P><STRONG><a name="[1dd]"></a>__rt_lib_init_lc_time_1</STRONG> (Thumb, 0 bytes, Stack size unknown bytes, libinit2.o(.ARM.Collect$$libinit$$00000019))

<P><STRONG><a name="[1de]"></a>__rt_lib_init_rand_1</STRONG> (Thumb, 0 bytes, Stack size unknown bytes, libinit2.o(.ARM.Collect$$libinit$$0000000E))

<P><STRONG><a name="[1df]"></a>__rt_lib_init_return</STRONG> (Thumb, 0 bytes, Stack size unknown bytes, libinit2.o(.ARM.Collect$$libinit$$00000033))

<P><STRONG><a name="[1e0]"></a>__rt_lib_init_signal_1</STRONG> (Thumb, 0 bytes, Stack size unknown bytes, libinit2.o(.ARM.Collect$$libinit$$0000001D))

<P><STRONG><a name="[1e1]"></a>__rt_lib_init_stdio_1</STRONG> (Thumb, 0 bytes, Stack size unknown bytes, libinit2.o(.ARM.Collect$$libinit$$00000025))

<P><STRONG><a name="[1e2]"></a>__rt_lib_init_user_alloc_1</STRONG> (Thumb, 0 bytes, Stack size unknown bytes, libinit2.o(.ARM.Collect$$libinit$$0000000C))

<P><STRONG><a name="[4c]"></a>__rt_lib_shutdown</STRONG> (Thumb, 0 bytes, Stack size unknown bytes, libshutdown.o(.ARM.Collect$$libshutdown$$00000000))
<BR><BR>[Called By]<UL><LI><a href="#[4b]">&gt;&gt;</a>&nbsp;&nbsp;&nbsp;__rt_exit_ls
</UL>

<P><STRONG><a name="[1e3]"></a>__rt_lib_shutdown_cpp_1</STRONG> (Thumb, 0 bytes, Stack size unknown bytes, libshutdown2.o(.ARM.Collect$$libshutdown$$00000002))

<P><STRONG><a name="[1e4]"></a>__rt_lib_shutdown_fp_trap_1</STRONG> (Thumb, 0 bytes, Stack size unknown bytes, libshutdown2.o(.ARM.Collect$$libshutdown$$00000007))

<P><STRONG><a name="[1e5]"></a>__rt_lib_shutdown_heap_1</STRONG> (Thumb, 0 bytes, Stack size unknown bytes, libshutdown2.o(.ARM.Collect$$libshutdown$$0000000F))

<P><STRONG><a name="[1e6]"></a>__rt_lib_shutdown_return</STRONG> (Thumb, 0 bytes, Stack size unknown bytes, libshutdown2.o(.ARM.Collect$$libshutdown$$00000010))

<P><STRONG><a name="[1e7]"></a>__rt_lib_shutdown_signal_1</STRONG> (Thumb, 0 bytes, Stack size unknown bytes, libshutdown2.o(.ARM.Collect$$libshutdown$$0000000A))

<P><STRONG><a name="[1e8]"></a>__rt_lib_shutdown_stdio_1</STRONG> (Thumb, 0 bytes, Stack size unknown bytes, libshutdown2.o(.ARM.Collect$$libshutdown$$00000004))

<P><STRONG><a name="[1e9]"></a>__rt_lib_shutdown_user_alloc_1</STRONG> (Thumb, 0 bytes, Stack size unknown bytes, libshutdown2.o(.ARM.Collect$$libshutdown$$0000000C))

<P><STRONG><a name="[40]"></a>__rt_entry</STRONG> (Thumb, 0 bytes, Stack size unknown bytes, __rtentry.o(.ARM.Collect$$rtentry$$00000000))
<BR><BR>[Called By]<UL><LI><a href="#[3e]">&gt;&gt;</a>&nbsp;&nbsp;&nbsp;__main
<LI><a href="#[41]">&gt;&gt;</a>&nbsp;&nbsp;&nbsp;__scatterload_rt2
</UL>

<P><STRONG><a name="[1ea]"></a>__rt_entry_presh_1</STRONG> (Thumb, 0 bytes, Stack size unknown bytes, __rtentry2.o(.ARM.Collect$$rtentry$$00000002))

<P><STRONG><a name="[44]"></a>__rt_entry_sh</STRONG> (Thumb, 0 bytes, Stack size unknown bytes, __rtentry4.o(.ARM.Collect$$rtentry$$00000004))
<BR><BR>[Stack]<UL><LI>Max Depth = 8 + Unknown Stack Size
<LI>Call Chain = __rt_entry_sh &rArr; __user_setup_stackheap
</UL>
<BR>[Calls]<UL><LI><a href="#[45]">&gt;&gt;</a>&nbsp;&nbsp;&nbsp;__user_setup_stackheap
</UL>

<P><STRONG><a name="[46]"></a>__rt_entry_li</STRONG> (Thumb, 0 bytes, Stack size unknown bytes, __rtentry2.o(.ARM.Collect$$rtentry$$0000000A))
<BR><BR>[Calls]<UL><LI><a href="#[47]">&gt;&gt;</a>&nbsp;&nbsp;&nbsp;__rt_lib_init
</UL>

<P><STRONG><a name="[1eb]"></a>__rt_entry_postsh_1</STRONG> (Thumb, 0 bytes, Stack size unknown bytes, __rtentry2.o(.ARM.Collect$$rtentry$$00000009))

<P><STRONG><a name="[48]"></a>__rt_entry_main</STRONG> (Thumb, 0 bytes, Stack size unknown bytes, __rtentry2.o(.ARM.Collect$$rtentry$$0000000D))
<BR><BR>[Stack]<UL><LI>Max Depth = 192 + Unknown Stack Size
<LI>Call Chain = __rt_entry_main &rArr; main &rArr; MenuFunction &rArr; brightnessDecFunc &rArr; updateLEDStts &rArr; updateRGBLamp &rArr; hsb2Rgb &rArr; __aeabi_dmul
</UL>
<BR>[Calls]<UL><LI><a href="#[49]">&gt;&gt;</a>&nbsp;&nbsp;&nbsp;main
<LI><a href="#[4a]">&gt;&gt;</a>&nbsp;&nbsp;&nbsp;exit
</UL>

<P><STRONG><a name="[1ec]"></a>__rt_entry_postli_1</STRONG> (Thumb, 0 bytes, Stack size unknown bytes, __rtentry2.o(.ARM.Collect$$rtentry$$0000000C))

<P><STRONG><a name="[1c2]"></a>__rt_exit</STRONG> (Thumb, 0 bytes, Stack size unknown bytes, rtexit.o(.ARM.Collect$$rtexit$$00000000))
<BR><BR>[Called By]<UL><LI><a href="#[4a]">&gt;&gt;</a>&nbsp;&nbsp;&nbsp;exit
</UL>

<P><STRONG><a name="[4b]"></a>__rt_exit_ls</STRONG> (Thumb, 0 bytes, Stack size unknown bytes, rtexit2.o(.ARM.Collect$$rtexit$$00000003))
<BR><BR>[Calls]<UL><LI><a href="#[4c]">&gt;&gt;</a>&nbsp;&nbsp;&nbsp;__rt_lib_shutdown
</UL>

<P><STRONG><a name="[1ed]"></a>__rt_exit_prels_1</STRONG> (Thumb, 0 bytes, Stack size unknown bytes, rtexit2.o(.ARM.Collect$$rtexit$$00000002))

<P><STRONG><a name="[4d]"></a>__rt_exit_exit</STRONG> (Thumb, 0 bytes, Stack size unknown bytes, rtexit2.o(.ARM.Collect$$rtexit$$00000004))
<BR><BR>[Calls]<UL><LI><a href="#[4e]">&gt;&gt;</a>&nbsp;&nbsp;&nbsp;_sys_exit
</UL>

<P><STRONG><a name="[190]"></a>__aeabi_memcpy4</STRONG> (Thumb, 56 bytes, Stack size 0 bytes, rt_memcpy.o(.emb_text))
<BR><BR>[Called By]<UL><LI><a href="#[8f]">&gt;&gt;</a>&nbsp;&nbsp;&nbsp;__aeabi_memcpy
<LI><a href="#[3b]">&gt;&gt;</a>&nbsp;&nbsp;&nbsp;flashMode3StyleFfunc
<LI><a href="#[33]">&gt;&gt;</a>&nbsp;&nbsp;&nbsp;flashMode2StyleAfunc
<LI><a href="#[18f]">&gt;&gt;</a>&nbsp;&nbsp;&nbsp;colorAdjustGradual
</UL>

<P><STRONG><a name="[1ee]"></a>__aeabi_memcpy8</STRONG> (Thumb, 0 bytes, Stack size 0 bytes, rt_memcpy.o(.emb_text), UNUSED)

<P><STRONG><a name="[e]"></a>Reset_Handler</STRONG> (Thumb, 4 bytes, Stack size 0 bytes, startup_cx32l003.o(.text))
<BR>[Address Reference Count : 1]<UL><LI> startup_cx32l003.o(RESET)
</UL>
<P><STRONG><a name="[1ef]"></a>_maybe_terminate_alloc</STRONG> (Thumb, 0 bytes, Stack size 0 bytes, maybetermalloc1.o(.emb_text), UNUSED)

<P><STRONG><a name="[23]"></a>ADVTIM_IRQHandler</STRONG> (Thumb, 0 bytes, Stack size 0 bytes, startup_cx32l003.o(.text))
<BR><BR>[Calls]<UL><LI><a href="#[23]">&gt;&gt;</a>&nbsp;&nbsp;&nbsp;ADVTIM_IRQHandler
</UL>
<BR>[Called By]<UL><LI><a href="#[23]">&gt;&gt;</a>&nbsp;&nbsp;&nbsp;ADVTIM_IRQHandler
</UL>
<BR>[Address Reference Count : 1]<UL><LI> startup_cx32l003.o(RESET)
</UL>
<P><STRONG><a name="[2d]"></a>CLKTRIM_IRQHandler</STRONG> (Thumb, 0 bytes, Stack size 0 bytes, startup_cx32l003.o(.text))
<BR>[Address Reference Count : 1]<UL><LI> startup_cx32l003.o(RESET)
</UL>
<P><STRONG><a name="[1e]"></a>I2C_DUMMY_IRQHandler</STRONG> (Thumb, 0 bytes, Stack size 0 bytes, startup_cx32l003.o(.text))
<BR>[Address Reference Count : 1]<UL><LI> startup_cx32l003.o(RESET)
</UL>
<P><STRONG><a name="[26]"></a>IWDT_IRQHandler</STRONG> (Thumb, 0 bytes, Stack size 0 bytes, startup_cx32l003.o(.text))
<BR>[Address Reference Count : 1]<UL><LI> startup_cx32l003.o(RESET)
</UL>
<P><STRONG><a name="[1a]"></a>LPUART_IRQHandler</STRONG> (Thumb, 0 bytes, Stack size 0 bytes, startup_cx32l003.o(.text))
<BR>[Address Reference Count : 1]<UL><LI> startup_cx32l003.o(RESET)
</UL>
<P><STRONG><a name="[28]"></a>LVD_IRQHandler</STRONG> (Thumb, 0 bytes, Stack size 0 bytes, startup_cx32l003.o(.text))
<BR>[Address Reference Count : 1]<UL><LI> startup_cx32l003.o(RESET)
</UL>
<P><STRONG><a name="[2b]"></a>ONEWIRE_IRQHandler</STRONG> (Thumb, 0 bytes, Stack size 0 bytes, startup_cx32l003.o(.text))
<BR>[Address Reference Count : 1]<UL><LI> startup_cx32l003.o(RESET)
</UL>
<P><STRONG><a name="[24]"></a>PCA_IRQHandler</STRONG> (Thumb, 0 bytes, Stack size 0 bytes, startup_cx32l003.o(.text))
<BR>[Address Reference Count : 1]<UL><LI> startup_cx32l003.o(RESET)
</UL>
<P><STRONG><a name="[22]"></a>PWM_IRQHandler</STRONG> (Thumb, 0 bytes, Stack size 0 bytes, startup_cx32l003.o(.text))
<BR>[Address Reference Count : 1]<UL><LI> startup_cx32l003.o(RESET)
</UL>
<P><STRONG><a name="[2c]"></a>RTC_MATCH0_IRQHandler</STRONG> (Thumb, 0 bytes, Stack size 0 bytes, startup_cx32l003.o(.text))
<BR>[Address Reference Count : 1]<UL><LI> startup_cx32l003.o(RESET)
</UL>
<P><STRONG><a name="[1c]"></a>SPI_DUMMYCOMB_IRQHandler</STRONG> (Thumb, 0 bytes, Stack size 0 bytes, startup_cx32l003.o(.text))
<BR>[Address Reference Count : 1]<UL><LI> startup_cx32l003.o(RESET)
</UL>
<P><STRONG><a name="[20]"></a>TIMER11_IRQHandler</STRONG> (Thumb, 0 bytes, Stack size 0 bytes, startup_cx32l003.o(.text))
<BR>[Address Reference Count : 1]<UL><LI> startup_cx32l003.o(RESET)
</UL>
<P><STRONG><a name="[18]"></a>UART0_IRQHandler</STRONG> (Thumb, 0 bytes, Stack size 0 bytes, startup_cx32l003.o(.text))
<BR>[Address Reference Count : 1]<UL><LI> startup_cx32l003.o(RESET)
</UL>
<P><STRONG><a name="[19]"></a>UART1_IRQHandler</STRONG> (Thumb, 0 bytes, Stack size 0 bytes, startup_cx32l003.o(.text))
<BR>[Address Reference Count : 1]<UL><LI> startup_cx32l003.o(RESET)
</UL>
<P><STRONG><a name="[29]"></a>VC_IRQHandler</STRONG> (Thumb, 0 bytes, Stack size 0 bytes, startup_cx32l003.o(.text))
<BR>[Address Reference Count : 1]<UL><LI> startup_cx32l003.o(RESET)
</UL>
<P><STRONG><a name="[25]"></a>WWDT_IRQHandler</STRONG> (Thumb, 0 bytes, Stack size 0 bytes, startup_cx32l003.o(.text))
<BR>[Address Reference Count : 1]<UL><LI> startup_cx32l003.o(RESET)
</UL>
<P><STRONG><a name="[1c0]"></a>__user_initial_stackheap</STRONG> (Thumb, 10 bytes, Stack size 0 bytes, startup_cx32l003.o(.text))
<BR><BR>[Called By]<UL><LI><a href="#[45]">&gt;&gt;</a>&nbsp;&nbsp;&nbsp;__user_setup_stackheap
</UL>

<P><STRONG><a name="[4f]"></a>ADC_DeInit</STRONG> (Thumb, 28 bytes, Stack size 16 bytes, cx32l003_adc.o(.text), UNUSED)
<BR><BR>[Calls]<UL><LI><a href="#[50]">&gt;&gt;</a>&nbsp;&nbsp;&nbsp;RCC_PeriphResetCmd
</UL>

<P><STRONG><a name="[115]"></a>ADC_Init</STRONG> (Thumb, 24 bytes, Stack size 8 bytes, cx32l003_adc.o(.text))
<BR><BR>[Stack]<UL><LI>Max Depth = 8<LI>Call Chain = ADC_Init
</UL>
<BR>[Called By]<UL><LI><a href="#[11f]">&gt;&gt;</a>&nbsp;&nbsp;&nbsp;ADC_MutiMode_Config
<LI><a href="#[2f]">&gt;&gt;</a>&nbsp;&nbsp;&nbsp;ADC_singleContinuousAccMode_config
<LI><a href="#[114]">&gt;&gt;</a>&nbsp;&nbsp;&nbsp;ADC_SignalMode_Config
</UL>

<P><STRONG><a name="[1f0]"></a>ADC_StructInit</STRONG> (Thumb, 10 bytes, Stack size 0 bytes, cx32l003_adc.o(.text), UNUSED)

<P><STRONG><a name="[116]"></a>ADC_CommonInit</STRONG> (Thumb, 38 bytes, Stack size 8 bytes, cx32l003_adc.o(.text))
<BR><BR>[Stack]<UL><LI>Max Depth = 8<LI>Call Chain = ADC_CommonInit
</UL>
<BR>[Called By]<UL><LI><a href="#[11f]">&gt;&gt;</a>&nbsp;&nbsp;&nbsp;ADC_MutiMode_Config
<LI><a href="#[2f]">&gt;&gt;</a>&nbsp;&nbsp;&nbsp;ADC_singleContinuousAccMode_config
<LI><a href="#[114]">&gt;&gt;</a>&nbsp;&nbsp;&nbsp;ADC_SignalMode_Config
</UL>

<P><STRONG><a name="[1f1]"></a>ADC_CommonStructInit</STRONG> (Thumb, 14 bytes, Stack size 0 bytes, cx32l003_adc.o(.text), UNUSED)

<P><STRONG><a name="[118]"></a>ADC_Cmd</STRONG> (Thumb, 20 bytes, Stack size 0 bytes, cx32l003_adc.o(.text))
<BR><BR>[Called By]<UL><LI><a href="#[27]">&gt;&gt;</a>&nbsp;&nbsp;&nbsp;ADC0_IRQHandler
<LI><a href="#[11f]">&gt;&gt;</a>&nbsp;&nbsp;&nbsp;ADC_MutiMode_Config
<LI><a href="#[2f]">&gt;&gt;</a>&nbsp;&nbsp;&nbsp;ADC_singleContinuousAccMode_config
<LI><a href="#[114]">&gt;&gt;</a>&nbsp;&nbsp;&nbsp;ADC_SignalMode_Config
</UL>

<P><STRONG><a name="[1f2]"></a>ADC_RegularChannelConfig</STRONG> (Thumb, 52 bytes, Stack size 12 bytes, cx32l003_adc.o(.text), UNUSED)

<P><STRONG><a name="[119]"></a>ADC_SoftwareStartConv</STRONG> (Thumb, 10 bytes, Stack size 0 bytes, cx32l003_adc.o(.text))
<BR><BR>[Called By]<UL><LI><a href="#[11f]">&gt;&gt;</a>&nbsp;&nbsp;&nbsp;ADC_MutiMode_Config
<LI><a href="#[2f]">&gt;&gt;</a>&nbsp;&nbsp;&nbsp;ADC_singleContinuousAccMode_config
<LI><a href="#[114]">&gt;&gt;</a>&nbsp;&nbsp;&nbsp;ADC_SignalMode_Config
</UL>

<P><STRONG><a name="[1f3]"></a>ADC_GetSoftwareStartConvStatus</STRONG> (Thumb, 14 bytes, Stack size 0 bytes, cx32l003_adc.o(.text), UNUSED)

<P><STRONG><a name="[1f4]"></a>ADC_ContinuousModeCmd</STRONG> (Thumb, 20 bytes, Stack size 0 bytes, cx32l003_adc.o(.text), UNUSED)

<P><STRONG><a name="[11b]"></a>ADC_ContinuousConverChannelCmd</STRONG> (Thumb, 16 bytes, Stack size 0 bytes, cx32l003_adc.o(.text))
<BR><BR>[Called By]<UL><LI><a href="#[27]">&gt;&gt;</a>&nbsp;&nbsp;&nbsp;ADC0_IRQHandler
<LI><a href="#[11f]">&gt;&gt;</a>&nbsp;&nbsp;&nbsp;ADC_MutiMode_Config
<LI><a href="#[2f]">&gt;&gt;</a>&nbsp;&nbsp;&nbsp;ADC_singleContinuousAccMode_config
</UL>

<P><STRONG><a name="[11e]"></a>ADC_ContinuousConverRstCmd</STRONG> (Thumb, 20 bytes, Stack size 0 bytes, cx32l003_adc.o(.text))
<BR><BR>[Called By]<UL><LI><a href="#[11f]">&gt;&gt;</a>&nbsp;&nbsp;&nbsp;ADC_MutiMode_Config
<LI><a href="#[2f]">&gt;&gt;</a>&nbsp;&nbsp;&nbsp;ADC_singleContinuousAccMode_config
</UL>

<P><STRONG><a name="[1f5]"></a>ADC_DisContinuousModeCmd</STRONG> (Thumb, 20 bytes, Stack size 0 bytes, cx32l003_adc.o(.text), UNUSED)

<P><STRONG><a name="[1f6]"></a>ADC_GetConversionValue</STRONG> (Thumb, 6 bytes, Stack size 0 bytes, cx32l003_adc.o(.text), UNUSED)

<P><STRONG><a name="[1f7]"></a>ADC_GetChannelConversionValue</STRONG> (Thumb, 90 bytes, Stack size 0 bytes, cx32l003_adc.o(.text), UNUSED)

<P><STRONG><a name="[1f8]"></a>ADC_SetCompareHtValue</STRONG> (Thumb, 6 bytes, Stack size 0 bytes, cx32l003_adc.o(.text), UNUSED)

<P><STRONG><a name="[1f9]"></a>ADC_SetCompareLtValue</STRONG> (Thumb, 6 bytes, Stack size 0 bytes, cx32l003_adc.o(.text), UNUSED)

<P><STRONG><a name="[1fa]"></a>ADC_CompareControl</STRONG> (Thumb, 18 bytes, Stack size 0 bytes, cx32l003_adc.o(.text), UNUSED)

<P><STRONG><a name="[1fb]"></a>ADC_ExternalTrigInjectedConvConfig</STRONG> (Thumb, 18 bytes, Stack size 0 bytes, cx32l003_adc.o(.text), UNUSED)

<P><STRONG><a name="[117]"></a>ADC_ITCmd</STRONG> (Thumb, 16 bytes, Stack size 0 bytes, cx32l003_adc.o(.text))
<BR><BR>[Called By]<UL><LI><a href="#[11f]">&gt;&gt;</a>&nbsp;&nbsp;&nbsp;ADC_MutiMode_Config
<LI><a href="#[2f]">&gt;&gt;</a>&nbsp;&nbsp;&nbsp;ADC_singleContinuousAccMode_config
<LI><a href="#[114]">&gt;&gt;</a>&nbsp;&nbsp;&nbsp;ADC_SignalMode_Config
</UL>

<P><STRONG><a name="[11c]"></a>ADC_AccCmd</STRONG> (Thumb, 20 bytes, Stack size 0 bytes, cx32l003_adc.o(.text))
<BR><BR>[Called By]<UL><LI><a href="#[11f]">&gt;&gt;</a>&nbsp;&nbsp;&nbsp;ADC_MutiMode_Config
<LI><a href="#[2f]">&gt;&gt;</a>&nbsp;&nbsp;&nbsp;ADC_singleContinuousAccMode_config
</UL>

<P><STRONG><a name="[11d]"></a>ADC_AccResultClear</STRONG> (Thumb, 20 bytes, Stack size 0 bytes, cx32l003_adc.o(.text))
<BR><BR>[Called By]<UL><LI><a href="#[11f]">&gt;&gt;</a>&nbsp;&nbsp;&nbsp;ADC_MutiMode_Config
<LI><a href="#[2f]">&gt;&gt;</a>&nbsp;&nbsp;&nbsp;ADC_singleContinuousAccMode_config
</UL>

<P><STRONG><a name="[122]"></a>ADC_GetAccResult</STRONG> (Thumb, 4 bytes, Stack size 0 bytes, cx32l003_adc.o(.text))
<BR><BR>[Called By]<UL><LI><a href="#[27]">&gt;&gt;</a>&nbsp;&nbsp;&nbsp;ADC0_IRQHandler
</UL>

<P><STRONG><a name="[1fc]"></a>ADC_GetRISFlagStatus</STRONG> (Thumb, 14 bytes, Stack size 0 bytes, cx32l003_adc.o(.text), UNUSED)

<P><STRONG><a name="[121]"></a>ADC_GetMISFlagStatus</STRONG> (Thumb, 14 bytes, Stack size 0 bytes, cx32l003_adc.o(.text))
<BR><BR>[Called By]<UL><LI><a href="#[27]">&gt;&gt;</a>&nbsp;&nbsp;&nbsp;ADC0_IRQHandler
</UL>

<P><STRONG><a name="[11a]"></a>ADC_ClearFlag</STRONG> (Thumb, 8 bytes, Stack size 0 bytes, cx32l003_adc.o(.text))
<BR><BR>[Called By]<UL><LI><a href="#[27]">&gt;&gt;</a>&nbsp;&nbsp;&nbsp;ADC0_IRQHandler
<LI><a href="#[11f]">&gt;&gt;</a>&nbsp;&nbsp;&nbsp;ADC_MutiMode_Config
<LI><a href="#[2f]">&gt;&gt;</a>&nbsp;&nbsp;&nbsp;ADC_singleContinuousAccMode_config
</UL>

<P><STRONG><a name="[124]"></a>AWK_Init</STRONG> (Thumb, 28 bytes, Stack size 8 bytes, cx32l003_awk.o(.text), UNUSED)
<BR><BR>[Called By]<UL><LI><a href="#[123]">&gt;&gt;</a>&nbsp;&nbsp;&nbsp;AWK_Config
</UL>

<P><STRONG><a name="[126]"></a>AWK_Cmd</STRONG> (Thumb, 18 bytes, Stack size 0 bytes, cx32l003_awk.o(.text), UNUSED)
<BR><BR>[Called By]<UL><LI><a href="#[123]">&gt;&gt;</a>&nbsp;&nbsp;&nbsp;AWK_Config
</UL>

<P><STRONG><a name="[127]"></a>AWK_SelClk</STRONG> (Thumb, 16 bytes, Stack size 0 bytes, cx32l003_awk.o(.text), UNUSED)
<BR><BR>[Called By]<UL><LI><a href="#[123]">&gt;&gt;</a>&nbsp;&nbsp;&nbsp;AWK_Config
</UL>

<P><STRONG><a name="[125]"></a>AWK_SetRldval</STRONG> (Thumb, 4 bytes, Stack size 0 bytes, cx32l003_awk.o(.text), UNUSED)
<BR><BR>[Called By]<UL><LI><a href="#[128]">&gt;&gt;</a>&nbsp;&nbsp;&nbsp;AWK_Feed
<LI><a href="#[123]">&gt;&gt;</a>&nbsp;&nbsp;&nbsp;AWK_Config
</UL>

<P><STRONG><a name="[129]"></a>AWK_ClearITFlag</STRONG> (Thumb, 6 bytes, Stack size 0 bytes, cx32l003_awk.o(.text))
<BR><BR>[Called By]<UL><LI><a href="#[2a]">&gt;&gt;</a>&nbsp;&nbsp;&nbsp;AWK_IRQHandler
</UL>

<P><STRONG><a name="[81]"></a>GPIO_EXTILineConfig</STRONG> (Thumb, 82 bytes, Stack size 0 bytes, cx32l003_exti.o(.text))
<BR><BR>[Called By]<UL><LI><a href="#[80]">&gt;&gt;</a>&nbsp;&nbsp;&nbsp;EXTI_Key_Config
</UL>

<P><STRONG><a name="[52]"></a>FLASH_GetStatus</STRONG> (Thumb, 14 bytes, Stack size 0 bytes, cx32l003_flash.o(.text), UNUSED)
<BR><BR>[Called By]<UL><LI><a href="#[51]">&gt;&gt;</a>&nbsp;&nbsp;&nbsp;FLASH_WaitForLastOperation
</UL>

<P><STRONG><a name="[51]"></a>FLASH_WaitForLastOperation</STRONG> (Thumb, 26 bytes, Stack size 8 bytes, cx32l003_flash.o(.text), UNUSED)
<BR><BR>[Calls]<UL><LI><a href="#[52]">&gt;&gt;</a>&nbsp;&nbsp;&nbsp;FLASH_GetStatus
</UL>
<BR>[Called By]<UL><LI><a href="#[58]">&gt;&gt;</a>&nbsp;&nbsp;&nbsp;FLASH_OB_WRPConfig
<LI><a href="#[57]">&gt;&gt;</a>&nbsp;&nbsp;&nbsp;FLASH_ProgramByte
<LI><a href="#[56]">&gt;&gt;</a>&nbsp;&nbsp;&nbsp;FLASH_ProgramHalfWord
<LI><a href="#[55]">&gt;&gt;</a>&nbsp;&nbsp;&nbsp;FLASH_ProgramWord
<LI><a href="#[54]">&gt;&gt;</a>&nbsp;&nbsp;&nbsp;FLASH_EraseAllSectors
<LI><a href="#[53]">&gt;&gt;</a>&nbsp;&nbsp;&nbsp;FLASH_EraseSector
</UL>

<P><STRONG><a name="[53]"></a>FLASH_EraseSector</STRONG> (Thumb, 76 bytes, Stack size 20 bytes, cx32l003_flash.o(.text), UNUSED)
<BR><BR>[Calls]<UL><LI><a href="#[51]">&gt;&gt;</a>&nbsp;&nbsp;&nbsp;FLASH_WaitForLastOperation
</UL>
<BR>[Called By]<UL><LI><a href="#[86]">&gt;&gt;</a>&nbsp;&nbsp;&nbsp;EraseFlash
</UL>

<P><STRONG><a name="[54]"></a>FLASH_EraseAllSectors</STRONG> (Thumb, 58 bytes, Stack size 12 bytes, cx32l003_flash.o(.text), UNUSED)
<BR><BR>[Calls]<UL><LI><a href="#[51]">&gt;&gt;</a>&nbsp;&nbsp;&nbsp;FLASH_WaitForLastOperation
</UL>

<P><STRONG><a name="[55]"></a>FLASH_ProgramWord</STRONG> (Thumb, 74 bytes, Stack size 20 bytes, cx32l003_flash.o(.text), UNUSED)
<BR><BR>[Calls]<UL><LI><a href="#[51]">&gt;&gt;</a>&nbsp;&nbsp;&nbsp;FLASH_WaitForLastOperation
</UL>

<P><STRONG><a name="[56]"></a>FLASH_ProgramHalfWord</STRONG> (Thumb, 74 bytes, Stack size 20 bytes, cx32l003_flash.o(.text), UNUSED)
<BR><BR>[Calls]<UL><LI><a href="#[51]">&gt;&gt;</a>&nbsp;&nbsp;&nbsp;FLASH_WaitForLastOperation
</UL>

<P><STRONG><a name="[57]"></a>FLASH_ProgramByte</STRONG> (Thumb, 74 bytes, Stack size 20 bytes, cx32l003_flash.o(.text), UNUSED)
<BR><BR>[Calls]<UL><LI><a href="#[51]">&gt;&gt;</a>&nbsp;&nbsp;&nbsp;FLASH_WaitForLastOperation
</UL>

<P><STRONG><a name="[58]"></a>FLASH_OB_WRPConfig</STRONG> (Thumb, 68 bytes, Stack size 16 bytes, cx32l003_flash.o(.text), UNUSED)
<BR><BR>[Calls]<UL><LI><a href="#[51]">&gt;&gt;</a>&nbsp;&nbsp;&nbsp;FLASH_WaitForLastOperation
</UL>

<P><STRONG><a name="[1fd]"></a>FLASH_OB_UserConfig</STRONG> (Thumb, 16 bytes, Stack size 0 bytes, cx32l003_flash.o(.text), UNUSED)

<P><STRONG><a name="[1fe]"></a>FLASH_OB_ISPConfig</STRONG> (Thumb, 16 bytes, Stack size 0 bytes, cx32l003_flash.o(.text), UNUSED)

<P><STRONG><a name="[1ff]"></a>FLASH_ITConfig</STRONG> (Thumb, 26 bytes, Stack size 0 bytes, cx32l003_flash.o(.text), UNUSED)

<P><STRONG><a name="[200]"></a>FLASH_GetFlagStatus</STRONG> (Thumb, 16 bytes, Stack size 0 bytes, cx32l003_flash.o(.text), UNUSED)

<P><STRONG><a name="[87]"></a>FLASH_ClearFlag</STRONG> (Thumb, 18 bytes, Stack size 0 bytes, cx32l003_flash.o(.text), UNUSED)
<BR><BR>[Called By]<UL><LI><a href="#[86]">&gt;&gt;</a>&nbsp;&nbsp;&nbsp;EraseFlash
</UL>

<P><STRONG><a name="[59]"></a>GPIO_DeInit</STRONG> (Thumb, 70 bytes, Stack size 16 bytes, cx32l003_gpio.o(.text), UNUSED)
<BR><BR>[Calls]<UL><LI><a href="#[50]">&gt;&gt;</a>&nbsp;&nbsp;&nbsp;RCC_PeriphResetCmd
</UL>

<P><STRONG><a name="[201]"></a>GPIO_AFIODeInit</STRONG> (Thumb, 28 bytes, Stack size 0 bytes, cx32l003_gpio.o(.text), UNUSED)

<P><STRONG><a name="[99]"></a>GPIO_Init</STRONG> (Thumb, 128 bytes, Stack size 20 bytes, cx32l003_gpio.o(.text))
<BR><BR>[Stack]<UL><LI>Max Depth = 20<LI>Call Chain = GPIO_Init
</UL>
<BR>[Called By]<UL><LI><a href="#[a7]">&gt;&gt;</a>&nbsp;&nbsp;&nbsp;powerOnIoInit
<LI><a href="#[97]">&gt;&gt;</a>&nbsp;&nbsp;&nbsp;LPTIMER_Config
<LI><a href="#[14c]">&gt;&gt;</a>&nbsp;&nbsp;&nbsp;allLedIoAsInputDown
<LI><a href="#[14b]">&gt;&gt;</a>&nbsp;&nbsp;&nbsp;allLedIoAsInput
<LI><a href="#[141]">&gt;&gt;</a>&nbsp;&nbsp;&nbsp;spiIoInit
<LI><a href="#[10f]">&gt;&gt;</a>&nbsp;&nbsp;&nbsp;setGreenOutputLow
<LI><a href="#[10e]">&gt;&gt;</a>&nbsp;&nbsp;&nbsp;setBlueOutputLow
<LI><a href="#[10d]">&gt;&gt;</a>&nbsp;&nbsp;&nbsp;setWarmOutputLow
<LI><a href="#[10c]">&gt;&gt;</a>&nbsp;&nbsp;&nbsp;setCoolOutputLow
</UL>

<P><STRONG><a name="[202]"></a>GPIO_StructInit</STRONG> (Thumb, 18 bytes, Stack size 0 bytes, cx32l003_gpio.o(.text), UNUSED)

<P><STRONG><a name="[b1]"></a>GPIO_ReadInputDataBit</STRONG> (Thumb, 14 bytes, Stack size 0 bytes, cx32l003_gpio.o(.text))
<BR><BR>[Called By]<UL><LI><a href="#[c6]">&gt;&gt;</a>&nbsp;&nbsp;&nbsp;fucnPer50ms
<LI><a href="#[49]">&gt;&gt;</a>&nbsp;&nbsp;&nbsp;main
<LI><a href="#[163]">&gt;&gt;</a>&nbsp;&nbsp;&nbsp;IIC_Read_Byte
<LI><a href="#[161]">&gt;&gt;</a>&nbsp;&nbsp;&nbsp;IIC_Wait_Ack
<LI><a href="#[f2]">&gt;&gt;</a>&nbsp;&nbsp;&nbsp;factoryModeCoolDownFunc
</UL>

<P><STRONG><a name="[203]"></a>GPIO_ReadInputData</STRONG> (Thumb, 6 bytes, Stack size 0 bytes, cx32l003_gpio.o(.text), UNUSED)

<P><STRONG><a name="[204]"></a>GPIO_DBSyncCmd</STRONG> (Thumb, 20 bytes, Stack size 0 bytes, cx32l003_gpio.o(.text), UNUSED)

<P><STRONG><a name="[205]"></a>GPIO_DBPinSyncCmd</STRONG> (Thumb, 16 bytes, Stack size 0 bytes, cx32l003_gpio.o(.text), UNUSED)

<P><STRONG><a name="[206]"></a>GPIO_DBClkCmd</STRONG> (Thumb, 18 bytes, Stack size 0 bytes, cx32l003_gpio.o(.text), UNUSED)

<P><STRONG><a name="[207]"></a>GPIO_SetDBClk</STRONG> (Thumb, 16 bytes, Stack size 0 bytes, cx32l003_gpio.o(.text), UNUSED)

<P><STRONG><a name="[d6]"></a>GPIO_ReadOutputDataBit</STRONG> (Thumb, 14 bytes, Stack size 0 bytes, cx32l003_gpio.o(.text))
<BR><BR>[Called By]<UL><LI><a href="#[d5]">&gt;&gt;</a>&nbsp;&nbsp;&nbsp;checkSystemHot
</UL>

<P><STRONG><a name="[208]"></a>GPIO_ReadOutputData</STRONG> (Thumb, 6 bytes, Stack size 0 bytes, cx32l003_gpio.o(.text), UNUSED)

<P><STRONG><a name="[b0]"></a>GPIO_SetBits</STRONG> (Thumb, 4 bytes, Stack size 0 bytes, cx32l003_gpio.o(.text))
<BR><BR>[Called By]<UL><LI><a href="#[b3]">&gt;&gt;</a>&nbsp;&nbsp;&nbsp;updateLEDStts
<LI><a href="#[b4]">&gt;&gt;</a>&nbsp;&nbsp;&nbsp;powerOnLcdInit
<LI><a href="#[a7]">&gt;&gt;</a>&nbsp;&nbsp;&nbsp;powerOnIoInit
<LI><a href="#[49]">&gt;&gt;</a>&nbsp;&nbsp;&nbsp;main
<LI><a href="#[163]">&gt;&gt;</a>&nbsp;&nbsp;&nbsp;IIC_Read_Byte
<LI><a href="#[162]">&gt;&gt;</a>&nbsp;&nbsp;&nbsp;IIC_Send_Byte
<LI><a href="#[161]">&gt;&gt;</a>&nbsp;&nbsp;&nbsp;IIC_Wait_Ack
<LI><a href="#[160]">&gt;&gt;</a>&nbsp;&nbsp;&nbsp;IIC_NAck
<LI><a href="#[15f]">&gt;&gt;</a>&nbsp;&nbsp;&nbsp;IIC_Ack
<LI><a href="#[15e]">&gt;&gt;</a>&nbsp;&nbsp;&nbsp;IIC_Stop
<LI><a href="#[15d]">&gt;&gt;</a>&nbsp;&nbsp;&nbsp;IIC_Start
<LI><a href="#[12a]">&gt;&gt;</a>&nbsp;&nbsp;&nbsp;lcdGpioInit
<LI><a href="#[fd]">&gt;&gt;</a>&nbsp;&nbsp;&nbsp;brightnessDecFunc
<LI><a href="#[fa]">&gt;&gt;</a>&nbsp;&nbsp;&nbsp;brightnessIncFunc
</UL>

<P><STRONG><a name="[b2]"></a>GPIO_ResetBits</STRONG> (Thumb, 4 bytes, Stack size 0 bytes, cx32l003_gpio.o(.text))
<BR><BR>[Called By]<UL><LI><a href="#[c0]">&gt;&gt;</a>&nbsp;&nbsp;&nbsp;systemPowerDown
<LI><a href="#[b4]">&gt;&gt;</a>&nbsp;&nbsp;&nbsp;powerOnLcdInit
<LI><a href="#[a7]">&gt;&gt;</a>&nbsp;&nbsp;&nbsp;powerOnIoInit
<LI><a href="#[49]">&gt;&gt;</a>&nbsp;&nbsp;&nbsp;main
<LI><a href="#[163]">&gt;&gt;</a>&nbsp;&nbsp;&nbsp;IIC_Read_Byte
<LI><a href="#[162]">&gt;&gt;</a>&nbsp;&nbsp;&nbsp;IIC_Send_Byte
<LI><a href="#[161]">&gt;&gt;</a>&nbsp;&nbsp;&nbsp;IIC_Wait_Ack
<LI><a href="#[160]">&gt;&gt;</a>&nbsp;&nbsp;&nbsp;IIC_NAck
<LI><a href="#[15f]">&gt;&gt;</a>&nbsp;&nbsp;&nbsp;IIC_Ack
<LI><a href="#[15e]">&gt;&gt;</a>&nbsp;&nbsp;&nbsp;IIC_Stop
<LI><a href="#[15d]">&gt;&gt;</a>&nbsp;&nbsp;&nbsp;IIC_Start
<LI><a href="#[10f]">&gt;&gt;</a>&nbsp;&nbsp;&nbsp;setGreenOutputLow
<LI><a href="#[10e]">&gt;&gt;</a>&nbsp;&nbsp;&nbsp;setBlueOutputLow
<LI><a href="#[10d]">&gt;&gt;</a>&nbsp;&nbsp;&nbsp;setWarmOutputLow
<LI><a href="#[10c]">&gt;&gt;</a>&nbsp;&nbsp;&nbsp;setCoolOutputLow
<LI><a href="#[fd]">&gt;&gt;</a>&nbsp;&nbsp;&nbsp;brightnessDecFunc
</UL>

<P><STRONG><a name="[209]"></a>GPIO_WriteBit</STRONG> (Thumb, 12 bytes, Stack size 0 bytes, cx32l003_gpio.o(.text), UNUSED)

<P><STRONG><a name="[20a]"></a>GPIO_Write</STRONG> (Thumb, 4 bytes, Stack size 0 bytes, cx32l003_gpio.o(.text), UNUSED)

<P><STRONG><a name="[20b]"></a>GPIO_ToggleBits</STRONG> (Thumb, 8 bytes, Stack size 0 bytes, cx32l003_gpio.o(.text), UNUSED)

<P><STRONG><a name="[20c]"></a>GPIO_PinPuPdCmd</STRONG> (Thumb, 24 bytes, Stack size 8 bytes, cx32l003_gpio.o(.text), UNUSED)

<P><STRONG><a name="[20d]"></a>GPIO_PortDRCmd</STRONG> (Thumb, 20 bytes, Stack size 0 bytes, cx32l003_gpio.o(.text), UNUSED)

<P><STRONG><a name="[20e]"></a>GPIO_PinRemapConfig</STRONG> (Thumb, 20 bytes, Stack size 8 bytes, cx32l003_gpio.o(.text), UNUSED)

<P><STRONG><a name="[95]"></a>GPIO_PinAFConfig</STRONG> (Thumb, 22 bytes, Stack size 8 bytes, cx32l003_gpio.o(.text))
<BR><BR>[Stack]<UL><LI>Max Depth = 8<LI>Call Chain = GPIO_PinAFConfig
</UL>
<BR>[Called By]<UL><LI><a href="#[94]">&gt;&gt;</a>&nbsp;&nbsp;&nbsp;TEST_SETLPTIMERGATE
<LI><a href="#[141]">&gt;&gt;</a>&nbsp;&nbsp;&nbsp;spiIoInit
<LI><a href="#[110]">&gt;&gt;</a>&nbsp;&nbsp;&nbsp;ADCPinAFSet
</UL>

<P><STRONG><a name="[5a]"></a>I2C_DeInit</STRONG> (Thumb, 32 bytes, Stack size 8 bytes, cx32l003_i2c.o(.text), UNUSED)
<BR><BR>[Calls]<UL><LI><a href="#[50]">&gt;&gt;</a>&nbsp;&nbsp;&nbsp;RCC_PeriphResetCmd
</UL>

<P><STRONG><a name="[5b]"></a>I2C_Init</STRONG> (Thumb, 166 bytes, Stack size 24 bytes, cx32l003_i2c.o(.text), UNUSED)
<BR><BR>[Calls]<UL><LI><a href="#[5c]">&gt;&gt;</a>&nbsp;&nbsp;&nbsp;__aeabi_ui2d
<LI><a href="#[60]">&gt;&gt;</a>&nbsp;&nbsp;&nbsp;__aeabi_d2uiz
<LI><a href="#[5d]">&gt;&gt;</a>&nbsp;&nbsp;&nbsp;__aeabi_ddiv
<LI><a href="#[5f]">&gt;&gt;</a>&nbsp;&nbsp;&nbsp;__aeabi_dsub
<LI><a href="#[5e]">&gt;&gt;</a>&nbsp;&nbsp;&nbsp;__aeabi_dadd
</UL>
<BR>[Called By]<UL><LI><a href="#[166]">&gt;&gt;</a>&nbsp;&nbsp;&nbsp;IIC_Init
</UL>

<P><STRONG><a name="[20f]"></a>I2C_StructInit</STRONG> (Thumb, 20 bytes, Stack size 0 bytes, cx32l003_i2c.o(.text), UNUSED)

<P><STRONG><a name="[167]"></a>I2C_Cmd</STRONG> (Thumb, 18 bytes, Stack size 0 bytes, cx32l003_i2c.o(.text), UNUSED)
<BR><BR>[Called By]<UL><LI><a href="#[166]">&gt;&gt;</a>&nbsp;&nbsp;&nbsp;IIC_Init
</UL>

<P><STRONG><a name="[210]"></a>I2C_MasterSendCmd</STRONG> (Thumb, 34 bytes, Stack size 0 bytes, cx32l003_i2c.o(.text), UNUSED)

<P><STRONG><a name="[16c]"></a>I2C_GenerateSTART</STRONG> (Thumb, 18 bytes, Stack size 0 bytes, cx32l003_i2c.o(.text))
<BR><BR>[Called By]<UL><LI><a href="#[171]">&gt;&gt;</a>&nbsp;&nbsp;&nbsp;SlaveSendACK
<LI><a href="#[16f]">&gt;&gt;</a>&nbsp;&nbsp;&nbsp;I2C0_IRQHandler_MasterRecive
<LI><a href="#[16a]">&gt;&gt;</a>&nbsp;&nbsp;&nbsp;I2C0_IRQHandler_MasterSend
</UL>

<P><STRONG><a name="[16e]"></a>I2C_GenerateSTOP</STRONG> (Thumb, 18 bytes, Stack size 0 bytes, cx32l003_i2c.o(.text))
<BR><BR>[Called By]<UL><LI><a href="#[171]">&gt;&gt;</a>&nbsp;&nbsp;&nbsp;SlaveSendACK
<LI><a href="#[16f]">&gt;&gt;</a>&nbsp;&nbsp;&nbsp;I2C0_IRQHandler_MasterRecive
<LI><a href="#[16a]">&gt;&gt;</a>&nbsp;&nbsp;&nbsp;I2C0_IRQHandler_MasterSend
</UL>

<P><STRONG><a name="[16d]"></a>I2C_AcknowledgeConfig</STRONG> (Thumb, 18 bytes, Stack size 0 bytes, cx32l003_i2c.o(.text))
<BR><BR>[Called By]<UL><LI><a href="#[171]">&gt;&gt;</a>&nbsp;&nbsp;&nbsp;SlaveSendACK
<LI><a href="#[16f]">&gt;&gt;</a>&nbsp;&nbsp;&nbsp;I2C0_IRQHandler_MasterRecive
<LI><a href="#[16a]">&gt;&gt;</a>&nbsp;&nbsp;&nbsp;I2C0_IRQHandler_MasterSend
</UL>

<P><STRONG><a name="[211]"></a>I2C_OwnAddressConfig</STRONG> (Thumb, 16 bytes, Stack size 0 bytes, cx32l003_i2c.o(.text), UNUSED)

<P><STRONG><a name="[212]"></a>I2C_GeneralCallCmd</STRONG> (Thumb, 20 bytes, Stack size 0 bytes, cx32l003_i2c.o(.text), UNUSED)

<P><STRONG><a name="[16b]"></a>I2C_SendData</STRONG> (Thumb, 4 bytes, Stack size 0 bytes, cx32l003_i2c.o(.text))
<BR><BR>[Called By]<UL><LI><a href="#[16f]">&gt;&gt;</a>&nbsp;&nbsp;&nbsp;I2C0_IRQHandler_MasterRecive
<LI><a href="#[16a]">&gt;&gt;</a>&nbsp;&nbsp;&nbsp;I2C0_IRQHandler_MasterSend
</UL>

<P><STRONG><a name="[170]"></a>I2C_ReceiveData</STRONG> (Thumb, 6 bytes, Stack size 0 bytes, cx32l003_i2c.o(.text))
<BR><BR>[Called By]<UL><LI><a href="#[16f]">&gt;&gt;</a>&nbsp;&nbsp;&nbsp;I2C0_IRQHandler_MasterRecive
</UL>

<P><STRONG><a name="[213]"></a>I2C_Send7bitAddress</STRONG> (Thumb, 18 bytes, Stack size 0 bytes, cx32l003_i2c.o(.text), UNUSED)

<P><STRONG><a name="[214]"></a>I2C_ReadRegister</STRONG> (Thumb, 10 bytes, Stack size 8 bytes, cx32l003_i2c.o(.text), UNUSED)

<P><STRONG><a name="[215]"></a>I2C_NACKPositionConfig</STRONG> (Thumb, 18 bytes, Stack size 0 bytes, cx32l003_i2c.o(.text), UNUSED)

<P><STRONG><a name="[216]"></a>I2C_ITConfig</STRONG> (Thumb, 18 bytes, Stack size 0 bytes, cx32l003_i2c.o(.text), UNUSED)

<P><STRONG><a name="[217]"></a>I2C_GetLastEvent</STRONG> (Thumb, 6 bytes, Stack size 0 bytes, cx32l003_i2c.o(.text), UNUSED)

<P><STRONG><a name="[f]"></a>NMI_Handler</STRONG> (Thumb, 2 bytes, Stack size 0 bytes, cx32l003_it.o(.text))
<BR>[Address Reference Count : 1]<UL><LI> startup_cx32l003.o(RESET)
</UL>
<P><STRONG><a name="[10]"></a>HardFault_Handler</STRONG> (Thumb, 8 bytes, Stack size 0 bytes, cx32l003_it.o(.text))
<BR><BR>[Stack]<UL><LI>Max Depth = 96<LI>Call Chain = HardFault_Handler &rArr; StoreExceptions2Flash &rArr; writeEepromData &rArr; MasterWriteBytes &rArr; IIC_Wait_Ack &rArr; IIC_Stop
</UL>
<BR>[Calls]<UL><LI><a href="#[61]">&gt;&gt;</a>&nbsp;&nbsp;&nbsp;StoreExceptions2Flash
<LI><a href="#[62]">&gt;&gt;</a>&nbsp;&nbsp;&nbsp;__NVIC_SystemReset
</UL>
<BR>[Address Reference Count : 1]<UL><LI> startup_cx32l003.o(RESET)
</UL>
<P><STRONG><a name="[63]"></a>MemManage_Handler</STRONG> (Thumb, 8 bytes, Stack size 0 bytes, cx32l003_it.o(.text), UNUSED)
<BR><BR>[Calls]<UL><LI><a href="#[61]">&gt;&gt;</a>&nbsp;&nbsp;&nbsp;StoreExceptions2Flash
<LI><a href="#[62]">&gt;&gt;</a>&nbsp;&nbsp;&nbsp;__NVIC_SystemReset
</UL>

<P><STRONG><a name="[64]"></a>BusFault_Handler</STRONG> (Thumb, 4 bytes, Stack size 0 bytes, cx32l003_it.o(.text), UNUSED)
<BR><BR>[Calls]<UL><LI><a href="#[62]">&gt;&gt;</a>&nbsp;&nbsp;&nbsp;__NVIC_SystemReset
</UL>

<P><STRONG><a name="[65]"></a>UsageFault_Handler</STRONG> (Thumb, 4 bytes, Stack size 0 bytes, cx32l003_it.o(.text), UNUSED)
<BR><BR>[Calls]<UL><LI><a href="#[62]">&gt;&gt;</a>&nbsp;&nbsp;&nbsp;__NVIC_SystemReset
</UL>

<P><STRONG><a name="[11]"></a>SVC_Handler</STRONG> (Thumb, 2 bytes, Stack size 0 bytes, cx32l003_it.o(.text))
<BR>[Address Reference Count : 1]<UL><LI> startup_cx32l003.o(RESET)
</UL>
<P><STRONG><a name="[218]"></a>DebugMon_Handler</STRONG> (Thumb, 2 bytes, Stack size 0 bytes, cx32l003_it.o(.text), UNUSED)

<P><STRONG><a name="[12]"></a>PendSV_Handler</STRONG> (Thumb, 2 bytes, Stack size 0 bytes, cx32l003_it.o(.text))
<BR>[Address Reference Count : 1]<UL><LI> startup_cx32l003.o(RESET)
</UL>
<P><STRONG><a name="[13]"></a>SysTick_Handler</STRONG> (Thumb, 2 bytes, Stack size 0 bytes, cx32l003_it.o(.text))
<BR>[Address Reference Count : 1]<UL><LI> startup_cx32l003.o(RESET)
</UL>
<P><STRONG><a name="[219]"></a>LPTIMER_ReadCnt</STRONG> (Thumb, 6 bytes, Stack size 0 bytes, cx32l003_lptimer.o(.text), UNUSED)

<P><STRONG><a name="[98]"></a>LPTIMER_Init</STRONG> (Thumb, 56 bytes, Stack size 0 bytes, cx32l003_lptimer.o(.text))
<BR><BR>[Called By]<UL><LI><a href="#[97]">&gt;&gt;</a>&nbsp;&nbsp;&nbsp;LPTIMER_Config
</UL>

<P><STRONG><a name="[92]"></a>LPTIMER_Cmd</STRONG> (Thumb, 20 bytes, Stack size 0 bytes, cx32l003_lptimer.o(.text))
<BR><BR>[Called By]<UL><LI><a href="#[97]">&gt;&gt;</a>&nbsp;&nbsp;&nbsp;LPTIMER_Config
<LI><a href="#[93]">&gt;&gt;</a>&nbsp;&nbsp;&nbsp;Enter_Sleep
<LI><a href="#[91]">&gt;&gt;</a>&nbsp;&nbsp;&nbsp;Enter_DeepSleep
<LI><a href="#[83]">&gt;&gt;</a>&nbsp;&nbsp;&nbsp;entryNormalModeChk
</UL>

<P><STRONG><a name="[21a]"></a>LPTIMER_TogCmd</STRONG> (Thumb, 18 bytes, Stack size 0 bytes, cx32l003_lptimer.o(.text), UNUSED)

<P><STRONG><a name="[9c]"></a>LPTIMER_ITConfig</STRONG> (Thumb, 20 bytes, Stack size 0 bytes, cx32l003_lptimer.o(.text))
<BR><BR>[Called By]<UL><LI><a href="#[97]">&gt;&gt;</a>&nbsp;&nbsp;&nbsp;LPTIMER_Config
</UL>

<P><STRONG><a name="[21b]"></a>LPTIMER_GetWTFlagStatus</STRONG> (Thumb, 14 bytes, Stack size 0 bytes, cx32l003_lptimer.o(.text), UNUSED)

<P><STRONG><a name="[9b]"></a>LPTIMER_BGloadConfig</STRONG> (Thumb, 22 bytes, Stack size 8 bytes, cx32l003_lptimer.o(.text))
<BR><BR>[Stack]<UL><LI>Max Depth = 8<LI>Call Chain = LPTIMER_BGloadConfig
</UL>
<BR>[Called By]<UL><LI><a href="#[97]">&gt;&gt;</a>&nbsp;&nbsp;&nbsp;LPTIMER_Config
</UL>

<P><STRONG><a name="[9a]"></a>LPTIMER_LoadConfig</STRONG> (Thumb, 22 bytes, Stack size 8 bytes, cx32l003_lptimer.o(.text))
<BR><BR>[Stack]<UL><LI>Max Depth = 8<LI>Call Chain = LPTIMER_LoadConfig
</UL>
<BR>[Called By]<UL><LI><a href="#[97]">&gt;&gt;</a>&nbsp;&nbsp;&nbsp;LPTIMER_Config
</UL>

<P><STRONG><a name="[21c]"></a>LPTIMER_GetITStatus</STRONG> (Thumb, 14 bytes, Stack size 0 bytes, cx32l003_lptimer.o(.text), UNUSED)

<P><STRONG><a name="[9d]"></a>LPTIMER_ClearITFlag</STRONG> (Thumb, 4 bytes, Stack size 0 bytes, cx32l003_lptimer.o(.text))
<BR><BR>[Called By]<UL><LI><a href="#[21]">&gt;&gt;</a>&nbsp;&nbsp;&nbsp;LPTIMER_IRQHandler
</UL>

<P><STRONG><a name="[21d]"></a>RCC_DeInit</STRONG> (Thumb, 20 bytes, Stack size 0 bytes, cx32l003_rcc.o(.text), UNUSED)

<P><STRONG><a name="[21e]"></a>RCC_HIRCTrim</STRONG> (Thumb, 16 bytes, Stack size 0 bytes, cx32l003_rcc.o(.text), UNUSED)

<P><STRONG><a name="[21f]"></a>RCC_LIRCTrim</STRONG> (Thumb, 16 bytes, Stack size 0 bytes, cx32l003_rcc.o(.text), UNUSED)

<P><STRONG><a name="[220]"></a>RCC_SetHXTDrive</STRONG> (Thumb, 20 bytes, Stack size 0 bytes, cx32l003_rcc.o(.text), UNUSED)

<P><STRONG><a name="[221]"></a>RCC_SetLXTDrive</STRONG> (Thumb, 20 bytes, Stack size 0 bytes, cx32l003_rcc.o(.text), UNUSED)

<P><STRONG><a name="[222]"></a>RCC_WaitForHIRCStable</STRONG> (Thumb, 44 bytes, Stack size 12 bytes, cx32l003_rcc.o(.text), UNUSED)

<P><STRONG><a name="[223]"></a>RCC_WaitForHXTStable</STRONG> (Thumb, 62 bytes, Stack size 12 bytes, cx32l003_rcc.o(.text), UNUSED)

<P><STRONG><a name="[224]"></a>RCC_WaitForLIRCStable</STRONG> (Thumb, 62 bytes, Stack size 12 bytes, cx32l003_rcc.o(.text), UNUSED)

<P><STRONG><a name="[225]"></a>RCC_WaitForLXTStable</STRONG> (Thumb, 56 bytes, Stack size 12 bytes, cx32l003_rcc.o(.text), UNUSED)

<P><STRONG><a name="[226]"></a>RCC_LXTCmd</STRONG> (Thumb, 50 bytes, Stack size 8 bytes, cx32l003_rcc.o(.text), UNUSED)

<P><STRONG><a name="[227]"></a>RCC_SetX32KPort</STRONG> (Thumb, 24 bytes, Stack size 0 bytes, cx32l003_rcc.o(.text), UNUSED)

<P><STRONG><a name="[228]"></a>RCC_SetM0IRQLatency</STRONG> (Thumb, 12 bytes, Stack size 0 bytes, cx32l003_rcc.o(.text), UNUSED)

<P><STRONG><a name="[229]"></a>RCC_SystemTickTimerConfig</STRONG> (Thumb, 24 bytes, Stack size 0 bytes, cx32l003_rcc.o(.text), UNUSED)

<P><STRONG><a name="[22a]"></a>RCC_SetSystemTickTimerCoreRefClockcmd</STRONG> (Thumb, 26 bytes, Stack size 0 bytes, cx32l003_rcc.o(.text), UNUSED)

<P><STRONG><a name="[a0]"></a>RCC_SysclkCmd</STRONG> (Thumb, 86 bytes, Stack size 12 bytes, cx32l003_rcc.o(.text))
<BR><BR>[Stack]<UL><LI>Max Depth = 12<LI>Call Chain = RCC_SysclkCmd
</UL>
<BR>[Called By]<UL><LI><a href="#[a2]">&gt;&gt;</a>&nbsp;&nbsp;&nbsp;setSystemLIRC
<LI><a href="#[9f]">&gt;&gt;</a>&nbsp;&nbsp;&nbsp;setSystemHIRC
</UL>

<P><STRONG><a name="[22b]"></a>RCC_SelSysclk</STRONG> (Thumb, 16 bytes, Stack size 0 bytes, cx32l003_rcc.o(.text), UNUSED)

<P><STRONG><a name="[22c]"></a>RCC_SysclkOutputConfig</STRONG> (Thumb, 14 bytes, Stack size 0 bytes, cx32l003_rcc.o(.text), UNUSED)

<P><STRONG><a name="[22d]"></a>RCC_SysclkOutputCmd</STRONG> (Thumb, 20 bytes, Stack size 0 bytes, cx32l003_rcc.o(.text), UNUSED)

<P><STRONG><a name="[22e]"></a>RCC_SysclkFclkDiv</STRONG> (Thumb, 12 bytes, Stack size 0 bytes, cx32l003_rcc.o(.text), UNUSED)

<P><STRONG><a name="[22f]"></a>RCC_GetSysclkSource</STRONG> (Thumb, 8 bytes, Stack size 0 bytes, cx32l003_rcc.o(.text), UNUSED)

<P><STRONG><a name="[230]"></a>RCC_SetHclkDiv</STRONG> (Thumb, 4 bytes, Stack size 0 bytes, cx32l003_rcc.o(.text), UNUSED)

<P><STRONG><a name="[231]"></a>RCC_SetPclkDiv</STRONG> (Thumb, 4 bytes, Stack size 0 bytes, cx32l003_rcc.o(.text), UNUSED)

<P><STRONG><a name="[232]"></a>RCC_AHBPeriphClockCmd</STRONG> (Thumb, 16 bytes, Stack size 0 bytes, cx32l003_rcc.o(.text), UNUSED)

<P><STRONG><a name="[233]"></a>RCC_APBPeriphClockCmd</STRONG> (Thumb, 16 bytes, Stack size 0 bytes, cx32l003_rcc.o(.text), UNUSED)

<P><STRONG><a name="[50]"></a>RCC_PeriphResetCmd</STRONG> (Thumb, 26 bytes, Stack size 0 bytes, cx32l003_rcc.o(.text), UNUSED)
<BR><BR>[Called By]<UL><LI><a href="#[5a]">&gt;&gt;</a>&nbsp;&nbsp;&nbsp;I2C_DeInit
<LI><a href="#[59]">&gt;&gt;</a>&nbsp;&nbsp;&nbsp;GPIO_DeInit
<LI><a href="#[4f]">&gt;&gt;</a>&nbsp;&nbsp;&nbsp;ADC_DeInit
<LI><a href="#[68]">&gt;&gt;</a>&nbsp;&nbsp;&nbsp;TIM_DeInit
<LI><a href="#[67]">&gt;&gt;</a>&nbsp;&nbsp;&nbsp;SYSCTRL_DeInit
<LI><a href="#[66]">&gt;&gt;</a>&nbsp;&nbsp;&nbsp;SPI_DeInit
</UL>

<P><STRONG><a name="[234]"></a>RCC_RTCResetCmd</STRONG> (Thumb, 26 bytes, Stack size 0 bytes, cx32l003_rcc.o(.text), UNUSED)

<P><STRONG><a name="[235]"></a>RCC_ResetCmd</STRONG> (Thumb, 30 bytes, Stack size 8 bytes, cx32l003_rcc.o(.text), UNUSED)

<P><STRONG><a name="[236]"></a>RCC_GetFlagStatus</STRONG> (Thumb, 14 bytes, Stack size 0 bytes, cx32l003_rcc.o(.text), UNUSED)

<P><STRONG><a name="[237]"></a>RCC_SetIoMux</STRONG> (Thumb, 16 bytes, Stack size 0 bytes, cx32l003_rcc.o(.text), UNUSED)

<P><STRONG><a name="[66]"></a>SPI_DeInit</STRONG> (Thumb, 26 bytes, Stack size 8 bytes, cx32l003_spi.o(.text), UNUSED)
<BR><BR>[Calls]<UL><LI><a href="#[50]">&gt;&gt;</a>&nbsp;&nbsp;&nbsp;RCC_PeriphResetCmd
</UL>

<P><STRONG><a name="[143]"></a>SPI_Init</STRONG> (Thumb, 18 bytes, Stack size 0 bytes, cx32l003_spi.o(.text), UNUSED)
<BR><BR>[Called By]<UL><LI><a href="#[142]">&gt;&gt;</a>&nbsp;&nbsp;&nbsp;userSpiInit
</UL>

<P><STRONG><a name="[238]"></a>SPI_StructInit</STRONG> (Thumb, 12 bytes, Stack size 0 bytes, cx32l003_spi.o(.text), UNUSED)

<P><STRONG><a name="[144]"></a>SPI_Cmd</STRONG> (Thumb, 18 bytes, Stack size 0 bytes, cx32l003_spi.o(.text))
<BR><BR>[Called By]<UL><LI><a href="#[145]">&gt;&gt;</a>&nbsp;&nbsp;&nbsp;enableSpi
<LI><a href="#[142]">&gt;&gt;</a>&nbsp;&nbsp;&nbsp;userSpiInit
<LI><a href="#[c2]">&gt;&gt;</a>&nbsp;&nbsp;&nbsp;disableSpi
</UL>

<P><STRONG><a name="[13e]"></a>SPI_SendData</STRONG> (Thumb, 4 bytes, Stack size 0 bytes, cx32l003_spi.o(.text), UNUSED)
<BR><BR>[Called By]<UL><LI><a href="#[13d]">&gt;&gt;</a>&nbsp;&nbsp;&nbsp;SPI_SendByte
</UL>

<P><STRONG><a name="[239]"></a>SPI_ReceiveData</STRONG> (Thumb, 6 bytes, Stack size 0 bytes, cx32l003_spi.o(.text), UNUSED)

<P><STRONG><a name="[140]"></a>SPI_SSOutputCmd</STRONG> (Thumb, 18 bytes, Stack size 0 bytes, cx32l003_spi.o(.text), UNUSED)
<BR><BR>[Called By]<UL><LI><a href="#[141]">&gt;&gt;</a>&nbsp;&nbsp;&nbsp;spiIoInit
<LI><a href="#[13f]">&gt;&gt;</a>&nbsp;&nbsp;&nbsp;WriteData
</UL>

<P><STRONG><a name="[23a]"></a>SPI_GetFlagStatus</STRONG> (Thumb, 14 bytes, Stack size 0 bytes, cx32l003_spi.o(.text), UNUSED)

<P><STRONG><a name="[67]"></a>SYSCTRL_DeInit</STRONG> (Thumb, 26 bytes, Stack size 8 bytes, cx32l003_syscon.o(.text), UNUSED)
<BR><BR>[Calls]<UL><LI><a href="#[50]">&gt;&gt;</a>&nbsp;&nbsp;&nbsp;RCC_PeriphResetCmd
</UL>

<P><STRONG><a name="[23b]"></a>SYSCTRL_CortexM0LockUpCmd</STRONG> (Thumb, 30 bytes, Stack size 0 bytes, cx32l003_syscon.o(.text), UNUSED)

<P><STRONG><a name="[23c]"></a>SYSCTRL_DeepsleepPortITCmd</STRONG> (Thumb, 22 bytes, Stack size 0 bytes, cx32l003_syscon.o(.text), UNUSED)

<P><STRONG><a name="[23d]"></a>SYSCTRL_ActiveSleepPortITCmd</STRONG> (Thumb, 24 bytes, Stack size 0 bytes, cx32l003_syscon.o(.text), UNUSED)

<P><STRONG><a name="[23e]"></a>SYSCTRL_SPICSConfig</STRONG> (Thumb, 16 bytes, Stack size 0 bytes, cx32l003_syscon.o(.text), UNUSED)

<P><STRONG><a name="[23f]"></a>SYSCTRL_TIM10_GateConfig</STRONG> (Thumb, 16 bytes, Stack size 0 bytes, cx32l003_syscon.o(.text), UNUSED)

<P><STRONG><a name="[240]"></a>SYSCTRL_TIM11_GateConfig</STRONG> (Thumb, 16 bytes, Stack size 0 bytes, cx32l003_syscon.o(.text), UNUSED)

<P><STRONG><a name="[96]"></a>SYSCTRL_IPTIM_GateConfig</STRONG> (Thumb, 18 bytes, Stack size 0 bytes, cx32l003_syscon.o(.text), UNUSED)
<BR><BR>[Called By]<UL><LI><a href="#[94]">&gt;&gt;</a>&nbsp;&nbsp;&nbsp;TEST_SETLPTIMERGATE
</UL>

<P><STRONG><a name="[241]"></a>SYSCTRL_PCACapMuxConfig</STRONG> (Thumb, 24 bytes, Stack size 8 bytes, cx32l003_syscon.o(.text), UNUSED)

<P><STRONG><a name="[242]"></a>SYSCTRL_TIM1_InputSignalConfig</STRONG> (Thumb, 24 bytes, Stack size 8 bytes, cx32l003_syscon.o(.text), UNUSED)

<P><STRONG><a name="[243]"></a>SYSCTRL_TIM1_ETRSignalConfig</STRONG> (Thumb, 18 bytes, Stack size 0 bytes, cx32l003_syscon.o(.text), UNUSED)

<P><STRONG><a name="[244]"></a>SYSCTRL_TIM1_SetBreakSTM</STRONG> (Thumb, 18 bytes, Stack size 0 bytes, cx32l003_syscon.o(.text), UNUSED)

<P><STRONG><a name="[245]"></a>SYSCTRL_TIM1_SetBreakZERO</STRONG> (Thumb, 12 bytes, Stack size 0 bytes, cx32l003_syscon.o(.text), UNUSED)

<P><STRONG><a name="[246]"></a>SYSCTRL_TIM2_InputSignalConfig</STRONG> (Thumb, 24 bytes, Stack size 8 bytes, cx32l003_syscon.o(.text), UNUSED)

<P><STRONG><a name="[247]"></a>SYSCTRL_TIM2_ETRSignalConfig</STRONG> (Thumb, 18 bytes, Stack size 0 bytes, cx32l003_syscon.o(.text), UNUSED)

<P><STRONG><a name="[248]"></a>SYSCTRL_LPUART_CLKConfig</STRONG> (Thumb, 28 bytes, Stack size 0 bytes, cx32l003_syscon.o(.text), UNUSED)

<P><STRONG><a name="[249]"></a>SYSCTRL_LPUART_CLKCmd</STRONG> (Thumb, 34 bytes, Stack size 0 bytes, cx32l003_syscon.o(.text), UNUSED)

<P><STRONG><a name="[68]"></a>TIM_DeInit</STRONG> (Thumb, 38 bytes, Stack size 8 bytes, cx32l003_timer.o(.text), UNUSED)
<BR><BR>[Calls]<UL><LI><a href="#[50]">&gt;&gt;</a>&nbsp;&nbsp;&nbsp;RCC_PeriphResetCmd
</UL>

<P><STRONG><a name="[78]"></a>TIM_TimeBaseInit</STRONG> (Thumb, 40 bytes, Stack size 12 bytes, cx32l003_timer.o(.text))
<BR><BR>[Stack]<UL><LI>Max Depth = 12<LI>Call Chain = TIM_TimeBaseInit
</UL>
<BR>[Called By]<UL><LI><a href="#[77]">&gt;&gt;</a>&nbsp;&nbsp;&nbsp;BASIC_TIM_Mode_Config
</UL>

<P><STRONG><a name="[24a]"></a>TIM_StructInit</STRONG> (Thumb, 30 bytes, Stack size 0 bytes, cx32l003_timer.o(.text), UNUSED)

<P><STRONG><a name="[7e]"></a>TIM_Cmd</STRONG> (Thumb, 18 bytes, Stack size 0 bytes, cx32l003_timer.o(.text))
<BR><BR>[Called By]<UL><LI><a href="#[77]">&gt;&gt;</a>&nbsp;&nbsp;&nbsp;BASIC_TIM_Mode_Config
</UL>

<P><STRONG><a name="[24b]"></a>TIM_TogCmd</STRONG> (Thumb, 20 bytes, Stack size 0 bytes, cx32l003_timer.o(.text), UNUSED)

<P><STRONG><a name="[7d]"></a>TIM_ITConfig</STRONG> (Thumb, 18 bytes, Stack size 0 bytes, cx32l003_timer.o(.text))
<BR><BR>[Called By]<UL><LI><a href="#[77]">&gt;&gt;</a>&nbsp;&nbsp;&nbsp;BASIC_TIM_Mode_Config
</UL>

<P><STRONG><a name="[24c]"></a>TIM_CounterModeConfig</STRONG> (Thumb, 18 bytes, Stack size 0 bytes, cx32l003_timer.o(.text), UNUSED)

<P><STRONG><a name="[24d]"></a>TIM_SelectGatePolarity</STRONG> (Thumb, 20 bytes, Stack size 0 bytes, cx32l003_timer.o(.text), UNUSED)

<P><STRONG><a name="[24e]"></a>TIM_SetClockDivision</STRONG> (Thumb, 16 bytes, Stack size 0 bytes, cx32l003_timer.o(.text), UNUSED)

<P><STRONG><a name="[24f]"></a>TIM_GetPrescaler</STRONG> (Thumb, 8 bytes, Stack size 0 bytes, cx32l003_timer.o(.text), UNUSED)

<P><STRONG><a name="[79]"></a>TIM_SetTimerLoadRegister</STRONG> (Thumb, 6 bytes, Stack size 0 bytes, cx32l003_timer.o(.text))
<BR><BR>[Called By]<UL><LI><a href="#[77]">&gt;&gt;</a>&nbsp;&nbsp;&nbsp;BASIC_TIM_Mode_Config
</UL>

<P><STRONG><a name="[250]"></a>TIM_GetTimerLoadRegister</STRONG> (Thumb, 4 bytes, Stack size 0 bytes, cx32l003_timer.o(.text), UNUSED)

<P><STRONG><a name="[251]"></a>TIM_SetCountRegister</STRONG> (Thumb, 4 bytes, Stack size 0 bytes, cx32l003_timer.o(.text), UNUSED)

<P><STRONG><a name="[1a7]"></a>TIM_GetCountRegister</STRONG> (Thumb, 4 bytes, Stack size 0 bytes, cx32l003_timer.o(.text))
<BR><BR>[Called By]<UL><LI><a href="#[18a]">&gt;&gt;</a>&nbsp;&nbsp;&nbsp;randomUint8
</UL>

<P><STRONG><a name="[252]"></a>TIM_GetITSourceFlagStatus</STRONG> (Thumb, 14 bytes, Stack size 0 bytes, cx32l003_timer.o(.text), UNUSED)

<P><STRONG><a name="[253]"></a>TIM_GetITShieldFlagStatus</STRONG> (Thumb, 14 bytes, Stack size 0 bytes, cx32l003_timer.o(.text), UNUSED)

<P><STRONG><a name="[7f]"></a>TIM_ClearITFlag</STRONG> (Thumb, 8 bytes, Stack size 0 bytes, cx32l003_timer.o(.text))
<BR><BR>[Called By]<UL><LI><a href="#[1f]">&gt;&gt;</a>&nbsp;&nbsp;&nbsp;TIMER10_IRQHandler
</UL>

<P><STRONG><a name="[7a]"></a>NVIC_PriorityGroupConfig</STRONG> (Thumb, 10 bytes, Stack size 0 bytes, misc.o(.text))
<BR><BR>[Called By]<UL><LI><a href="#[97]">&gt;&gt;</a>&nbsp;&nbsp;&nbsp;LPTIMER_Config
<LI><a href="#[80]">&gt;&gt;</a>&nbsp;&nbsp;&nbsp;EXTI_Key_Config
<LI><a href="#[77]">&gt;&gt;</a>&nbsp;&nbsp;&nbsp;BASIC_TIM_Mode_Config
<LI><a href="#[166]">&gt;&gt;</a>&nbsp;&nbsp;&nbsp;IIC_Init
<LI><a href="#[142]">&gt;&gt;</a>&nbsp;&nbsp;&nbsp;userSpiInit
<LI><a href="#[123]">&gt;&gt;</a>&nbsp;&nbsp;&nbsp;AWK_Config
<LI><a href="#[111]">&gt;&gt;</a>&nbsp;&nbsp;&nbsp;ADC_NVIC_Config
</UL>

<P><STRONG><a name="[7b]"></a>NVIC_Init</STRONG> (Thumb, 88 bytes, Stack size 16 bytes, misc.o(.text))
<BR><BR>[Stack]<UL><LI>Max Depth = 16<LI>Call Chain = NVIC_Init
</UL>
<BR>[Called By]<UL><LI><a href="#[97]">&gt;&gt;</a>&nbsp;&nbsp;&nbsp;LPTIMER_Config
<LI><a href="#[80]">&gt;&gt;</a>&nbsp;&nbsp;&nbsp;EXTI_Key_Config
<LI><a href="#[77]">&gt;&gt;</a>&nbsp;&nbsp;&nbsp;BASIC_TIM_Mode_Config
<LI><a href="#[166]">&gt;&gt;</a>&nbsp;&nbsp;&nbsp;IIC_Init
<LI><a href="#[142]">&gt;&gt;</a>&nbsp;&nbsp;&nbsp;userSpiInit
<LI><a href="#[123]">&gt;&gt;</a>&nbsp;&nbsp;&nbsp;AWK_Config
<LI><a href="#[111]">&gt;&gt;</a>&nbsp;&nbsp;&nbsp;ADC_NVIC_Config
</UL>

<P><STRONG><a name="[254]"></a>NVIC_SetVectorTable</STRONG> (Thumb, 2 bytes, Stack size 0 bytes, misc.o(.text), UNUSED)

<P><STRONG><a name="[255]"></a>NVIC_SystemLPConfig</STRONG> (Thumb, 18 bytes, Stack size 0 bytes, misc.o(.text), UNUSED)

<P><STRONG><a name="[256]"></a>SysTick_CLKSourceConfig</STRONG> (Thumb, 20 bytes, Stack size 0 bytes, misc.o(.text), UNUSED)

<P><STRONG><a name="[257]"></a>ADVTIM_DeInit</STRONG> (Thumb, 2 bytes, Stack size 0 bytes, cx32l003_advtim.o(.text), UNUSED)

<P><STRONG><a name="[176]"></a>ADVTIM_TimeBaseInit</STRONG> (Thumb, 70 bytes, Stack size 12 bytes, cx32l003_advtim.o(.text))
<BR><BR>[Stack]<UL><LI>Max Depth = 12<LI>Call Chain = ADVTIM_TimeBaseInit
</UL>
<BR>[Called By]<UL><LI><a href="#[aa]">&gt;&gt;</a>&nbsp;&nbsp;&nbsp;ADVTIM_PWMMODE_Config
</UL>

<P><STRONG><a name="[177]"></a>ADVTIM_OC1Init</STRONG> (Thumb, 98 bytes, Stack size 12 bytes, cx32l003_advtim.o(.text))
<BR><BR>[Stack]<UL><LI>Max Depth = 12<LI>Call Chain = ADVTIM_OC1Init
</UL>
<BR>[Called By]<UL><LI><a href="#[aa]">&gt;&gt;</a>&nbsp;&nbsp;&nbsp;ADVTIM_PWMMODE_Config
</UL>

<P><STRONG><a name="[178]"></a>ADVTIM_OC2Init</STRONG> (Thumb, 124 bytes, Stack size 16 bytes, cx32l003_advtim.o(.text))
<BR><BR>[Stack]<UL><LI>Max Depth = 16<LI>Call Chain = ADVTIM_OC2Init
</UL>
<BR>[Called By]<UL><LI><a href="#[aa]">&gt;&gt;</a>&nbsp;&nbsp;&nbsp;ADVTIM_PWMMODE_Config
</UL>

<P><STRONG><a name="[179]"></a>ADVTIM_OC3Init</STRONG> (Thumb, 124 bytes, Stack size 12 bytes, cx32l003_advtim.o(.text))
<BR><BR>[Stack]<UL><LI>Max Depth = 12<LI>Call Chain = ADVTIM_OC3Init
</UL>
<BR>[Called By]<UL><LI><a href="#[aa]">&gt;&gt;</a>&nbsp;&nbsp;&nbsp;ADVTIM_PWMMODE_Config
</UL>

<P><STRONG><a name="[17a]"></a>ADVTIM_OC4Init</STRONG> (Thumb, 90 bytes, Stack size 12 bytes, cx32l003_advtim.o(.text))
<BR><BR>[Stack]<UL><LI>Max Depth = 12<LI>Call Chain = ADVTIM_OC4Init
</UL>
<BR>[Called By]<UL><LI><a href="#[aa]">&gt;&gt;</a>&nbsp;&nbsp;&nbsp;ADVTIM_PWMMODE_Config
</UL>

<P><STRONG><a name="[6f]"></a>ADVTIM_SetIC4Prescaler</STRONG> (Thumb, 20 bytes, Stack size 0 bytes, cx32l003_advtim.o(.text), UNUSED)
<BR><BR>[Called By]<UL><LI><a href="#[69]">&gt;&gt;</a>&nbsp;&nbsp;&nbsp;ADVTIM_ICInit
</UL>

<P><STRONG><a name="[6e]"></a>ADVTIM_SetIC3Prescaler</STRONG> (Thumb, 18 bytes, Stack size 0 bytes, cx32l003_advtim.o(.text), UNUSED)
<BR><BR>[Called By]<UL><LI><a href="#[69]">&gt;&gt;</a>&nbsp;&nbsp;&nbsp;ADVTIM_ICInit
</UL>

<P><STRONG><a name="[6d]"></a>ADVTIM_SetIC2Prescaler</STRONG> (Thumb, 20 bytes, Stack size 0 bytes, cx32l003_advtim.o(.text), UNUSED)
<BR><BR>[Called By]<UL><LI><a href="#[70]">&gt;&gt;</a>&nbsp;&nbsp;&nbsp;ADVTIM_PWMIConfig
<LI><a href="#[69]">&gt;&gt;</a>&nbsp;&nbsp;&nbsp;ADVTIM_ICInit
</UL>

<P><STRONG><a name="[6b]"></a>ADVTIM_SetIC1Prescaler</STRONG> (Thumb, 18 bytes, Stack size 0 bytes, cx32l003_advtim.o(.text), UNUSED)
<BR><BR>[Called By]<UL><LI><a href="#[70]">&gt;&gt;</a>&nbsp;&nbsp;&nbsp;ADVTIM_PWMIConfig
<LI><a href="#[69]">&gt;&gt;</a>&nbsp;&nbsp;&nbsp;ADVTIM_ICInit
</UL>

<P><STRONG><a name="[69]"></a>ADVTIM_ICInit</STRONG> (Thumb, 228 bytes, Stack size 24 bytes, cx32l003_advtim.o(.text), UNUSED)
<BR><BR>[Calls]<UL><LI><a href="#[6b]">&gt;&gt;</a>&nbsp;&nbsp;&nbsp;ADVTIM_SetIC1Prescaler
<LI><a href="#[6d]">&gt;&gt;</a>&nbsp;&nbsp;&nbsp;ADVTIM_SetIC2Prescaler
<LI><a href="#[6e]">&gt;&gt;</a>&nbsp;&nbsp;&nbsp;ADVTIM_SetIC3Prescaler
<LI><a href="#[6f]">&gt;&gt;</a>&nbsp;&nbsp;&nbsp;ADVTIM_SetIC4Prescaler
<LI><a href="#[6a]">&gt;&gt;</a>&nbsp;&nbsp;&nbsp;TI1_Config
<LI><a href="#[6c]">&gt;&gt;</a>&nbsp;&nbsp;&nbsp;TI2_Config
</UL>

<P><STRONG><a name="[70]"></a>ADVTIM_PWMIConfig</STRONG> (Thumb, 168 bytes, Stack size 24 bytes, cx32l003_advtim.o(.text), UNUSED)
<BR><BR>[Calls]<UL><LI><a href="#[6b]">&gt;&gt;</a>&nbsp;&nbsp;&nbsp;ADVTIM_SetIC1Prescaler
<LI><a href="#[6d]">&gt;&gt;</a>&nbsp;&nbsp;&nbsp;ADVTIM_SetIC2Prescaler
<LI><a href="#[6a]">&gt;&gt;</a>&nbsp;&nbsp;&nbsp;TI1_Config
<LI><a href="#[6c]">&gt;&gt;</a>&nbsp;&nbsp;&nbsp;TI2_Config
</UL>

<P><STRONG><a name="[258]"></a>ADVTIM_BDTRConfig</STRONG> (Thumb, 32 bytes, Stack size 8 bytes, cx32l003_advtim.o(.text), UNUSED)

<P><STRONG><a name="[259]"></a>ADVTIM_TimeBaseStructInit</STRONG> (Thumb, 18 bytes, Stack size 0 bytes, cx32l003_advtim.o(.text), UNUSED)

<P><STRONG><a name="[25a]"></a>ADVTIM_OCStructInit</STRONG> (Thumb, 20 bytes, Stack size 0 bytes, cx32l003_advtim.o(.text), UNUSED)

<P><STRONG><a name="[25b]"></a>ADVTIM_ICStructInit</STRONG> (Thumb, 16 bytes, Stack size 0 bytes, cx32l003_advtim.o(.text), UNUSED)

<P><STRONG><a name="[25c]"></a>ADVTIM_BDTRStructInit</STRONG> (Thumb, 18 bytes, Stack size 0 bytes, cx32l003_advtim.o(.text), UNUSED)

<P><STRONG><a name="[17b]"></a>ADVTIM_Cmd</STRONG> (Thumb, 20 bytes, Stack size 0 bytes, cx32l003_advtim.o(.text))
<BR><BR>[Called By]<UL><LI><a href="#[aa]">&gt;&gt;</a>&nbsp;&nbsp;&nbsp;ADVTIM_PWMMODE_Config
</UL>

<P><STRONG><a name="[17c]"></a>ADVTIM_CtrlPWMOutputs</STRONG> (Thumb, 22 bytes, Stack size 0 bytes, cx32l003_advtim.o(.text))
<BR><BR>[Called By]<UL><LI><a href="#[aa]">&gt;&gt;</a>&nbsp;&nbsp;&nbsp;ADVTIM_PWMMODE_Config
</UL>

<P><STRONG><a name="[25d]"></a>ADVTIM_ITConfig</STRONG> (Thumb, 20 bytes, Stack size 0 bytes, cx32l003_advtim.o(.text), UNUSED)

<P><STRONG><a name="[25e]"></a>ADVTIM_GenerateEvent</STRONG> (Thumb, 4 bytes, Stack size 0 bytes, cx32l003_advtim.o(.text), UNUSED)

<P><STRONG><a name="[25f]"></a>ADVTIM_DMAConfig</STRONG> (Thumb, 6 bytes, Stack size 0 bytes, cx32l003_advtim.o(.text), UNUSED)

<P><STRONG><a name="[260]"></a>ADVTIM_DMACmd</STRONG> (Thumb, 20 bytes, Stack size 0 bytes, cx32l003_advtim.o(.text), UNUSED)

<P><STRONG><a name="[261]"></a>ADVTIM_InternalClockConfig</STRONG> (Thumb, 12 bytes, Stack size 0 bytes, cx32l003_advtim.o(.text), UNUSED)

<P><STRONG><a name="[72]"></a>ADVTIM_SelectInputTrigger</STRONG> (Thumb, 14 bytes, Stack size 0 bytes, cx32l003_advtim.o(.text), UNUSED)
<BR><BR>[Called By]<UL><LI><a href="#[73]">&gt;&gt;</a>&nbsp;&nbsp;&nbsp;ADVTIM_TIxExternalClockConfig
<LI><a href="#[71]">&gt;&gt;</a>&nbsp;&nbsp;&nbsp;ADVTIM_ITRxExternalClockConfig
</UL>

<P><STRONG><a name="[71]"></a>ADVTIM_ITRxExternalClockConfig</STRONG> (Thumb, 18 bytes, Stack size 8 bytes, cx32l003_advtim.o(.text), UNUSED)
<BR><BR>[Calls]<UL><LI><a href="#[72]">&gt;&gt;</a>&nbsp;&nbsp;&nbsp;ADVTIM_SelectInputTrigger
</UL>

<P><STRONG><a name="[73]"></a>ADVTIM_TIxExternalClockConfig</STRONG> (Thumb, 48 bytes, Stack size 16 bytes, cx32l003_advtim.o(.text), UNUSED)
<BR><BR>[Calls]<UL><LI><a href="#[72]">&gt;&gt;</a>&nbsp;&nbsp;&nbsp;ADVTIM_SelectInputTrigger
<LI><a href="#[6a]">&gt;&gt;</a>&nbsp;&nbsp;&nbsp;TI1_Config
<LI><a href="#[6c]">&gt;&gt;</a>&nbsp;&nbsp;&nbsp;TI2_Config
</UL>

<P><STRONG><a name="[75]"></a>ADVTIM_ETRConfig</STRONG> (Thumb, 20 bytes, Stack size 8 bytes, cx32l003_advtim.o(.text), UNUSED)
<BR><BR>[Called By]<UL><LI><a href="#[76]">&gt;&gt;</a>&nbsp;&nbsp;&nbsp;ADVTIM_ETRClockMode2Config
<LI><a href="#[74]">&gt;&gt;</a>&nbsp;&nbsp;&nbsp;ADVTIM_ETRClockMode1Config
</UL>

<P><STRONG><a name="[74]"></a>ADVTIM_ETRClockMode1Config</STRONG> (Thumb, 30 bytes, Stack size 8 bytes, cx32l003_advtim.o(.text), UNUSED)
<BR><BR>[Calls]<UL><LI><a href="#[75]">&gt;&gt;</a>&nbsp;&nbsp;&nbsp;ADVTIM_ETRConfig
</UL>

<P><STRONG><a name="[76]"></a>ADVTIM_ETRClockMode2Config</STRONG> (Thumb, 20 bytes, Stack size 8 bytes, cx32l003_advtim.o(.text), UNUSED)
<BR><BR>[Calls]<UL><LI><a href="#[75]">&gt;&gt;</a>&nbsp;&nbsp;&nbsp;ADVTIM_ETRConfig
</UL>

<P><STRONG><a name="[262]"></a>ADVTIM_PrescalerConfig</STRONG> (Thumb, 6 bytes, Stack size 0 bytes, cx32l003_advtim.o(.text), UNUSED)

<P><STRONG><a name="[263]"></a>ADVTIM_CounterModeConfig</STRONG> (Thumb, 14 bytes, Stack size 0 bytes, cx32l003_advtim.o(.text), UNUSED)

<P><STRONG><a name="[264]"></a>ADVTIM_EncoderInterfaceConfig</STRONG> (Thumb, 50 bytes, Stack size 16 bytes, cx32l003_advtim.o(.text), UNUSED)

<P><STRONG><a name="[265]"></a>ADVTIM_ForcedOC1Config</STRONG> (Thumb, 14 bytes, Stack size 0 bytes, cx32l003_advtim.o(.text), UNUSED)

<P><STRONG><a name="[266]"></a>ADVTIM_ForcedOC2Config</STRONG> (Thumb, 18 bytes, Stack size 0 bytes, cx32l003_advtim.o(.text), UNUSED)

<P><STRONG><a name="[267]"></a>ADVTIM_ForcedOC3Config</STRONG> (Thumb, 14 bytes, Stack size 0 bytes, cx32l003_advtim.o(.text), UNUSED)

<P><STRONG><a name="[268]"></a>ADVTIM_ForcedOC4Config</STRONG> (Thumb, 18 bytes, Stack size 0 bytes, cx32l003_advtim.o(.text), UNUSED)

<P><STRONG><a name="[269]"></a>ADVTIM_ARRPreloadConfig</STRONG> (Thumb, 22 bytes, Stack size 0 bytes, cx32l003_advtim.o(.text), UNUSED)

<P><STRONG><a name="[26a]"></a>ADVTIM_SelectCOM</STRONG> (Thumb, 22 bytes, Stack size 0 bytes, cx32l003_advtim.o(.text), UNUSED)

<P><STRONG><a name="[26b]"></a>ADVTIM_SelectCCDMA</STRONG> (Thumb, 22 bytes, Stack size 0 bytes, cx32l003_advtim.o(.text), UNUSED)

<P><STRONG><a name="[26c]"></a>ADVTIM_CCPreloadControl</STRONG> (Thumb, 20 bytes, Stack size 0 bytes, cx32l003_advtim.o(.text), UNUSED)

<P><STRONG><a name="[26d]"></a>ADVTIM_OC1PreloadConfig</STRONG> (Thumb, 14 bytes, Stack size 0 bytes, cx32l003_advtim.o(.text), UNUSED)

<P><STRONG><a name="[26e]"></a>ADVTIM_OC2PreloadConfig</STRONG> (Thumb, 18 bytes, Stack size 0 bytes, cx32l003_advtim.o(.text), UNUSED)

<P><STRONG><a name="[26f]"></a>ADVTIM_OC3PreloadConfig</STRONG> (Thumb, 14 bytes, Stack size 0 bytes, cx32l003_advtim.o(.text), UNUSED)

<P><STRONG><a name="[270]"></a>ADVTIM_OC4PreloadConfig</STRONG> (Thumb, 18 bytes, Stack size 0 bytes, cx32l003_advtim.o(.text), UNUSED)

<P><STRONG><a name="[271]"></a>ADVTIM_OC1FastConfig</STRONG> (Thumb, 14 bytes, Stack size 0 bytes, cx32l003_advtim.o(.text), UNUSED)

<P><STRONG><a name="[272]"></a>ADVTIM_OC2FastConfig</STRONG> (Thumb, 20 bytes, Stack size 0 bytes, cx32l003_advtim.o(.text), UNUSED)

<P><STRONG><a name="[273]"></a>ADVTIM_OC3FastConfig</STRONG> (Thumb, 14 bytes, Stack size 0 bytes, cx32l003_advtim.o(.text), UNUSED)

<P><STRONG><a name="[274]"></a>ADVTIM_OC4FastConfig</STRONG> (Thumb, 20 bytes, Stack size 0 bytes, cx32l003_advtim.o(.text), UNUSED)

<P><STRONG><a name="[275]"></a>ADVTIM_ClearOC1Ref</STRONG> (Thumb, 14 bytes, Stack size 0 bytes, cx32l003_advtim.o(.text), UNUSED)

<P><STRONG><a name="[276]"></a>ADVTIM_ClearOC2Ref</STRONG> (Thumb, 16 bytes, Stack size 0 bytes, cx32l003_advtim.o(.text), UNUSED)

<P><STRONG><a name="[277]"></a>ADVTIM_ClearOC3Ref</STRONG> (Thumb, 14 bytes, Stack size 0 bytes, cx32l003_advtim.o(.text), UNUSED)

<P><STRONG><a name="[278]"></a>ADVTIM_ClearOC4Ref</STRONG> (Thumb, 16 bytes, Stack size 0 bytes, cx32l003_advtim.o(.text), UNUSED)

<P><STRONG><a name="[279]"></a>ADVTIM_OC1PolarityConfig</STRONG> (Thumb, 14 bytes, Stack size 0 bytes, cx32l003_advtim.o(.text), UNUSED)

<P><STRONG><a name="[27a]"></a>ADVTIM_OC1NPolarityConfig</STRONG> (Thumb, 14 bytes, Stack size 0 bytes, cx32l003_advtim.o(.text), UNUSED)

<P><STRONG><a name="[27b]"></a>ADVTIM_OC2PolarityConfig</STRONG> (Thumb, 18 bytes, Stack size 0 bytes, cx32l003_advtim.o(.text), UNUSED)

<P><STRONG><a name="[27c]"></a>ADVTIM_OC2NPolarityConfig</STRONG> (Thumb, 18 bytes, Stack size 0 bytes, cx32l003_advtim.o(.text), UNUSED)

<P><STRONG><a name="[27d]"></a>ADVTIM_OC3PolarityConfig</STRONG> (Thumb, 18 bytes, Stack size 0 bytes, cx32l003_advtim.o(.text), UNUSED)

<P><STRONG><a name="[27e]"></a>ADVTIM_OC3NPolarityConfig</STRONG> (Thumb, 18 bytes, Stack size 0 bytes, cx32l003_advtim.o(.text), UNUSED)

<P><STRONG><a name="[27f]"></a>ADVTIM_OC4PolarityConfig</STRONG> (Thumb, 18 bytes, Stack size 0 bytes, cx32l003_advtim.o(.text), UNUSED)

<P><STRONG><a name="[280]"></a>ADVTIM_CCxCmd</STRONG> (Thumb, 28 bytes, Stack size 8 bytes, cx32l003_advtim.o(.text), UNUSED)

<P><STRONG><a name="[281]"></a>ADVTIM_CCxNCmd</STRONG> (Thumb, 28 bytes, Stack size 8 bytes, cx32l003_advtim.o(.text), UNUSED)

<P><STRONG><a name="[282]"></a>ADVTIM_SelectOCxM</STRONG> (Thumb, 74 bytes, Stack size 12 bytes, cx32l003_advtim.o(.text), UNUSED)

<P><STRONG><a name="[283]"></a>ADVTIM_UpdateDisableConfig</STRONG> (Thumb, 22 bytes, Stack size 0 bytes, cx32l003_advtim.o(.text), UNUSED)

<P><STRONG><a name="[284]"></a>ADVTIM_UpdateRequestConfig</STRONG> (Thumb, 22 bytes, Stack size 0 bytes, cx32l003_advtim.o(.text), UNUSED)

<P><STRONG><a name="[285]"></a>ADVTIM_SelectHallSensor</STRONG> (Thumb, 22 bytes, Stack size 0 bytes, cx32l003_advtim.o(.text), UNUSED)

<P><STRONG><a name="[286]"></a>ADVTIM_SelectOnePulseMode</STRONG> (Thumb, 42 bytes, Stack size 0 bytes, cx32l003_advtim.o(.text), UNUSED)

<P><STRONG><a name="[287]"></a>ADVTIM_SelectOutputTrigger</STRONG> (Thumb, 16 bytes, Stack size 0 bytes, cx32l003_advtim.o(.text), UNUSED)

<P><STRONG><a name="[288]"></a>ADVTIM_SelectSlaveMode</STRONG> (Thumb, 18 bytes, Stack size 0 bytes, cx32l003_advtim.o(.text), UNUSED)

<P><STRONG><a name="[289]"></a>ADVTIM_SelectMasterSlaveMode</STRONG> (Thumb, 18 bytes, Stack size 0 bytes, cx32l003_advtim.o(.text), UNUSED)

<P><STRONG><a name="[28a]"></a>ADVTIM_SetCounter</STRONG> (Thumb, 4 bytes, Stack size 0 bytes, cx32l003_advtim.o(.text), UNUSED)

<P><STRONG><a name="[28b]"></a>ADVTIM_SetAutoreload</STRONG> (Thumb, 4 bytes, Stack size 0 bytes, cx32l003_advtim.o(.text), UNUSED)

<P><STRONG><a name="[28c]"></a>ADVTIM_SetCompare1</STRONG> (Thumb, 4 bytes, Stack size 0 bytes, cx32l003_advtim.o(.text), UNUSED)

<P><STRONG><a name="[28d]"></a>ADVTIM_SetCompare2</STRONG> (Thumb, 4 bytes, Stack size 0 bytes, cx32l003_advtim.o(.text), UNUSED)

<P><STRONG><a name="[28e]"></a>ADVTIM_SetCompare3</STRONG> (Thumb, 4 bytes, Stack size 0 bytes, cx32l003_advtim.o(.text), UNUSED)

<P><STRONG><a name="[28f]"></a>ADVTIM_SetCompare4</STRONG> (Thumb, 4 bytes, Stack size 0 bytes, cx32l003_advtim.o(.text), UNUSED)

<P><STRONG><a name="[290]"></a>ADVTIM_SetClockDivision</STRONG> (Thumb, 16 bytes, Stack size 0 bytes, cx32l003_advtim.o(.text), UNUSED)

<P><STRONG><a name="[291]"></a>ADVTIM_GetCapture1</STRONG> (Thumb, 6 bytes, Stack size 0 bytes, cx32l003_advtim.o(.text), UNUSED)

<P><STRONG><a name="[292]"></a>ADVTIM_GetCapture2</STRONG> (Thumb, 6 bytes, Stack size 0 bytes, cx32l003_advtim.o(.text), UNUSED)

<P><STRONG><a name="[293]"></a>ADVTIM_GetCapture3</STRONG> (Thumb, 6 bytes, Stack size 0 bytes, cx32l003_advtim.o(.text), UNUSED)

<P><STRONG><a name="[294]"></a>ADVTIM_GetCapture4</STRONG> (Thumb, 6 bytes, Stack size 0 bytes, cx32l003_advtim.o(.text), UNUSED)

<P><STRONG><a name="[295]"></a>ADVTIM_GetCounter</STRONG> (Thumb, 6 bytes, Stack size 0 bytes, cx32l003_advtim.o(.text), UNUSED)

<P><STRONG><a name="[296]"></a>ADVTIM_GetPrescaler</STRONG> (Thumb, 6 bytes, Stack size 0 bytes, cx32l003_advtim.o(.text), UNUSED)

<P><STRONG><a name="[297]"></a>ADVTIM_GetFlagStatus</STRONG> (Thumb, 14 bytes, Stack size 0 bytes, cx32l003_advtim.o(.text), UNUSED)

<P><STRONG><a name="[298]"></a>ADVTIM_ClearFlag</STRONG> (Thumb, 8 bytes, Stack size 0 bytes, cx32l003_advtim.o(.text), UNUSED)

<P><STRONG><a name="[299]"></a>ADVTIM_GetITStatus</STRONG> (Thumb, 24 bytes, Stack size 0 bytes, cx32l003_advtim.o(.text), UNUSED)

<P><STRONG><a name="[29a]"></a>ADVTIM_ClearITPendingBit</STRONG> (Thumb, 8 bytes, Stack size 0 bytes, cx32l003_advtim.o(.text), UNUSED)

<P><STRONG><a name="[77]"></a>BASIC_TIM_Mode_Config</STRONG> (Thumb, 138 bytes, Stack size 48 bytes, user_basetime.o(.text))
<BR><BR>[Stack]<UL><LI>Max Depth = 64<LI>Call Chain = BASIC_TIM_Mode_Config &rArr; NVIC_Init
</UL>
<BR>[Calls]<UL><LI><a href="#[7c]">&gt;&gt;</a>&nbsp;&nbsp;&nbsp;userNVICPrioirySetting
<LI><a href="#[7b]">&gt;&gt;</a>&nbsp;&nbsp;&nbsp;NVIC_Init
<LI><a href="#[7a]">&gt;&gt;</a>&nbsp;&nbsp;&nbsp;NVIC_PriorityGroupConfig
<LI><a href="#[79]">&gt;&gt;</a>&nbsp;&nbsp;&nbsp;TIM_SetTimerLoadRegister
<LI><a href="#[7d]">&gt;&gt;</a>&nbsp;&nbsp;&nbsp;TIM_ITConfig
<LI><a href="#[7e]">&gt;&gt;</a>&nbsp;&nbsp;&nbsp;TIM_Cmd
<LI><a href="#[78]">&gt;&gt;</a>&nbsp;&nbsp;&nbsp;TIM_TimeBaseInit
</UL>
<BR>[Called By]<UL><LI><a href="#[49]">&gt;&gt;</a>&nbsp;&nbsp;&nbsp;main
</UL>

<P><STRONG><a name="[1f]"></a>TIMER10_IRQHandler</STRONG> (Thumb, 26 bytes, Stack size 8 bytes, user_basetime.o(.text))
<BR><BR>[Stack]<UL><LI>Max Depth = 8<LI>Call Chain = TIMER10_IRQHandler
</UL>
<BR>[Calls]<UL><LI><a href="#[7f]">&gt;&gt;</a>&nbsp;&nbsp;&nbsp;TIM_ClearITFlag
</UL>
<BR>[Address Reference Count : 1]<UL><LI> startup_cx32l003.o(RESET)
</UL>
<P><STRONG><a name="[7c]"></a>userNVICPrioirySetting</STRONG> (Thumb, 52 bytes, Stack size 8 bytes, user_exti.o(.text))
<BR><BR>[Stack]<UL><LI>Max Depth = 8<LI>Call Chain = userNVICPrioirySetting
</UL>
<BR>[Called By]<UL><LI><a href="#[80]">&gt;&gt;</a>&nbsp;&nbsp;&nbsp;EXTI_Key_Config
<LI><a href="#[77]">&gt;&gt;</a>&nbsp;&nbsp;&nbsp;BASIC_TIM_Mode_Config
<LI><a href="#[166]">&gt;&gt;</a>&nbsp;&nbsp;&nbsp;IIC_Init
</UL>

<P><STRONG><a name="[80]"></a>EXTI_Key_Config</STRONG> (Thumb, 126 bytes, Stack size 32 bytes, user_exti.o(.text))
<BR><BR>[Stack]<UL><LI>Max Depth = 48<LI>Call Chain = EXTI_Key_Config &rArr; NVIC_Init
</UL>
<BR>[Calls]<UL><LI><a href="#[81]">&gt;&gt;</a>&nbsp;&nbsp;&nbsp;GPIO_EXTILineConfig
<LI><a href="#[7c]">&gt;&gt;</a>&nbsp;&nbsp;&nbsp;userNVICPrioirySetting
<LI><a href="#[7b]">&gt;&gt;</a>&nbsp;&nbsp;&nbsp;NVIC_Init
<LI><a href="#[7a]">&gt;&gt;</a>&nbsp;&nbsp;&nbsp;NVIC_PriorityGroupConfig
</UL>
<BR>[Called By]<UL><LI><a href="#[49]">&gt;&gt;</a>&nbsp;&nbsp;&nbsp;main
</UL>

<P><STRONG><a name="[14]"></a>GPIOA_IRQHandler</STRONG> (Thumb, 4 bytes, Stack size 0 bytes, user_exti.o(.text))
<BR><BR>[Stack]<UL><LI>Max Depth = 16<LI>Call Chain = GPIOA_IRQHandler &rArr; GPIO_IRQHandler &rArr; entryNormalModeChk
</UL>
<BR>[Calls]<UL><LI><a href="#[82]">&gt;&gt;</a>&nbsp;&nbsp;&nbsp;GPIO_IRQHandler
</UL>
<BR>[Address Reference Count : 1]<UL><LI> startup_cx32l003.o(RESET)
</UL>
<P><STRONG><a name="[15]"></a>GPIOB_IRQHandler</STRONG> (Thumb, 4 bytes, Stack size 0 bytes, user_exti.o(.text))
<BR><BR>[Stack]<UL><LI>Max Depth = 16<LI>Call Chain = GPIOB_IRQHandler &rArr; GPIO_IRQHandler &rArr; entryNormalModeChk
</UL>
<BR>[Calls]<UL><LI><a href="#[82]">&gt;&gt;</a>&nbsp;&nbsp;&nbsp;GPIO_IRQHandler
</UL>
<BR>[Address Reference Count : 1]<UL><LI> startup_cx32l003.o(RESET)
</UL>
<P><STRONG><a name="[16]"></a>GPIOC_IRQHandler</STRONG> (Thumb, 4 bytes, Stack size 0 bytes, user_exti.o(.text))
<BR><BR>[Stack]<UL><LI>Max Depth = 16<LI>Call Chain = GPIOC_IRQHandler &rArr; GPIO_IRQHandler &rArr; entryNormalModeChk
</UL>
<BR>[Calls]<UL><LI><a href="#[82]">&gt;&gt;</a>&nbsp;&nbsp;&nbsp;GPIO_IRQHandler
</UL>
<BR>[Address Reference Count : 1]<UL><LI> startup_cx32l003.o(RESET)
</UL>
<P><STRONG><a name="[17]"></a>GPIOD_IRQHandler</STRONG> (Thumb, 4 bytes, Stack size 0 bytes, user_exti.o(.text))
<BR><BR>[Stack]<UL><LI>Max Depth = 16<LI>Call Chain = GPIOD_IRQHandler &rArr; GPIO_IRQHandler &rArr; entryNormalModeChk
</UL>
<BR>[Calls]<UL><LI><a href="#[82]">&gt;&gt;</a>&nbsp;&nbsp;&nbsp;GPIO_IRQHandler
</UL>
<BR>[Address Reference Count : 1]<UL><LI> startup_cx32l003.o(RESET)
</UL>
<P><STRONG><a name="[29b]"></a>readInternalFlashData</STRONG> (Thumb, 4 bytes, Stack size 0 bytes, user_internalflash.o(.text), UNUSED)

<P><STRONG><a name="[a3]"></a>readInternalFlashWrod</STRONG> (Thumb, 4 bytes, Stack size 0 bytes, user_internalflash.o(.text))
<BR><BR>[Called By]<UL><LI><a href="#[a2]">&gt;&gt;</a>&nbsp;&nbsp;&nbsp;setSystemLIRC
</UL>

<P><STRONG><a name="[29c]"></a>readInternalFlashByte</STRONG> (Thumb, 4 bytes, Stack size 0 bytes, user_internalflash.o(.text), UNUSED)

<P><STRONG><a name="[86]"></a>EraseFlash</STRONG> (Thumb, 18 bytes, Stack size 8 bytes, user_internalflash.o(.text), UNUSED)
<BR><BR>[Calls]<UL><LI><a href="#[87]">&gt;&gt;</a>&nbsp;&nbsp;&nbsp;FLASH_ClearFlag
<LI><a href="#[53]">&gt;&gt;</a>&nbsp;&nbsp;&nbsp;FLASH_EraseSector
</UL>

<P><STRONG><a name="[88]"></a>clearExceptions</STRONG> (Thumb, 16 bytes, Stack size 8 bytes, user_internalflash.o(.text))
<BR><BR>[Stack]<UL><LI>Max Depth = 88<LI>Call Chain = clearExceptions &rArr; writeEepromData &rArr; MasterWriteBytes &rArr; IIC_Wait_Ack &rArr; IIC_Stop
</UL>
<BR>[Calls]<UL><LI><a href="#[89]">&gt;&gt;</a>&nbsp;&nbsp;&nbsp;writeEepromData
</UL>
<BR>[Called By]<UL><LI><a href="#[f2]">&gt;&gt;</a>&nbsp;&nbsp;&nbsp;factoryModeCoolDownFunc
</UL>

<P><STRONG><a name="[61]"></a>StoreExceptions2Flash</STRONG> (Thumb, 68 bytes, Stack size 16 bytes, user_internalflash.o(.text))
<BR><BR>[Stack]<UL><LI>Max Depth = 96<LI>Call Chain = StoreExceptions2Flash &rArr; writeEepromData &rArr; MasterWriteBytes &rArr; IIC_Wait_Ack &rArr; IIC_Stop
</UL>
<BR>[Calls]<UL><LI><a href="#[89]">&gt;&gt;</a>&nbsp;&nbsp;&nbsp;writeEepromData
<LI><a href="#[8b]">&gt;&gt;</a>&nbsp;&nbsp;&nbsp;generateChecksum
<LI><a href="#[8c]">&gt;&gt;</a>&nbsp;&nbsp;&nbsp;free
<LI><a href="#[8a]">&gt;&gt;</a>&nbsp;&nbsp;&nbsp;malloc
</UL>
<BR>[Called By]<UL><LI><a href="#[63]">&gt;&gt;</a>&nbsp;&nbsp;&nbsp;MemManage_Handler
<LI><a href="#[10]">&gt;&gt;</a>&nbsp;&nbsp;&nbsp;HardFault_Handler
<LI><a href="#[c6]">&gt;&gt;</a>&nbsp;&nbsp;&nbsp;fucnPer50ms
<LI><a href="#[c5]">&gt;&gt;</a>&nbsp;&nbsp;&nbsp;autoSaveFunc
</UL>

<P><STRONG><a name="[8d]"></a>LoadExceptionsFromFlash</STRONG> (Thumb, 100 bytes, Stack size 24 bytes, user_internalflash.o(.text))
<BR><BR>[Stack]<UL><LI>Max Depth = 136<LI>Call Chain = LoadExceptionsFromFlash &rArr; readEepromData &rArr; MasterReadBytes &rArr; IIC_Read_Byte &rArr; IIC_NAck
</UL>
<BR>[Calls]<UL><LI><a href="#[8e]">&gt;&gt;</a>&nbsp;&nbsp;&nbsp;readEepromData
<LI><a href="#[8b]">&gt;&gt;</a>&nbsp;&nbsp;&nbsp;generateChecksum
[...]
<LI><a href="#[33]">&gt;&gt;</a>&nbsp;&nbsp;&nbsp;flashMode2StyleAfunc
<LI><a href="#[18f]">&gt;&gt;</a>&nbsp;&nbsp;&nbsp;colorAdjustGradual
<LI><a href="#[32]">&gt;&gt;</a>&nbsp;&nbsp;&nbsp;flashMode1StyleFfunc
<LI><a href="#[31]">&gt;&gt;</a>&nbsp;&nbsp;&nbsp;flashMode1StyleEfunc
<LI><a href="#[30]">&gt;&gt;</a>&nbsp;&nbsp;&nbsp;flashMode1StyleCfunc
<LI><a href="#[17e]">&gt;&gt;</a>&nbsp;&nbsp;&nbsp;setLEDFunc
<LI><a href="#[14f]">&gt;&gt;</a>&nbsp;&nbsp;&nbsp;updatePWMChlDuty
<LI><a href="#[159]">&gt;&gt;</a>&nbsp;&nbsp;&nbsp;hsb2Rgb
<LI><a href="#[158]">&gt;&gt;</a>&nbsp;&nbsp;&nbsp;updateColor
<LI><a href="#[157]">&gt;&gt;</a>&nbsp;&nbsp;&nbsp;setBlueData
<LI><a href="#[155]">&gt;&gt;</a>&nbsp;&nbsp;&nbsp;setGreenData
<LI><a href="#[154]">&gt;&gt;</a>&nbsp;&nbsp;&nbsp;setRedData
<LI><a href="#[137]">&gt;&gt;</a>&nbsp;&nbsp;&nbsp;displayFloat
<LI><a href="#[eb]">&gt;&gt;</a>&nbsp;&nbsp;&nbsp;updateRGBLamp
<LI><a href="#[ef]">&gt;&gt;</a>&nbsp;&nbsp;&nbsp;updateColorTemp
<LI><a href="#[ed]">&gt;&gt;</a>&nbsp;&nbsp;&nbsp;setTargeColorTempData
<LI><a href="#[e6]">&gt;&gt;</a>&nbsp;&nbsp;&nbsp;colorTemperatureAdjustSlowFunc
</UL>

<P><STRONG><a name="[2c4]"></a>_ffltu</STRONG> (Thumb, 0 bytes, Stack size 0 bytes, fflti.o(.text), UNUSED)

<P><STRONG><a name="[dd]"></a>__ARM_scalbnf</STRONG> (Thumb, 64 bytes, Stack size 8 bytes, fscalbn.o(.text))
<BR><BR>[Stack]<UL><LI>Max Depth = 8<LI>Call Chain = __ARM_scalbnf
</UL>
<BR>[Called By]<UL><LI><a href="#[da]">&gt;&gt;</a>&nbsp;&nbsp;&nbsp;calcBattVolt
</UL>

<P><STRONG><a name="[1a8]"></a>__rt_heap_descriptor</STRONG> (Thumb, 8 bytes, Stack size 0 bytes, rt_heap_descriptor_intlibspace.o(.text))
<BR><BR>[Called By]<UL><LI><a href="#[8c]">&gt;&gt;</a>&nbsp;&nbsp;&nbsp;free
<LI><a href="#[8a]">&gt;&gt;</a>&nbsp;&nbsp;&nbsp;malloc
<LI><a href="#[43]">&gt;&gt;</a>&nbsp;&nbsp;&nbsp;_init_alloc
</UL>

<P><STRONG><a name="[2c5]"></a>__use_no_heap</STRONG> (Thumb, 2 bytes, Stack size 0 bytes, hguard.o(.text), UNUSED)

<P><STRONG><a name="[2c6]"></a>__heap$guard</STRONG> (Thumb, 2 bytes, Stack size 0 bytes, hguard.o(.text), UNUSED)

<P><STRONG><a name="[c]"></a>_terminate_user_alloc</STRONG> (Thumb, 2 bytes, Stack size 0 bytes, init_alloc.o(.text), UNUSED)

<P><STRONG><a name="[8]"></a>_init_user_alloc</STRONG> (Thumb, 2 bytes, Stack size 0 bytes, init_alloc.o(.text), UNUSED)

<P><STRONG><a name="[1a9]"></a>__Heap_Full</STRONG> (Thumb, 32 bytes, Stack size 16 bytes, init_alloc.o(.text))
<BR><BR>[Stack]<UL><LI>Max Depth = 40<LI>Call Chain = __Heap_Full &rArr; __Heap_ProvideMemory &rArr; free
</UL>
<BR>[Calls]<UL><LI><a href="#[1b5]">&gt;&gt;</a>&nbsp;&nbsp;&nbsp;__Heap_ProvideMemory
</UL>
<BR>[Called By]<UL><LI><a href="#[8a]">&gt;&gt;</a>&nbsp;&nbsp;&nbsp;malloc
</UL>

<P><STRONG><a name="[1b6]"></a>__Heap_Broken</STRONG> (Thumb, 10 bytes, Stack size 8 bytes, init_alloc.o(.text), UNUSED)
<BR><BR>[Calls]<UL><LI><a href="#[1b7]">&gt;&gt;</a>&nbsp;&nbsp;&nbsp;__rt_SIGRTMEM
</UL>

<P><STRONG><a name="[43]"></a>_init_alloc</STRONG> (Thumb, 90 bytes, Stack size 24 bytes, init_alloc.o(.text))
<BR><BR>[Stack]<UL><LI>Max Depth = 64<LI>Call Chain = _init_alloc &rArr; __rt_SIGRTMEM &rArr; __rt_SIGRTMEM_inner &rArr; __default_signal_display &rArr; _ttywrch
</UL>
<BR>[Calls]<UL><LI><a href="#[1a8]">&gt;&gt;</a>&nbsp;&nbsp;&nbsp;__rt_heap_descriptor
<LI><a href="#[1b7]">&gt;&gt;</a>&nbsp;&nbsp;&nbsp;__rt_SIGRTMEM
<LI><a href="#[1b5]">&gt;&gt;</a>&nbsp;&nbsp;&nbsp;__Heap_ProvideMemory
<LI><a href="#[1b8]">&gt;&gt;</a>&nbsp;&nbsp;&nbsp;__Heap_Initialize
</UL>
<BR>[Called By]<UL><LI><a href="#[42]">&gt;&gt;</a>&nbsp;&nbsp;&nbsp;__rt_lib_init_heap_2
</UL>

<P><STRONG><a name="[1b8]"></a>__Heap_Initialize</STRONG> (Thumb, 10 bytes, Stack size 0 bytes, h1_init.o(.text))
<BR><BR>[Called By]<UL><LI><a href="#[43]">&gt;&gt;</a>&nbsp;&nbsp;&nbsp;_init_alloc
</UL>

<P><STRONG><a name="[6]"></a>__Heap_DescSize</STRONG> (Thumb, 4 bytes, Stack size 0 bytes, h1_init.o(.text), UNUSED)

<P><STRONG><a name="[1b9]"></a>__fpl_fcmp_InfNaN</STRONG> (Thumb, 96 bytes, Stack size 8 bytes, fcmpin.o(.text), UNUSED)
<BR><BR>[Calls]<UL><LI><a href="#[1bb]">&gt;&gt;</a>&nbsp;&nbsp;&nbsp;__fpl_fcheck_NaN2
<LI><a href="#[1ba]">&gt;&gt;</a>&nbsp;&nbsp;&nbsp;__fpl_cmpreturn
</UL>
<BR>[Called By]<UL><LI><a href="#[1c7]">&gt;&gt;</a>&nbsp;&nbsp;&nbsp;_frcmple
</UL>

<P><STRONG><a name="[2c7]"></a>__user_libspace</STRONG> (Thumb, 8 bytes, Stack size 0 bytes, libspace.o(.text), UNUSED)

<P><STRONG><a name="[1bf]"></a>__user_perproc_libspace</STRONG> (Thumb, 0 bytes, Stack size 0 bytes, libspace.o(.text))
<BR><BR>[Called By]<UL><LI><a href="#[45]">&gt;&gt;</a>&nbsp;&nbsp;&nbsp;__user_setup_stackheap
</UL>

<P><STRONG><a name="[2c8]"></a>__user_perthread_libspace</STRONG> (Thumb, 0 bytes, Stack size 0 bytes, libspace.o(.text), UNUSED)

<P><STRONG><a name="[1b5]"></a>__Heap_ProvideMemory</STRONG> (Thumb, 52 bytes, Stack size 8 bytes, h1_extend.o(.text))
<BR><BR>[Stack]<UL><LI>Max Depth = 24<LI>Call Chain = __Heap_ProvideMemory &rArr; free
</UL>
<BR>[Calls]<UL><LI><a href="#[8c]">&gt;&gt;</a>&nbsp;&nbsp;&nbsp;free
</UL>
<BR>[Called By]<UL><LI><a href="#[1a9]">&gt;&gt;</a>&nbsp;&nbsp;&nbsp;__Heap_Full
<LI><a href="#[43]">&gt;&gt;</a>&nbsp;&nbsp;&nbsp;_init_alloc
</UL>

<P><STRONG><a name="[1b7]"></a>__rt_SIGRTMEM</STRONG> (Thumb, 12 bytes, Stack size 8 bytes, defsig_rtmem_outer.o(.text))
<BR><BR>[Stack]<UL><LI>Max Depth = 40<LI>Call Chain = __rt_SIGRTMEM &rArr; __rt_SIGRTMEM_inner &rArr; __default_signal_display &rArr; _ttywrch
</UL>
<BR>[Calls]<UL><LI><a href="#[1bc]">&gt;&gt;</a>&nbsp;&nbsp;&nbsp;__rt_SIGRTMEM_inner
<LI><a href="#[1bd]">&gt;&gt;</a>&nbsp;&nbsp;&nbsp;__sig_exit
</UL>
<BR>[Called By]<UL><LI><a href="#[43]">&gt;&gt;</a>&nbsp;&nbsp;&nbsp;_init_alloc
<LI><a href="#[1b6]">&gt;&gt;</a>&nbsp;&nbsp;&nbsp;__Heap_Broken
</UL>

<P><STRONG><a name="[1ba]"></a>__fpl_cmpreturn</STRONG> (Thumb, 46 bytes, Stack size 0 bytes, cmpret.o(.text), UNUSED)
<BR><BR>[Called By]<UL><LI><a href="#[1be]">&gt;&gt;</a>&nbsp;&nbsp;&nbsp;__fpl_return_NaN
<LI><a href="#[1b9]">&gt;&gt;</a>&nbsp;&nbsp;&nbsp;__fpl_fcmp_InfNaN
</UL>

<P><STRONG><a name="[1bb]"></a>__fpl_fcheck_NaN2</STRONG> (Thumb, 10 bytes, Stack size 8 bytes, fnan2.o(.text), UNUSED)
<BR><BR>[Calls]<UL><LI><a href="#[1be]">&gt;&gt;</a>&nbsp;&nbsp;&nbsp;__fpl_return_NaN
</UL>
<BR>[Called By]<UL><LI><a href="#[1b9]">&gt;&gt;</a>&nbsp;&nbsp;&nbsp;__fpl_fcmp_InfNaN
</UL>

<P><STRONG><a name="[2c9]"></a>__I$use$semihosting</STRONG> (Thumb, 0 bytes, Stack size 0 bytes, use_no_semi.o(.text), UNUSED)

<P><STRONG><a name="[2ca]"></a>__use_no_semihosting_swi</STRONG> (Thumb, 2 bytes, Stack size 0 bytes, use_no_semi.o(.text), UNUSED)

<P><STRONG><a name="[2cb]"></a>__semihosting_library_function</STRONG> (Thumb, 0 bytes, Stack size 8 bytes, indicate_semi.o(.text), UNUSED)

<P><STRONG><a name="[45]"></a>__user_setup_stackheap</STRONG> (Thumb, 62 bytes, Stack size 8 bytes, sys_stackheap_outer.o(.text))
<BR><BR>[Stack]<UL><LI>Max Depth = 8<LI>Call Chain = __user_setup_stackheap
</UL>
<BR>[Calls]<UL><LI><a href="#[1c0]">&gt;&gt;</a>&nbsp;&nbsp;&nbsp;__user_initial_stackheap
<LI><a href="#[1bf]">&gt;&gt;</a>&nbsp;&nbsp;&nbsp;__user_perproc_libspace
</UL>
<BR>[Called By]<UL><LI><a href="#[44]">&gt;&gt;</a>&nbsp;&nbsp;&nbsp;__rt_entry_sh
</UL>

<P><STRONG><a name="[4a]"></a>exit</STRONG> (Thumb, 16 bytes, Stack size 8 bytes, exit.o(.text))
<BR><BR>[Stack]<UL><LI>Max Depth = 8 + Unknown Stack Size
<LI>Call Chain = exit
</UL>
<BR>[Calls]<UL><LI><a href="#[1c2]">&gt;&gt;</a>&nbsp;&nbsp;&nbsp;__rt_exit
<LI><a href="#[1c1]">&gt;&gt;</a>&nbsp;&nbsp;&nbsp;_call_atexit_fns (Weak Reference)
</UL>
<BR>[Called By]<UL><LI><a href="#[48]">&gt;&gt;</a>&nbsp;&nbsp;&nbsp;__rt_entry_main
</UL>

<P><STRONG><a name="[1bd]"></a>__sig_exit</STRONG> (Thumb, 12 bytes, Stack size 8 bytes, defsig_exit.o(.text))
<BR><BR>[Stack]<UL><LI>Max Depth = 8<LI>Call Chain = __sig_exit
</UL>
<BR>[Calls]<UL><LI><a href="#[4e]">&gt;&gt;</a>&nbsp;&nbsp;&nbsp;_sys_exit
</UL>
<BR>[Called By]<UL><LI><a href="#[1b7]">&gt;&gt;</a>&nbsp;&nbsp;&nbsp;__rt_SIGRTMEM
</UL>

<P><STRONG><a name="[1bc]"></a>__rt_SIGRTMEM_inner</STRONG> (Thumb, 22 bytes, Stack size 8 bytes, defsig_rtmem_inner.o(.text))
<BR><BR>[Stack]<UL><LI>Max Depth = 32<LI>Call Chain = __rt_SIGRTMEM_inner &rArr; __default_signal_display &rArr; _ttywrch
</UL>
<BR>[Calls]<UL><LI><a href="#[1c3]">&gt;&gt;</a>&nbsp;&nbsp;&nbsp;__default_signal_display
</UL>
<BR>[Called By]<UL><LI><a href="#[1b7]">&gt;&gt;</a>&nbsp;&nbsp;&nbsp;__rt_SIGRTMEM
</UL>

<P><STRONG><a name="[1be]"></a>__fpl_return_NaN</STRONG> (Thumb, 94 bytes, Stack size 8 bytes, retnan.o(.text), UNUSED)
<BR><BR>[Calls]<UL><LI><a href="#[1ba]">&gt;&gt;</a>&nbsp;&nbsp;&nbsp;__fpl_cmpreturn
</UL>
<BR>[Called By]<UL><LI><a href="#[1bb]">&gt;&gt;</a>&nbsp;&nbsp;&nbsp;__fpl_fcheck_NaN2
</UL>

<P><STRONG><a name="[4e]"></a>_sys_exit</STRONG> (Thumb, 8 bytes, Stack size 0 bytes, sys_exit.o(.text))
<BR><BR>[Called By]<UL><LI><a href="#[4d]">&gt;&gt;</a>&nbsp;&nbsp;&nbsp;__rt_exit_exit
<LI><a href="#[1bd]">&gt;&gt;</a>&nbsp;&nbsp;&nbsp;__sig_exit
</UL>

<P><STRONG><a name="[1c3]"></a>__default_signal_display</STRONG> (Thumb, 52 bytes, Stack size 16 bytes, defsig_general.o(.text))
<BR><BR>[Stack]<UL><LI>Max Depth = 24<LI>Call Chain = __default_signal_display &rArr; _ttywrch
</UL>
<BR>[Calls]<UL><LI><a href="#[1c4]">&gt;&gt;</a>&nbsp;&nbsp;&nbsp;_ttywrch
</UL>
<BR>[Called By]<UL><LI><a href="#[1bc]">&gt;&gt;</a>&nbsp;&nbsp;&nbsp;__rt_SIGRTMEM_inner
</UL>

<P><STRONG><a name="[1c4]"></a>_ttywrch</STRONG> (Thumb, 12 bytes, Stack size 8 bytes, sys_wrch.o(.text))
<BR><BR>[Stack]<UL><LI>Max Depth = 8<LI>Call Chain = _ttywrch
</UL>
<BR>[Called By]<UL><LI><a href="#[1c3]">&gt;&gt;</a>&nbsp;&nbsp;&nbsp;__default_signal_display
</UL>

<P><STRONG><a name="[2cc]"></a>__decompress</STRONG> (Thumb, 0 bytes, Stack size unknown bytes, __dczerorl2.o(.text), UNUSED)

<P><STRONG><a name="[2cd]"></a>__decompress1</STRONG> (Thumb, 86 bytes, Stack size unknown bytes, __dczerorl2.o(.text), UNUSED)

<P><STRONG><a name="[a1]"></a>__ARM_common_switch8</STRONG> (Thumb, 26 bytes, Stack size 8 bytes, user_sysclock.o(i.__ARM_common_switch8))
<BR><BR>[Stack]<UL><LI>Max Depth = 8<LI>Call Chain = __ARM_common_switch8
</UL>
<BR>[Called By]<UL><LI><a href="#[9f]">&gt;&gt;</a>&nbsp;&nbsp;&nbsp;setSystemHIRC
<LI><a href="#[159]">&gt;&gt;</a>&nbsp;&nbsp;&nbsp;hsb2Rgb
<LI><a href="#[f3]">&gt;&gt;</a>&nbsp;&nbsp;&nbsp;displayFactoryMode
<LI><a href="#[ca]">&gt;&gt;</a>&nbsp;&nbsp;&nbsp;batterDisplay
<LI><a href="#[f2]">&gt;&gt;</a>&nbsp;&nbsp;&nbsp;factoryModeCoolDownFunc
</UL>

<P><STRONG><a name="[e8]"></a>__aeabi_fadd</STRONG> (Thumb, 0 bytes, Stack size 16 bytes, faddsub.o(x$fpl$fadd))
<BR><BR>[Stack]<UL><LI>Max Depth = 16<LI>Call Chain = __aeabi_fadd
</UL>
<BR>[Called By]<UL><LI><a href="#[193]">&gt;&gt;</a>&nbsp;&nbsp;&nbsp;coolUpdateByCoe
<LI><a href="#[3b]">&gt;&gt;</a>&nbsp;&nbsp;&nbsp;flashMode3StyleFfunc
<LI><a href="#[3a]">&gt;&gt;</a>&nbsp;&nbsp;&nbsp;flashMode3StyleEfunc
<LI><a href="#[39]">&gt;&gt;</a>&nbsp;&nbsp;&nbsp;flashMode3StyleDfunc
<LI><a href="#[38]">&gt;&gt;</a>&nbsp;&nbsp;&nbsp;flashMode2StyleFfunc
<LI><a href="#[37]">&gt;&gt;</a>&nbsp;&nbsp;&nbsp;flashMode2StyleEfunc
<LI><a href="#[36]">&gt;&gt;</a>&nbsp;&nbsp;&nbsp;flashMode2StyleDfunc
<LI><a href="#[35]">&gt;&gt;</a>&nbsp;&nbsp;&nbsp;flashMode2StyleCfunc
<LI><a href="#[34]">&gt;&gt;</a>&nbsp;&nbsp;&nbsp;flashMode2StyleBfunc
<LI><a href="#[33]">&gt;&gt;</a>&nbsp;&nbsp;&nbsp;flashMode2StyleAfunc
<LI><a href="#[18f]">&gt;&gt;</a>&nbsp;&nbsp;&nbsp;colorAdjustGradual
<LI><a href="#[32]">&gt;&gt;</a>&nbsp;&nbsp;&nbsp;flashMode1StyleFfunc
<LI><a href="#[31]">&gt;&gt;</a>&nbsp;&nbsp;&nbsp;flashMode1StyleEfunc
<LI><a href="#[30]">&gt;&gt;</a>&nbsp;&nbsp;&nbsp;flashMode1StyleCfunc
<LI><a href="#[17e]">&gt;&gt;</a>&nbsp;&nbsp;&nbsp;setLEDFunc
<LI><a href="#[159]">&gt;&gt;</a>&nbsp;&nbsp;&nbsp;hsb2Rgb
<LI><a href="#[eb]">&gt;&gt;</a>&nbsp;&nbsp;&nbsp;updateRGBLamp
<LI><a href="#[ef]">&gt;&gt;</a>&nbsp;&nbsp;&nbsp;updateColorTemp
<LI><a href="#[ed]">&gt;&gt;</a>&nbsp;&nbsp;&nbsp;setTargeColorTempData
<LI><a href="#[e6]">&gt;&gt;</a>&nbsp;&nbsp;&nbsp;colorTemperatureAdjustSlowFunc
</UL>

<P><STRONG><a name="[1c5]"></a>_fadd</STRONG> (Thumb, 134 bytes, Stack size 16 bytes, faddsub.o(x$fpl$fadd), UNUSED)
<BR><BR>[Calls]<UL><LI><a href="#[1c6]">&gt;&gt;</a>&nbsp;&nbsp;&nbsp;_fsub1
</UL>

<P><STRONG><a name="[db]"></a>__aeabi_fmul</STRONG> (Thumb, 0 bytes, Stack size 16 bytes, fmul.o(x$fpl$fmul))
<BR><BR>[Stack]<UL><LI>Max Depth = 16<LI>Call Chain = __aeabi_fmul
</UL>
<BR>[Called By]<UL><LI><a href="#[de]">&gt;&gt;</a>&nbsp;&nbsp;&nbsp;battVoltCompensation
<LI><a href="#[da]">&gt;&gt;</a>&nbsp;&nbsp;&nbsp;calcBattVolt
<LI><a href="#[193]">&gt;&gt;</a>&nbsp;&nbsp;&nbsp;coolUpdateByCoe
<LI><a href="#[3b]">&gt;&gt;</a>&nbsp;&nbsp;&nbsp;flashMode3StyleFfunc
<LI><a href="#[3a]">&gt;&gt;</a>&nbsp;&nbsp;&nbsp;flashMode3StyleEfunc
<LI><a href="#[39]">&gt;&gt;</a>&nbsp;&nbsp;&nbsp;flashMode3StyleDfunc
<LI><a href="#[38]">&gt;&gt;</a>&nbsp;&nbsp;&nbsp;flashMode2StyleFfunc
<LI><a href="#[37]">&gt;&gt;</a>&nbsp;&nbsp;&nbsp;flashMode2StyleEfunc
<LI><a href="#[36]">&gt;&gt;</a>&nbsp;&nbsp;&nbsp;flashMode2StyleDfunc
<LI><a href="#[35]">&gt;&gt;</a>&nbsp;&nbsp;&nbsp;flashMode2StyleCfunc
<LI><a href="#[34]">&gt;&gt;</a>&nbsp;&nbsp;&nbsp;flashMode2StyleBfunc
<LI><a href="#[33]">&gt;&gt;</a>&nbsp;&nbsp;&nbsp;flashMode2StyleAfunc
<LI><a href="#[18f]">&gt;&gt;</a>&nbsp;&nbsp;&nbsp;colorAdjustGradual
<LI><a href="#[32]">&gt;&gt;</a>&nbsp;&nbsp;&nbsp;flashMode1StyleFfunc
<LI><a href="#[31]">&gt;&gt;</a>&nbsp;&nbsp;&nbsp;flashMode1StyleEfunc
<LI><a href="#[30]">&gt;&gt;</a>&nbsp;&nbsp;&nbsp;flashMode1StyleCfunc
<LI><a href="#[17e]">&gt;&gt;</a>&nbsp;&nbsp;&nbsp;setLEDFunc
<LI><a href="#[14f]">&gt;&gt;</a>&nbsp;&nbsp;&nbsp;updatePWMChlDuty
<LI><a href="#[159]">&gt;&gt;</a>&nbsp;&nbsp;&nbsp;hsb2Rgb
<LI><a href="#[158]">&gt;&gt;</a>&nbsp;&nbsp;&nbsp;updateColor
<LI><a href="#[137]">&gt;&gt;</a>&nbsp;&nbsp;&nbsp;displayFloat
<LI><a href="#[eb]">&gt;&gt;</a>&nbsp;&nbsp;&nbsp;updateRGBLamp
<LI><a href="#[ef]">&gt;&gt;</a>&nbsp;&nbsp;&nbsp;updateColorTemp
<LI><a href="#[ed]">&gt;&gt;</a>&nbsp;&nbsp;&nbsp;setTargeColorTempData
<LI><a href="#[f5]">&gt;&gt;</a>&nbsp;&nbsp;&nbsp;factoryVoltDisplay
<LI><a href="#[e6]">&gt;&gt;</a>&nbsp;&nbsp;&nbsp;colorTemperatureAdjustSlowFunc
</UL>

<P><STRONG><a name="[2ce]"></a>_fmul</STRONG> (Thumb, 172 bytes, Stack size 16 bytes, fmul.o(x$fpl$fmul), UNUSED)

<P><STRONG><a name="[e4]"></a>__aeabi_cfrcmple</STRONG> (Thumb, 0 bytes, Stack size 8 bytes, frlef.o(x$fpl$frleqf))
<BR><BR>[Stack]<UL><LI>Max Depth = 8<LI>Call Chain = __aeabi_cfrcmple
</UL>
<BR>[Called By]<UL><LI><a href="#[e3]">&gt;&gt;</a>&nbsp;&nbsp;&nbsp;chkLightEffectModeVoltCompensation
</UL>

<P><STRONG><a name="[1c7]"></a>_frcmple</STRONG> (Thumb, 84 bytes, Stack size 8 bytes, frlef.o(x$fpl$frleqf), UNUSED)
<BR><BR>[Calls]<UL><LI><a href="#[1b9]">&gt;&gt;</a>&nbsp;&nbsp;&nbsp;__fpl_fcmp_InfNaN
</UL>

<P><STRONG><a name="[14e]"></a>__aeabi_frsub</STRONG> (Thumb, 0 bytes, Stack size 16 bytes, faddsub.o(x$fpl$frsb))
<BR><BR>[Stack]<UL><LI>Max Depth = 16<LI>Call Chain = __aeabi_frsub
</UL>
<BR>[Called By]<UL><LI><a href="#[159]">&gt;&gt;</a>&nbsp;&nbsp;&nbsp;hsb2Rgb
<LI><a href="#[152]">&gt;&gt;</a>&nbsp;&nbsp;&nbsp;setGreenDuty
<LI><a href="#[14d]">&gt;&gt;</a>&nbsp;&nbsp;&nbsp;setCoolDuty
</UL>

<P><STRONG><a name="[1c8]"></a>_frsb</STRONG> (Thumb, 24 bytes, Stack size 16 bytes, faddsub.o(x$fpl$frsb), UNUSED)
<BR><BR>[Calls]<UL><LI><a href="#[1c6]">&gt;&gt;</a>&nbsp;&nbsp;&nbsp;_fsub1
<LI><a href="#[1c9]">&gt;&gt;</a>&nbsp;&nbsp;&nbsp;_fadd1
</UL>

<P><STRONG><a name="[156]"></a>__aeabi_fsub</STRONG> (Thumb, 0 bytes, Stack size 16 bytes, faddsub.o(x$fpl$fsub))
<BR><BR>[Stack]<UL><LI>Max Depth = 16<LI>Call Chain = __aeabi_fsub
</UL>
<BR>[Called By]<UL><LI><a href="#[159]">&gt;&gt;</a>&nbsp;&nbsp;&nbsp;hsb2Rgb
<LI><a href="#[155]">&gt;&gt;</a>&nbsp;&nbsp;&nbsp;setGreenData
</UL>

<P><STRONG><a name="[1ca]"></a>_fsub</STRONG> (Thumb, 204 bytes, Stack size 16 bytes, faddsub.o(x$fpl$fsub), UNUSED)
<BR><BR>[Calls]<UL><LI><a href="#[1c9]">&gt;&gt;</a>&nbsp;&nbsp;&nbsp;_fadd1
</UL>
<P>
<H3>
Local Symbols
</H3>
<P><STRONG><a name="[62]"></a>__NVIC_SystemReset</STRONG> (Thumb, 18 bytes, Stack size 0 bytes, cx32l003_it.o(.text))
<BR><BR>[Called By]<UL><LI><a href="#[65]">&gt;&gt;</a>&nbsp;&nbsp;&nbsp;UsageFault_Handler
<LI><a href="#[64]">&gt;&gt;</a>&nbsp;&nbsp;&nbsp;BusFault_Handler
<LI><a href="#[63]">&gt;&gt;</a>&nbsp;&nbsp;&nbsp;MemManage_Handler
<LI><a href="#[10]">&gt;&gt;</a>&nbsp;&nbsp;&nbsp;HardFault_Handler
</UL>

<P><STRONG><a name="[6c]"></a>TI2_Config</STRONG> (Thumb, 76 bytes, Stack size 20 bytes, cx32l003_advtim.o(.text), UNUSED)
<BR><BR>[Called By]<UL><LI><a href="#[73]">&gt;&gt;</a>&nbsp;&nbsp;&nbsp;ADVTIM_TIxExternalClockConfig
<LI><a href="#[70]">&gt;&gt;</a>&nbsp;&nbsp;&nbsp;ADVTIM_PWMIConfig
<LI><a href="#[69]">&gt;&gt;</a>&nbsp;&nbsp;&nbsp;ADVTIM_ICInit
</UL>

<P><STRONG><a name="[6a]"></a>TI1_Config</STRONG> (Thumb, 62 bytes, Stack size 16 bytes, cx32l003_advtim.o(.text), UNUSED)
<BR><BR>[Called By]<UL><LI><a href="#[73]">&gt;&gt;</a>&nbsp;&nbsp;&nbsp;ADVTIM_TIxExternalClockConfig
<LI><a href="#[70]">&gt;&gt;</a>&nbsp;&nbsp;&nbsp;ADVTIM_PWMIConfig
<LI><a href="#[69]">&gt;&gt;</a>&nbsp;&nbsp;&nbsp;ADVTIM_ICInit
</UL>

<P><STRONG><a name="[82]"></a>GPIO_IRQHandler</STRONG> (Thumb, 206 bytes, Stack size 8 bytes, user_exti.o(.text))
<BR><BR>[Stack]<UL><LI>Max Depth = 16<LI>Call Chain = GPIO_IRQHandler &rArr; entryNormalModeChk
</UL>
<BR>[Calls]<UL><LI><a href="#[85]">&gt;&gt;</a>&nbsp;&nbsp;&nbsp;setSwitchKeyPressedFlag
<LI><a href="#[84]">&gt;&gt;</a>&nbsp;&nbsp;&nbsp;setPowerKeyPressedFlag
<LI><a href="#[83]">&gt;&gt;</a>&nbsp;&nbsp;&nbsp;entryNormalModeChk
</UL>
<BR>[Called By]<UL><LI><a href="#[17]">&gt;&gt;</a>&nbsp;&nbsp;&nbsp;GPIOD_IRQHandler
<LI><a href="#[16]">&gt;&gt;</a>&nbsp;&nbsp;&nbsp;GPIOC_IRQHandler
<LI><a href="#[15]">&gt;&gt;</a>&nbsp;&nbsp;&nbsp;GPIOB_IRQHandler
<LI><a href="#[14]">&gt;&gt;</a>&nbsp;&nbsp;&nbsp;GPIOA_IRQHandler
</UL>

<P><STRONG><a name="[1ac]"></a>_dadd1</STRONG> (Thumb, 290 bytes, Stack size 20 bytes, daddsub.o(.text), UNUSED)
<BR><BR>[Called By]<UL><LI><a href="#[1ae]">&gt;&gt;</a>&nbsp;&nbsp;&nbsp;_drsb
<LI><a href="#[1ad]">&gt;&gt;</a>&nbsp;&nbsp;&nbsp;_dsub
<LI><a href="#[1aa]">&gt;&gt;</a>&nbsp;&nbsp;&nbsp;_dadd
</UL>

<P><STRONG><a name="[1ab]"></a>_dsub1</STRONG> (Thumb, 470 bytes, Stack size 40 bytes, daddsub.o(.text), UNUSED)
<BR><BR>[Called By]<UL><LI><a href="#[1ae]">&gt;&gt;</a>&nbsp;&nbsp;&nbsp;_drsb
<LI><a href="#[1ad]">&gt;&gt;</a>&nbsp;&nbsp;&nbsp;_dsub
<LI><a href="#[1aa]">&gt;&gt;</a>&nbsp;&nbsp;&nbsp;_dadd
</UL>

<P><STRONG><a name="[1c9]"></a>_fadd1</STRONG> (Thumb, 0 bytes, Stack size unknown bytes, faddsub.o(x$fpl$fadd), UNUSED)
<BR><BR>[Called By]<UL><LI><a href="#[1ca]">&gt;&gt;</a>&nbsp;&nbsp;&nbsp;_fsub
<LI><a href="#[1c8]">&gt;&gt;</a>&nbsp;&nbsp;&nbsp;_frsb
</UL>

<P><STRONG><a name="[1c6]"></a>_fsub1</STRONG> (Thumb, 0 bytes, Stack size unknown bytes, faddsub.o(x$fpl$fsub), UNUSED)
<BR><BR>[Called By]<UL><LI><a href="#[1c8]">&gt;&gt;</a>&nbsp;&nbsp;&nbsp;_frsb
<LI><a href="#[1c5]">&gt;&gt;</a>&nbsp;&nbsp;&nbsp;_fadd
</UL>
<P>
<H3>
Undefined Global Symbols
</H3>
<P><STRONG><a name="[1c1]"></a>_call_atexit_fns</STRONG> (ARM, 0 bytes, Stack size 0 bytes, UNDEFINED)
<BR><BR>[Called By]<UL><LI><a href="#[4a]">&gt;&gt;</a>&nbsp;&nbsp;&nbsp;exit
</UL>
<HR></body></html>
