Component: ARM Compiler 5.06 update 6 (build 750) Tool: armlink [4d35ed]

==============================================================================

Section Cross References

    startup_cx32l003.o(STACK) refers (Special) to heapauxi.o(.text) for __use_two_region_memory
    startup_cx32l003.o(HEAP) refers (Special) to heapauxi.o(.text) for __use_two_region_memory
    startup_cx32l003.o(RESET) refers (Special) to heapauxi.o(.text) for __use_two_region_memory
    startup_cx32l003.o(RESET) refers to startup_cx32l003.o(STACK) for __initial_sp
    startup_cx32l003.o(RESET) refers to startup_cx32l003.o(.text) for Reset_Handler
    startup_cx32l003.o(RESET) refers to cx32l003_it.o(.text) for NMI_Handler
    startup_cx32l003.o(RESET) refers to user_exti.o(.text) for GPIOA_IRQHandler
    startup_cx32l003.o(RESET) refers to user_spi.o(.text) for SPI0COMB_IRQHandler
    startup_cx32l003.o(RESET) refers to user_i2c.o(.text) for I2C0_IRQHandler
    startup_cx32l003.o(RESET) refers to user_basetime.o(.text) for TIMER10_IRQHandler
    startup_cx32l003.o(RESET) refers to user_lptimer.o(.text) for LPTIMER_IRQHandler
    startup_cx32l003.o(RESET) refers to user_adc.o(.text) for ADC0_IRQHandler
    startup_cx32l003.o(RESET) refers to user_awk.o(.text) for AWK_IRQHandler
    startup_cx32l003.o(.text) refers (Special) to heapauxi.o(.text) for __use_two_region_memory
    startup_cx32l003.o(.text) refers to __main.o(!!!main) for __main
    startup_cx32l003.o(.text) refers to startup_cx32l003.o(HEAP) for Heap_Mem
    startup_cx32l003.o(.text) refers to startup_cx32l003.o(STACK) for Stack_Mem
    cx32l003_adc.o(.text) refers to cx32l003_rcc.o(.text) for RCC_PeriphResetCmd
    cx32l003_beeper.o(.text) refers to cx32l003_rcc.o(.text) for RCC_PeriphResetCmd
    cx32l003_crc.o(.text) refers to cx32l003_rcc.o(.text) for RCC_PeriphResetCmd
    cx32l003_gpio.o(.text) refers to cx32l003_rcc.o(.text) for RCC_PeriphResetCmd
    cx32l003_i2c.o(.text) refers to cx32l003_rcc.o(.text) for RCC_PeriphResetCmd
    cx32l003_i2c.o(.text) refers to dflti.o(.text) for __aeabi_ui2d
    cx32l003_i2c.o(.text) refers to ddiv.o(.text) for __aeabi_ddiv
    cx32l003_i2c.o(.text) refers to daddsub.o(.text) for __aeabi_dadd
    cx32l003_i2c.o(.text) refers to dfixui.o(.text) for __aeabi_d2uiz
    cx32l003_it.o(.text) refers to user_internalflash.o(.text) for StoreExceptions2Flash
    cx32l003_lpuart.o(.text) refers to cx32l003_rcc.o(.text) for RCC_PeriphResetCmd
    cx32l003_lpuart.o(.text) refers to dflti.o(.text) for __aeabi_ui2d
    cx32l003_lpuart.o(.text) refers to dmul.o(.text) for __aeabi_dmul
    cx32l003_lpuart.o(.text) refers to ddiv.o(.text) for __aeabi_ddiv
    cx32l003_lpuart.o(.text) refers to daddsub.o(.text) for __aeabi_dadd
    cx32l003_lpuart.o(.text) refers to d2f.o(.text) for __aeabi_d2f
    cx32l003_lpuart.o(.text) refers to ffixi.o(.text) for __aeabi_f2iz
    cx32l003_owire.o(.text) refers to aeabi_sdiv.o(.text) for __aeabi_uidivmod
    cx32l003_owire.o(.text) refers to dflti.o(.text) for __aeabi_ui2d
    cx32l003_owire.o(.text) refers to daddsub.o(.text) for __aeabi_dadd
    cx32l003_owire.o(.text) refers to dfixui.o(.text) for __aeabi_d2uiz
    cx32l003_spi.o(.text) refers to cx32l003_rcc.o(.text) for RCC_PeriphResetCmd
    cx32l003_syscon.o(.text) refers to cx32l003_rcc.o(.text) for RCC_PeriphResetCmd
    cx32l003_timer.o(.text) refers to cx32l003_rcc.o(.text) for RCC_PeriphResetCmd
    cx32l003_uart.o(.text) refers to cx32l003_rcc.o(.text) for RCC_PeriphResetCmd
    cx32l003_uart.o(.text) refers to dflti.o(.text) for __aeabi_ui2d
    cx32l003_uart.o(.text) refers to dmul.o(.text) for __aeabi_dmul
    cx32l003_uart.o(.text) refers to ddiv.o(.text) for __aeabi_ddiv
    cx32l003_uart.o(.text) refers to daddsub.o(.text) for __aeabi_dadd
    cx32l003_uart.o(.text) refers to d2f.o(.text) for __aeabi_d2f
    cx32l003_uart.o(.text) refers to ffixi.o(.text) for __aeabi_f2iz
    cx32l003_wwdt.o(.text) refers to cx32l003_rcc.o(.text) for RCC_PeriphResetCmd
    user_basetime.o(.text) refers to cx32l003_timer.o(.text) for TIM_TimeBaseInit
    user_basetime.o(.text) refers to misc.o(.text) for NVIC_PriorityGroupConfig
    user_basetime.o(.text) refers to user_exti.o(.text) for userNVICPrioirySetting
    user_basetime.o(.text) refers to user_menu.o(.bss) for sysTimes
    user_basetime.o(.text) refers to user_basetime.o(.data) for .data
    user_exti.o(.text) refers to misc.o(.text) for NVIC_PriorityGroupConfig
    user_exti.o(.text) refers to cx32l003_exti.o(.text) for GPIO_EXTILineConfig
    user_exti.o(.text) refers to user_menu.o(.text) for entryNormalModeChk
    user_exti.o(.text) refers to user_key.o(.text) for setPowerKeyPressedFlag
    user_exti.o(.text) refers to user_menu.o(.data) for fIsSystemOff
    user_internalflash.o(.text) refers to cx32l003_flash.o(.text) for FLASH_ClearFlag
    user_internalflash.o(.text) refers to user_i2c.o(.text) for writeEepromData
[...]
    SYSCTRL_TIM1_SetBreakSTM                 0x00000fd7   Thumb Code    18  cx32l003_syscon.o(.text)
    SYSCTRL_TIM1_SetBreakZERO                0x00000fe9   Thumb Code    12  cx32l003_syscon.o(.text)
    SYSCTRL_TIM2_InputSignalConfig           0x00000ff5   Thumb Code    24  cx32l003_syscon.o(.text)
    SYSCTRL_TIM2_ETRSignalConfig             0x0000100d   Thumb Code    18  cx32l003_syscon.o(.text)
    SYSCTRL_LPUART_CLKConfig                 0x0000101f   Thumb Code    28  cx32l003_syscon.o(.text)
    SYSCTRL_LPUART_CLKCmd                    0x0000103b   Thumb Code    34  cx32l003_syscon.o(.text)
    TIM_DeInit                               0x00001069   Thumb Code    38  cx32l003_timer.o(.text)
    TIM_TimeBaseInit                         0x0000108f   Thumb Code    40  cx32l003_timer.o(.text)
    TIM_StructInit                           0x000010b7   Thumb Code    30  cx32l003_timer.o(.text)
    TIM_Cmd                                  0x000010d5   Thumb Code    18  cx32l003_timer.o(.text)
    TIM_TogCmd                               0x000010e7   Thumb Code    20  cx32l003_timer.o(.text)
    TIM_ITConfig                             0x000010fb   Thumb Code    18  cx32l003_timer.o(.text)
    TIM_CounterModeConfig                    0x0000110d   Thumb Code    18  cx32l003_timer.o(.text)
    TIM_SelectGatePolarity                   0x0000111f   Thumb Code    20  cx32l003_timer.o(.text)
    TIM_SetClockDivision                     0x00001133   Thumb Code    16  cx32l003_timer.o(.text)
    TIM_GetPrescaler                         0x00001143   Thumb Code     8  cx32l003_timer.o(.text)
    TIM_SetTimerLoadRegister                 0x0000114b   Thumb Code     6  cx32l003_timer.o(.text)
    TIM_GetTimerLoadRegister                 0x00001151   Thumb Code     4  cx32l003_timer.o(.text)
    TIM_SetCountRegister                     0x00001155   Thumb Code     4  cx32l003_timer.o(.text)
    TIM_GetCountRegister                     0x00001159   Thumb Code     4  cx32l003_timer.o(.text)
    TIM_GetITSourceFlagStatus                0x0000115d   Thumb Code    14  cx32l003_timer.o(.text)
    TIM_GetITShieldFlagStatus                0x0000116b   Thumb Code    14  cx32l003_timer.o(.text)
    TIM_ClearITFlag                          0x00001179   Thumb Code     8  cx32l003_timer.o(.text)
    NVIC_PriorityGroupConfig                 0x0000118d   Thumb Code    10  misc.o(.text)
    NVIC_Init                                0x00001197   Thumb Code    88  misc.o(.text)
    NVIC_SetVectorTable                      0x000011ef   Thumb Code     2  misc.o(.text)
    NVIC_SystemLPConfig                      0x000011f1   Thumb Code    18  misc.o(.text)
    SysTick_CLKSourceConfig                  0x00001203   Thumb Code    20  misc.o(.text)
    ADVTIM_DeInit                            0x0000122d   Thumb Code     2  cx32l003_advtim.o(.text)
    ADVTIM_TimeBaseInit                      0x0000122f   Thumb Code    70  cx32l003_advtim.o(.text)
    ADVTIM_OC1Init                           0x00001275   Thumb Code    98  cx32l003_advtim.o(.text)
    ADVTIM_OC2Init                           0x000012d7   Thumb Code   124  cx32l003_advtim.o(.text)
    ADVTIM_OC3Init                           0x00001353   Thumb Code   124  cx32l003_advtim.o(.text)
    ADVTIM_OC4Init                           0x000013cf   Thumb Code    90  cx32l003_advtim.o(.text)
    ADVTIM_SetIC4Prescaler                   0x00001429   Thumb Code    20  cx32l003_advtim.o(.text)
    ADVTIM_SetIC3Prescaler                   0x0000143d   Thumb Code    18  cx32l003_advtim.o(.text)
    ADVTIM_SetIC2Prescaler                   0x0000144f   Thumb Code    20  cx32l003_advtim.o(.text)
    ADVTIM_SetIC1Prescaler                   0x000014af   Thumb Code    18  cx32l003_advtim.o(.text)
    ADVTIM_ICInit                            0x000014ff   Thumb Code   228  cx32l003_advtim.o(.text)
    ADVTIM_PWMIConfig                        0x000015e3   Thumb Code   168  cx32l003_advtim.o(.text)
    ADVTIM_BDTRConfig                        0x0000168b   Thumb Code    32  cx32l003_advtim.o(.text)
    ADVTIM_TimeBaseStructInit                0x000016ab   Thumb Code    18  cx32l003_advtim.o(.text)
    ADVTIM_OCStructInit                      0x000016bd   Thumb Code    20  cx32l003_advtim.o(.text)
    ADVTIM_ICStructInit                      0x000016d1   Thumb Code    16  cx32l003_advtim.o(.text)
    ADVTIM_BDTRStructInit                    0x000016e1   Thumb Code    18  cx32l003_advtim.o(.text)
    ADVTIM_Cmd                               0x000016f3   Thumb Code    20  cx32l003_advtim.o(.text)
    ADVTIM_CtrlPWMOutputs                    0x00001707   Thumb Code    22  cx32l003_advtim.o(.text)
    ADVTIM_ITConfig                          0x0000171d   Thumb Code    20  cx32l003_advtim.o(.text)
    ADVTIM_GenerateEvent                     0x00001731   Thumb Code     4  cx32l003_advtim.o(.text)
    ADVTIM_DMAConfig                         0x00001735   Thumb Code     6  cx32l003_advtim.o(.text)
    ADVTIM_DMACmd                            0x0000173b   Thumb Code    20  cx32l003_advtim.o(.text)
    ADVTIM_InternalClockConfig               0x0000174f   Thumb Code    12  cx32l003_advtim.o(.text)
    ADVTIM_SelectInputTrigger                0x0000175b   Thumb Code    14  cx32l003_advtim.o(.text)
    ADVTIM_ITRxExternalClockConfig           0x00001769   Thumb Code    18  cx32l003_advtim.o(.text)
    ADVTIM_TIxExternalClockConfig            0x0000177b   Thumb Code    48  cx32l003_advtim.o(.text)
    ADVTIM_ETRConfig                         0x000017ab   Thumb Code    20  cx32l003_advtim.o(.text)
    ADVTIM_ETRClockMode1Config               0x000017bf   Thumb Code    30  cx32l003_advtim.o(.text)
    ADVTIM_ETRClockMode2Config               0x000017dd   Thumb Code    20  cx32l003_advtim.o(.text)
    ADVTIM_PrescalerConfig                   0x000017f1   Thumb Code     6  cx32l003_advtim.o(.text)
    ADVTIM_CounterModeConfig                 0x000017f7   Thumb Code    14  cx32l003_advtim.o(.text)
    ADVTIM_EncoderInterfaceConfig            0x00001805   Thumb Code    50  cx32l003_advtim.o(.text)
    ADVTIM_ForcedOC1Config                   0x00001837   Thumb Code    14  cx32l003_advtim.o(.text)
    ADVTIM_ForcedOC2Config                   0x00001845   Thumb Code    18  cx32l003_advtim.o(.text)
    ADVTIM_ForcedOC3Config                   0x00001857   Thumb Code    14  cx32l003_advtim.o(.text)
    ADVTIM_ForcedOC4Config                   0x00001865   Thumb Code    18  cx32l003_advtim.o(.text)
    ADVTIM_ARRPreloadConfig                  0x00001877   Thumb Code    22  cx32l003_advtim.o(.text)
    ADVTIM_SelectCOM                         0x0000188d   Thumb Code    22  cx32l003_advtim.o(.text)
    ADVTIM_SelectCCDMA                       0x000018a3   Thumb Code    22  cx32l003_advtim.o(.text)
    ADVTIM_CCPreloadControl                  0x000018b9   Thumb Code    20  cx32l003_advtim.o(.text)
    ADVTIM_OC1PreloadConfig                  0x000018cd   Thumb Code    14  cx32l003_advtim.o(.text)
    ADVTIM_OC2PreloadConfig                  0x000018db   Thumb Code    18  cx32l003_advtim.o(.text)
    ADVTIM_OC3PreloadConfig                  0x000018ed   Thumb Code    14  cx32l003_advtim.o(.text)
    ADVTIM_OC4PreloadConfig                  0x000018fb   Thumb Code    18  cx32l003_advtim.o(.text)
    ADVTIM_OC1FastConfig                     0x0000190d   Thumb Code    14  cx32l003_advtim.o(.text)
    ADVTIM_OC2FastConfig                     0x0000191b   Thumb Code    20  cx32l003_advtim.o(.text)
    ADVTIM_OC3FastConfig                     0x0000192f   Thumb Code    14  cx32l003_advtim.o(.text)
    ADVTIM_OC4FastConfig                     0x0000193d   Thumb Code    20  cx32l003_advtim.o(.text)
    ADVTIM_ClearOC1Ref                       0x00001951   Thumb Code    14  cx32l003_advtim.o(.text)
    ADVTIM_ClearOC2Ref                       0x0000195f   Thumb Code    16  cx32l003_advtim.o(.text)
    ADVTIM_ClearOC3Ref                       0x0000196f   Thumb Code    14  cx32l003_advtim.o(.text)
    ADVTIM_ClearOC4Ref                       0x0000197d   Thumb Code    16  cx32l003_advtim.o(.text)
    ADVTIM_OC1PolarityConfig                 0x0000198d   Thumb Code    14  cx32l003_advtim.o(.text)
    ADVTIM_OC1NPolarityConfig                0x0000199b   Thumb Code    14  cx32l003_advtim.o(.text)
    ADVTIM_OC2PolarityConfig                 0x000019a9   Thumb Code    18  cx32l003_advtim.o(.text)
    ADVTIM_OC2NPolarityConfig                0x000019bb   Thumb Code    18  cx32l003_advtim.o(.text)
    ADVTIM_OC3PolarityConfig                 0x000019cd   Thumb Code    18  cx32l003_advtim.o(.text)
    ADVTIM_OC3NPolarityConfig                0x000019df   Thumb Code    18  cx32l003_advtim.o(.text)
    ADVTIM_OC4PolarityConfig                 0x000019f1   Thumb Code    18  cx32l003_advtim.o(.text)
    ADVTIM_CCxCmd                            0x00001a03   Thumb Code    28  cx32l003_advtim.o(.text)
    ADVTIM_CCxNCmd                           0x00001a1f   Thumb Code    28  cx32l003_advtim.o(.text)
    ADVTIM_SelectOCxM                        0x00001a3b   Thumb Code    74  cx32l003_advtim.o(.text)
    ADVTIM_UpdateDisableConfig               0x00001a85   Thumb Code    22  cx32l003_advtim.o(.text)
    ADVTIM_UpdateRequestConfig               0x00001a9b   Thumb Code    22  cx32l003_advtim.o(.text)
    ADVTIM_SelectHallSensor                  0x00001ab1   Thumb Code    22  cx32l003_advtim.o(.text)
    ADVTIM_SelectOnePulseMode                0x00001ac7   Thumb Code    42  cx32l003_advtim.o(.text)
    ADVTIM_SelectOutputTrigger               0x00001af1   Thumb Code    16  cx32l003_advtim.o(.text)
    ADVTIM_SelectSlaveMode                   0x00001b01   Thumb Code    18  cx32l003_advtim.o(.text)
    ADVTIM_SelectMasterSlaveMode             0x00001b13   Thumb Code    18  cx32l003_advtim.o(.text)
    ADVTIM_SetCounter                        0x00001b25   Thumb Code     4  cx32l003_advtim.o(.text)
    ADVTIM_SetAutoreload                     0x00001b29   Thumb Code     4  cx32l003_advtim.o(.text)
    ADVTIM_SetCompare1                       0x00001b2d   Thumb Code     4  cx32l003_advtim.o(.text)
    ADVTIM_SetCompare2                       0x00001b31   Thumb Code     4  cx32l003_advtim.o(.text)
    ADVTIM_SetCompare3                       0x00001b35   Thumb Code     4  cx32l003_advtim.o(.text)
    ADVTIM_SetCompare4                       0x00001b39   Thumb Code     4  cx32l003_advtim.o(.text)
    ADVTIM_SetClockDivision                  0x00001b3d   Thumb Code    16  cx32l003_advtim.o(.text)
    ADVTIM_GetCapture1                       0x00001b4d   Thumb Code     6  cx32l003_advtim.o(.text)
    ADVTIM_GetCapture2                       0x00001b53   Thumb Code     6  cx32l003_advtim.o(.text)
    ADVTIM_GetCapture3                       0x00001b59   Thumb Code     6  cx32l003_advtim.o(.text)
    ADVTIM_GetCapture4                       0x00001b5f   Thumb Code     6  cx32l003_advtim.o(.text)
    ADVTIM_GetCounter                        0x00001b65   Thumb Code     6  cx32l003_advtim.o(.text)
    ADVTIM_GetPrescaler                      0x00001b6b   Thumb Code     6  cx32l003_advtim.o(.text)
    ADVTIM_GetFlagStatus                     0x00001b71   Thumb Code    14  cx32l003_advtim.o(.text)
    ADVTIM_ClearFlag                         0x00001b7f   Thumb Code     8  cx32l003_advtim.o(.text)
    ADVTIM_GetITStatus                       0x00001b87   Thumb Code    24  cx32l003_advtim.o(.text)
    ADVTIM_ClearITPendingBit                 0x00001b9f   Thumb Code     8  cx32l003_advtim.o(.text)
    BASIC_TIM_Mode_Config                    0x00001bb1   Thumb Code   138  user_basetime.o(.text)
    TIMER10_IRQHandler                       0x00001c3b   Thumb Code    26  user_basetime.o(.text)
    userNVICPrioirySetting                   0x00001c65   Thumb Code    52  user_exti.o(.text)
    EXTI_Key_Config                          0x00001c99   Thumb Code   126  user_exti.o(.text)
    GPIOA_IRQHandler                         0x00001de5   Thumb Code     4  user_exti.o(.text)
    GPIOB_IRQHandler                         0x00001de9   Thumb Code     4  user_exti.o(.text)
    GPIOC_IRQHandler                         0x00001ded   Thumb Code     4  user_exti.o(.text)
    GPIOD_IRQHandler                         0x00001df1   Thumb Code     4  user_exti.o(.text)
    readInternalFlashData                    0x00001e11   Thumb Code     4  user_internalflash.o(.text)
    readInternalFlashWrod                    0x00001e15   Thumb Code     4  user_internalflash.o(.text)
    readInternalFlashByte                    0x00001e19   Thumb Code     4  user_internalflash.o(.text)
    EraseFlash                               0x00001e1d   Thumb Code    18  user_internalflash.o(.text)
    clearExceptions                          0x00001e2f   Thumb Code    16  user_internalflash.o(.text)
    StoreExceptions2Flash                    0x00001e3f   Thumb Code    68  user_internalflash.o(.text)
    LoadExceptionsFromFlash                  0x00001e83   Thumb Code   100  user_internalflash.o(.text)
    exceptionsCheck                          0x00001ee7   Thumb Code    36  user_internalflash.o(.text)
    Enter_DeepSleep                          0x00001f15   Thumb Code    24  user_lptimer.o(.text)
    Enter_Sleep                              0x00001f2d   Thumb Code    24  user_lptimer.o(.text)
    TEST_SETLPTIMERGATE                      0x00001f45   Thumb Code    90  user_lptimer.o(.text)
    LPTIMER_Config                           0x00001f9f   Thumb Code   120  user_lptimer.o(.text)
    LPTIMER_IRQHandler                       0x00002017   Thumb Code   126  user_lptimer.o(.text)
    setSystemHIRC                            0x000020bd   Thumb Code    76  user_sysclock.o(.text)
    setSystemLIRC                            0x00002109   Thumb Code    64  user_sysclock.o(.text)
    systemClkSelect                          0x00002149   Thumb Code    24  user_sysclock.o(.text)
    systemClkSet                             0x00002161   Thumb Code    48  user_sysclock.o(.text)
    main                                     0x000021a1   Thumb Code   360  main.o(.text)
    keyReleased                              0x00002361   Thumb Code    28  user_key.o(.text)
    setKeyPressedFlag                        0x0000237d   Thumb Code    26  user_key.o(.text)
    keyReleaseCheck                          0x00002397   Thumb Code    46  user_key.o(.text)
    keyPressCheck                            0x000023c5   Thumb Code   112  user_key.o(.text)
    clearPowerKeyInfo                        0x00002435   Thumb Code    22  user_key.o(.text)
    fastKeyCheck                             0x0000244b   Thumb Code    16  user_key.o(.text)
    funcKeyTask                              0x0000245b   Thumb Code    36  user_key.o(.text)
    setPowerKeyPressedFlag                   0x0000247f   Thumb Code     6  user_key.o(.text)
    setSwitchKeyPressedFlag                  0x00002485   Thumb Code     6  user_key.o(.text)
    abandonAllDectInfo                       0x0000248b   Thumb Code    60  user_key.o(.text)
    encoderDect                              0x000024c7   Thumb Code   572  user_key.o(.text)
    encoderCheck                             0x00002703   Thumb Code     6  user_key.o(.text)
    getEncoderStatus                         0x00002709   Thumb Code    16  user_key.o(.text)
    powerOnIoInit                            0x00002721   Thumb Code   206  user_menu.o(.text)
    resetEntrySleepTime                      0x000027ef   Thumb Code    18  user_menu.o(.text)
    resetStoreInfoTimer                      0x00002801   Thumb Code    14  user_menu.o(.text)
    entryNormalModeChk                       0x0000280f   Thumb Code    16  user_menu.o(.text)
    clrPowerTimerOutStts                     0x0000281f   Thumb Code    10  user_menu.o(.text)
    systemPowerDown                          0x00002829   Thumb Code    52  user_menu.o(.text)
    fucnPer25ms                              0x0000285d   Thumb Code     2  user_menu.o(.text)
    brakeBattDetProcess                      0x0000285f   Thumb Code    14  user_menu.o(.text)
    autoSaveFunc                             0x0000286d   Thumb Code    26  user_menu.o(.text)
    fucnPer50ms                              0x00002887   Thumb Code   164  user_menu.o(.text)
    fucnPer100ms                             0x0000292b   Thumb Code     2  user_menu.o(.text)
    fucnPer500ms                             0x0000292d   Thumb Code    22  user_menu.o(.text)
    getOriginalPWMData                       0x00002943   Thumb Code    32  user_menu.o(.text)
    getSystemperature                        0x00002963   Thumb Code   414  user_menu.o(.text)
    checkTemperature                         0x00002b01   Thumb Code   220  user_menu.o(.text)
    hotFuncDeinit                            0x00002bdd   Thumb Code    24  user_menu.o(.text)
    systemOffByManual                        0x00002bf5   Thumb Code    22  user_menu.o(.text)
    checkSystemHot                           0x00002c0b   Thumb Code   130  user_menu.o(.text)
    fucnPer1s                                0x00002c8d   Thumb Code    28  user_menu.o(.text)
    calcBattVolt                             0x00002ca9   Thumb Code    80  user_menu.o(.text)
    readBattInfoImmediately                  0x00002cf9   Thumb Code    48  user_menu.o(.text)
    processBattLevel                         0x00002d29   Thumb Code    84  user_menu.o(.text)
    battVoltCompensation                     0x00002d7d   Thumb Code   392  user_menu.o(.text)
    adcVoltCompensation                      0x00002f05   Thumb Code     2  user_menu.o(.text)
    setBattLevel                             0x00002f07   Thumb Code    58  user_menu.o(.text)
    chkLightEffectModeVoltCompensation       0x00002f41   Thumb Code    78  user_menu.o(.text)
    battInfoProcess                          0x00002f8f   Thumb Code   214  user_menu.o(.text)
    resetBrakeBattDet                        0x00003065   Thumb Code     8  user_menu.o(.text)
    colorTemperatureAdjustSlowFunc           0x0000306d   Thumb Code   140  user_menu.o(.text)
    powerDataInit                            0x000030f9   Thumb Code    60  user_menu.o(.text)
    updateLEDStts                            0x00003135   Thumb Code   170  user_menu.o(.text)
    factoryModeCoolDownFunc                  0x000031df   Thumb Code   750  user_menu.o(.text)
    fucnPer5ms                               0x000034cd   Thumb Code   140  user_menu.o(.text)
    publicDecFunc                            0x00003559   Thumb Code    34  user_menu.o(.text)
    publicIncFunc                            0x0000357b   Thumb Code    36  user_menu.o(.text)
    brightnessIncFunc                        0x0000359f   Thumb Code    84  user_menu.o(.text)
    brightnessDecFunc                        0x000035f3   Thumb Code   102  user_menu.o(.text)
    MenuFunction                             0x00003659   Thumb Code   820  user_menu.o(.text)
    onChargingIconInPowerOffMode             0x0000398d   Thumb Code    40  user_menu.o(.text)
    powerDownFromChageMode                   0x000039b5   Thumb Code    22  user_menu.o(.text)
    checkRealEntryPowerDownMode              0x000039cb   Thumb Code     8  user_menu.o(.text)
    absSubUint16                             0x000039d3   Thumb Code    14  user_menu.o(.text)
    getChargingCurrentByVolt                 0x000039e1   Thumb Code    62  user_menu.o(.text)
    setSWD2NormalIO                          0x00003a1f   Thumb Code    18  user_menu.o(.text)
    set2SWDMode                              0x00003a31   Thumb Code    20  user_menu.o(.text)
    setCoolOutputLow                         0x00003a45   Thumb Code    38  user_menu.o(.text)
    setWarmOutputLow                         0x00003a6b   Thumb Code    38  user_menu.o(.text)
    setBlueOutputLow                         0x00003a91   Thumb Code    38  user_menu.o(.text)
    setGreenOutputLow                        0x00003ab7   Thumb Code    38  user_menu.o(.text)
    ADCPinAFSet                              0x00003b19   Thumb Code   108  user_adc.o(.text)
    ADC_NVIC_Config                          0x00003b85   Thumb Code    32  user_adc.o(.text)
    adcChlCMD2adcIndex                       0x00003ba5   Thumb Code    20  user_adc.o(.text)
    adcChlCMD2adcAdcChl                      0x00003bb9   Thumb Code    10  user_adc.o(.text)
    ADC_SignalMode_Config                    0x00003bc3   Thumb Code   104  user_adc.o(.text)
    ADC_singleContinuousAccMode_config       0x00003c2b   Thumb Code   194  user_adc.o(.text)
    ADC_MutiMode_Config                      0x00003ced   Thumb Code   148  user_adc.o(.text)
    readADCResultFromMutiChls                0x00003d81   Thumb Code    16  user_adc.o(.text)
    startBattVoltDect                        0x00003d91   Thumb Code     4  user_adc.o(.text)
    tryTemperatureConvert                    0x00003d95   Thumb Code     4  user_adc.o(.text)
    checkAdcConvertRetry                     0x00003d99   Thumb Code    48  user_adc.o(.text)
    ADC0_IRQHandler                          0x00003dc9   Thumb Code   274  user_adc.o(.text)
    AWK_Config                               0x00003ef5   Thumb Code    78  user_awk.o(.text)
    AWK_Feed                                 0x00003f43   Thumb Code    12  user_awk.o(.text)
    AWK_IRQHandler                           0x00003f4f   Thumb Code    14  user_awk.o(.text)
    lcdGpioInit                              0x00003f61   Thumb Code    12  user_lcd.o(.text)
    OLED_Set_Pos                             0x00003f6d   Thumb Code    30  user_lcd.o(.text)
    OLED_ShowOnePage                         0x00003f8b   Thumb Code    30  user_lcd.o(.text)
    clear                                    0x00003fa9   Thumb Code    24  user_lcd.o(.text)
    lcdEnterSleep                            0x00003fc1   Thumb Code    32  user_lcd.o(.text)
    lcdExitSleep                             0x00003fe1   Thumb Code    50  user_lcd.o(.text)
    OLED_ShowCHinese                         0x00004013   Thumb Code    64  user_lcd.o(.text)
    OLED_ShowChar                            0x00004053   Thumb Code    82  user_lcd.o(.text)
    batteryPercentDisplay                    0x000040a5   Thumb Code   128  user_lcd.o(.text)
    updateChargingIcon                       0x00004125   Thumb Code    50  user_lcd.o(.text)
    batterDisplay                            0x00004157   Thumb Code    88  user_lcd.o(.text)
    updateArrowDisplay                       0x000041af   Thumb Code    74  user_lcd.o(.text)
    updateHuesDisplay                        0x000041f9   Thumb Code   148  user_lcd.o(.text)
    updateRGBValueDisplay                    0x0000428d   Thumb Code   116  user_lcd.o(.text)
    updateSaturationDisplay                  0x00004301   Thumb Code   150  user_lcd.o(.text)
    getBrightnessY                           0x00004397   Thumb Code    22  user_lcd.o(.text)
    updateBrightnessDisplay                  0x000043ad   Thumb Code   130  user_lcd.o(.text)
    oled_pow                                 0x0000442f   Thumb Code    20  user_lcd.o(.text)
    getNumLen                                0x00004443   Thumb Code    24  user_lcd.o(.text)
    OLED_ShowNum                             0x0000445b   Thumb Code    98  user_lcd.o(.text)
    updateColorTempDisplay                   0x000044bd   Thumb Code    32  user_lcd.o(.text)
    updateLightEffectDisplay                 0x000044dd   Thumb Code     2  user_lcd.o(.text)
    OLED_ShowString                          0x000044df   Thumb Code    46  user_lcd.o(.text)
    displayFloat                             0x0000450d   Thumb Code   168  user_lcd.o(.text)
    updateHotDisplay                         0x000045b5   Thumb Code    68  user_lcd.o(.text)
    updateSceneDisplay                       0x000045f9   Thumb Code    78  user_lcd.o(.text)
    clearFromTo                              0x00004647   Thumb Code    30  user_lcd.o(.text)
    clearDisplayArea                         0x00004665   Thumb Code    24  user_lcd.o(.text)
    displaySystemMenu                        0x0000467d   Thumb Code   480  user_lcd.o(.text)
    powerOnLcdInit                           0x0000485d   Thumb Code   224  user_lcd.o(.text)
    OLED_ShowOneSegment                      0x0000493d   Thumb Code    38  user_lcd.o(.text)
    HexDigitDis                              0x00004963   Thumb Code   118  user_lcd.o(.text)
    versionDisplay                           0x000049d9   Thumb Code    28  user_lcd.o(.text)
    factoryModeTemperatureDisplay            0x000049f5   Thumb Code    56  user_lcd.o(.text)
    oledTestModeChineseString                0x00004a2d   Thumb Code    38  user_lcd.o(.text)
    displayFactoryMode                       0x00004a53   Thumb Code   300  user_lcd.o(.text)
    factoryVoltDisplay                       0x00004b7f   Thumb Code   106  user_lcd.o(.text)
    ddl_memclr                               0x00004c1d   Thumb Code    18  user_ddl.o(.text)
    delay100us                               0x00004c2f   Thumb Code    28  user_ddl.o(.text)
    SPI_SendByte                             0x00004c4d   Thumb Code    32  user_spi.o(.text)
    WriteData                                0x00004c6d   Thumb Code    44  user_spi.o(.text)
    ReadData                                 0x00004c99   Thumb Code     2  user_spi.o(.text)
    spiIoInit                                0x00004c9b   Thumb Code   122  user_spi.o(.text)
    userSpiInit                              0x00004d15   Thumb Code    76  user_spi.o(.text)
    disableSpi                               0x00004d61   Thumb Code    12  user_spi.o(.text)
    enableSpi                                0x00004d6d   Thumb Code    12  user_spi.o(.text)
    SPI0COMB_IRQHandler                      0x00004d79   Thumb Code    32  user_spi.o(.text)
    IoCoolSetInput                           0x00004dad   Thumb Code    46  user_color.o(.text)
    IoWarmSetInput                           0x00004ddb   Thumb Code    46  user_color.o(.text)
    IoBlueSetInput                           0x00004e09   Thumb Code    46  user_color.o(.text)
    IoGreenSetLow                            0x00004e37   Thumb Code    44  user_color.o(.text)
    PwmChDefault                             0x00004e63   Thumb Code    12  user_color.o(.text)
    allLedIoAsInput                          0x00004e6f   Thumb Code    52  user_color.o(.text)
    allLedIoAsInputDown                      0x00004ea3   Thumb Code    66  user_color.o(.text)
    setLedIoAf                               0x00004ee5   Thumb Code    28  user_color.o(.text)
    setCoolDuty                              0x00004f01   Thumb Code    52  user_color.o(.text)
    setWarmDuty                              0x00004f35   Thumb Code    42  user_color.o(.text)
    setBlueDuty                              0x00004f5f   Thumb Code    40  user_color.o(.text)
    setGreenDuty                             0x00004f87   Thumb Code    50  user_color.o(.text)
    setCoolData                              0x00004fb9   Thumb Code    40  user_color.o(.text)
    setWarmData                              0x00004fe1   Thumb Code    40  user_color.o(.text)
    setRedDuty                               0x00005009   Thumb Code    14  user_color.o(.text)
    setRedData                               0x00005017   Thumb Code    46  user_color.o(.text)
    setGreenData                             0x00005045   Thumb Code    50  user_color.o(.text)
    setBlueData                              0x00005077   Thumb Code    40  user_color.o(.text)
    turnOffColorTempLamp                     0x0000509f   Thumb Code    20  user_color.o(.text)
    updateColor                              0x000050b3   Thumb Code    78  user_color.o(.text)
    hsb2Rgb                                  0x00005101   Thumb Code   692  user_color.o(.text)
    turnOffRGBLamp                           0x000053b5   Thumb Code    22  user_color.o(.text)
    updateColorTemp                          0x000053cb   Thumb Code   178  user_color.o(.text)
    setTargeColorTempData                    0x0000547d   Thumb Code   176  user_color.o(.text)
    updateRGBLamp                            0x0000552d   Thumb Code    76  user_color.o(.text)
    updateColorInRgbMode                     0x00005579   Thumb Code   292  user_color.o(.text)
    setI2cSdaInput                           0x0000569d   Thumb Code    32  user_i2c.o(.text)
    setI2cSdaOutput                          0x000056bd   Thumb Code    44  user_i2c.o(.text)
    IIC_SDA                                  0x000056e9   Thumb Code     8  user_i2c.o(.text)
    IIC_Start                                0x000056f1   Thumb Code    62  user_i2c.o(.text)
    IIC_Stop                                 0x0000572f   Thumb Code    74  user_i2c.o(.text)
    IIC_Ack                                  0x00005779   Thumb Code    86  user_i2c.o(.text)
    IIC_NAck                                 0x000057cf   Thumb Code    86  user_i2c.o(.text)
    IIC_Wait_Ack                             0x00005825   Thumb Code   108  user_i2c.o(.text)
    IIC_Send_Byte                            0x00005891   Thumb Code   122  user_i2c.o(.text)
    IIC_Read_Byte                            0x0000590b   Thumb Code   118  user_i2c.o(.text)
    MasterWriteBytes                         0x00005981   Thumb Code    54  user_i2c.o(.text)
    MasterReadBytes                          0x000059b7   Thumb Code   108  user_i2c.o(.text)
    Master_IIC_Mode                          0x00005a23   Thumb Code    20  user_i2c.o(.text)
    IIC_Init                                 0x00005a37   Thumb Code   114  user_i2c.o(.text)
    SLAVE_IIC_Send                           0x00005aa9   Thumb Code    42  user_i2c.o(.text)
    I2C0_IRQHandler_MasterSend               0x00005ad3   Thumb Code   152  user_i2c.o(.text)
    I2C0_IRQHandler_MasterRecive             0x00005b6b   Thumb Code   356  user_i2c.o(.text)
    SlaveSendACK                             0x00005ccf   Thumb Code    40  user_i2c.o(.text)
    I2C0_IRQHandler                          0x00005cf7   Thumb Code    42  user_i2c.o(.text)
    readI2cData                              0x00005d21   Thumb Code    88  user_i2c.o(.text)
    readSigmaCtrlRegister                    0x00005d79   Thumb Code    48  user_i2c.o(.text)
    writeI2cData                             0x00005da9   Thumb Code    34  user_i2c.o(.text)
    writeLcdCommand                          0x00005dcb   Thumb Code    18  user_i2c.o(.text)
    writeLcdData                             0x00005ddd   Thumb Code    18  user_i2c.o(.text)
    riteSigmaCtrlRegister                    0x00005def   Thumb Code    26  user_i2c.o(.text)
    writeEepromData                          0x00005e09   Thumb Code   188  user_i2c.o(.text)
    readEepromData                           0x00005ec5   Thumb Code   152  user_i2c.o(.text)
    ADVTIM_Reset                             0x00005f65   Thumb Code    40  user_advtime.o(.text)
    ADVTIM_ReleaseReset                      0x00005f8d   Thumb Code    40  user_advtime.o(.text)
    TEST_TIM_Mode_Config                     0x00005fb5   Thumb Code     2  user_advtime.o(.text)
    TEST_ADVTIM_MULTICHANEEL_Config          0x00005fb7   Thumb Code     2  user_advtime.o(.text)
    ADVTIM_PWMMODE_Config                    0x00005fb9   Thumb Code   168  user_advtime.o(.text)
    switchPwmChannel                         0x00006061   Thumb Code    64  user_advtime.o(.text)
    updatePWMChlDuty                         0x000060a1   Thumb Code   118  user_advtime.o(.text)
    TEST_ADVTIM_CAPTUREMODE_Config           0x00006117   Thumb Code     2  user_advtime.o(.text)
    TEST_ADVTIM_SINGLECAPTUREMODE_Config     0x00006119   Thumb Code     2  user_advtime.o(.text)
    TEST_ADVTIM_CASACADEMODE_Config          0x0000611b   Thumb Code     2  user_advtime.o(.text)
    TEST_ADVTIM_OUTPUTCOMPARE_Config         0x0000611d   Thumb Code     2  user_advtime.o(.text)
    TEST_ADVTIM_ONEPLUS_Config               0x0000611f   Thumb Code     2  user_advtime.o(.text)
    TEST_ADVTIM_DEADTIME_BREAK               0x00006121   Thumb Code     2  user_advtime.o(.text)
    TEST_ADVTIM_DEADTIME_BREAK_DEEPSLEEP_Config 0x00006123   Thumb Code     2  user_advtime.o(.text)
    TEST_ADVTIM_EVENT_GENERATION_Config      0x00006125   Thumb Code     2  user_advtime.o(.text)
    TEST_ADVTIM_ETR_FUNCTION_Config          0x00006127   Thumb Code     2  user_advtime.o(.text)
    initLEDStyleParams                       0x00006149   Thumb Code    20  user_lighteffect.o(.text)
    setLEDFunc                               0x0000615d   Thumb Code   340  user_lighteffect.o(.text)
    loadLedStatus                            0x000062b1   Thumb Code    46  user_lighteffect.o(.text)
    lightEffectFunc                          0x000062df   Thumb Code    74  user_lighteffect.o(.text)
    stopLightEffect                          0x00006329   Thumb Code    24  user_lighteffect.o(.text)
    setFlashEffectPub                        0x00006341   Thumb Code    20  user_lighteffect.o(.text)
    setGradualEffectPub                      0x00006355   Thumb Code    24  user_lighteffect.o(.text)
    set2FlashMode1StyleA                     0x0000636d   Thumb Code    20  user_lighteffect.o(.text)
    set2FlashMode1StyleB                     0x00006381   Thumb Code    22  user_lighteffect.o(.text)
    FallingAndRising                         0x00006397   Thumb Code    72  user_lighteffect.o(.text)
    stepByStep                               0x000063df   Thumb Code    40  user_lighteffect.o(.text)
    flashMode1StyleCProess                   0x00006407   Thumb Code   194  user_lighteffect.o(.text)
    flashMode1StyleCfunc                     0x000064c9   Thumb Code    84  user_lighteffect.o(.text)
    set2FlashMode1StyleC                     0x0000651d   Thumb Code    84  user_lighteffect.o(.text)
    set2FlashMode1StyleD                     0x00006571   Thumb Code    20  user_lighteffect.o(.text)
    keepStep                                 0x00006585   Thumb Code    20  user_lighteffect.o(.text)
    flashMode1StyleEProess                   0x00006599   Thumb Code   560  user_lighteffect.o(.text)
    flashMode1StyleEfunc                     0x000067c9   Thumb Code    88  user_lighteffect.o(.text)
    set2FlashMode1StyleE                     0x00006821   Thumb Code    40  user_lighteffect.o(.text)
    flashMode1StyleFProess                   0x00006849   Thumb Code   578  user_lighteffect.o(.text)
    flashMode1StyleFfunc                     0x00006a8b   Thumb Code    84  user_lighteffect.o(.text)
    set2FlashMode1StyleF                     0x00006adf   Thumb Code    26  user_lighteffect.o(.text)
    userAbsUint16                            0x00006af9   Thumb Code    14  user_lighteffect.o(.text)
    colorAdjustGradual                       0x00006b07   Thumb Code   400  user_lighteffect.o(.text)
    flashMode2StyleAfunc                     0x00006c97   Thumb Code   134  user_lighteffect.o(.text)
    flashMode2StyleBfunc                     0x00006d1d   Thumb Code   214  user_lighteffect.o(.text)
    flashMode2StyleCfunc                     0x00006df3   Thumb Code    84  user_lighteffect.o(.text)
    flashMode2StyleDfunc                     0x00006e47   Thumb Code   178  user_lighteffect.o(.text)
    flashMode2StyleEfunc                     0x00006ef9   Thumb Code   138  user_lighteffect.o(.text)
    flashMode2StyleFfunc                     0x00006f83   Thumb Code   234  user_lighteffect.o(.text)
    flashMode3StyleDfunc                     0x0000706d   Thumb Code   738  user_lighteffect.o(.text)
    flashMode3StyleEfunc                     0x0000734f   Thumb Code   408  user_lighteffect.o(.text)
    flashMode3StyleFfunc                     0x000074e7   Thumb Code   132  user_lighteffect.o(.text)
    coolUpdateByCoe                          0x0000756b   Thumb Code    58  user_lighteffect.o(.text)
    lightning1Process                        0x000075a5   Thumb Code   276  user_lighteffect.o(.text)
    lightning2Process                        0x000076b9   Thumb Code   174  user_lighteffect.o(.text)
    checkFlashLoopOver                       0x00007767   Thumb Code    26  user_lighteffect.o(.text)
    set2FlashMode2StyleA                     0x00007781   Thumb Code    50  user_lighteffect.o(.text)
    sceneSlowRGB                             0x000077b3   Thumb Code    42  user_lighteffect.o(.text)
    sceneFashRGB                             0x000077dd   Thumb Code    44  user_lighteffect.o(.text)
    set2FlashMode2StyleB                     0x00007809   Thumb Code    48  user_lighteffect.o(.text)
    set2FlashMode2StyleC                     0x00007839   Thumb Code    28  user_lighteffect.o(.text)
    set2FlashMode2StyleD                     0x00007855   Thumb Code    50  user_lighteffect.o(.text)
    set2FlashMode2StyleE                     0x00007887   Thumb Code    56  user_lighteffect.o(.text)
    set2FlashMode2StyleF                     0x000078bf   Thumb Code    60  user_lighteffect.o(.text)
    set2SimulatonModeStyleA                  0x000078fb   Thumb Code    26  user_lighteffect.o(.text)
    set2SimulatonModeStyleB                  0x00007915   Thumb Code    24  user_lighteffect.o(.text)
    set2SimulatonModeStyleC                  0x0000792d   Thumb Code    24  user_lighteffect.o(.text)
    set2SimulatonModeStyleD                  0x00007945   Thumb Code    56  user_lighteffect.o(.text)
    set2SimulatonModeStyleE                  0x0000797d   Thumb Code    56  user_lighteffect.o(.text)
    set2SimulatonModeStyleF                  0x000079b5   Thumb Code    44  user_lighteffect.o(.text)
    sceneLightning1                          0x000079e1   Thumb Code    36  user_lighteffect.o(.text)
    sceneLightning2                          0x00007a05   Thumb Code    36  user_lighteffect.o(.text)
    scenePoliceAlert                         0x00007a29   Thumb Code    24  user_lighteffect.o(.text)
    sceneAmbulance                           0x00007a41   Thumb Code    24  user_lighteffect.o(.text)
    sceneFireTruck                           0x00007a59   Thumb Code    24  user_lighteffect.o(.text)
    startLightEffect                         0x00007a71   Thumb Code   284  user_lighteffect.o(.text)
    randomUint8                              0x00007b8d   Thumb Code    28  user_utils.o(.text)
    userAbsSubUint8                          0x00007ba9   Thumb Code    14  user_utils.o(.text)
    generateChecksum                         0x00007bb7   Thumb Code    30  user_utils.o(.text)
    malloc                                   0x00007bd9   Thumb Code    98  h1_alloc.o(.text)
    free                                     0x00007c3b   Thumb Code    76  h1_free.o(.text)
    __aeabi_memcpy                           0x00007c87   Thumb Code   130  rt_memcpy.o(.text)
    __rt_memcpy                              0x00007c87   Thumb Code     0  rt_memcpy.o(.text)
    __aeabi_uidiv                            0x00007d09   Thumb Code     0  aeabi_sdiv.o(.text)
    __aeabi_uidivmod                         0x00007d09   Thumb Code    20  aeabi_sdiv.o(.text)
    __aeabi_idiv                             0x00007d1d   Thumb Code     0  aeabi_sdiv.o(.text)
    __aeabi_idivmod                          0x00007d1d   Thumb Code   326  aeabi_sdiv.o(.text)
    __use_two_region_memory                  0x00007e63   Thumb Code     2  heapauxi.o(.text)
    __rt_heap_escrow                         0x00007e65   Thumb Code     2  heapauxi.o(.text)
    __rt_heap_expand                         0x00007e67   Thumb Code     2  heapauxi.o(.text)
    __aeabi_d2f                              0x00007e69   Thumb Code     0  d2f.o(.text)
    _d2f                                     0x00007e69   Thumb Code   120  d2f.o(.text)
    __aeabi_dadd                             0x000081dd   Thumb Code     0  daddsub.o(.text)
    _dadd                                    0x000081dd   Thumb Code    26  daddsub.o(.text)
    __aeabi_dsub                             0x000081f7   Thumb Code     0  daddsub.o(.text)
    _dsub                                    0x000081f7   Thumb Code    22  daddsub.o(.text)
    __aeabi_drsub                            0x0000820d   Thumb Code     0  daddsub.o(.text)
    _drsb                                    0x0000820d   Thumb Code    28  daddsub.o(.text)
    __aeabi_ddiv                             0x0000823d   Thumb Code     0  ddiv.o(.text)
    _ddiv                                    0x0000823d   Thumb Code  1072  ddiv.o(.text)
    _drdiv                                   0x0000866d   Thumb Code    20  ddiv.o(.text)
    __aeabi_d2uiz                            0x00008685   Thumb Code     0  dfixui.o(.text)
    _dfixu                                   0x00008685   Thumb Code    68  dfixui.o(.text)
    __aeabi_i2d_normalise                    0x000086cd   Thumb Code    66  dflti.o(.text)
    __aeabi_i2d                              0x0000870f   Thumb Code    16  dflti.o(.text)
    _dflt                                    0x0000870f   Thumb Code     0  dflti.o(.text)
    __aeabi_ui2d                             0x0000871f   Thumb Code     6  dflti.o(.text)
    _dfltu                                   0x0000871f   Thumb Code     0  dflti.o(.text)
    __aeabi_dmul                             0x00008725   Thumb Code     0  dmul.o(.text)
    _dmul                                    0x00008725   Thumb Code   558  dmul.o(.text)
    __ARM_scalbn                             0x0000896d   Thumb Code    84  dscalbn.o(.text)
    __aeabi_f2d                              0x000089cd   Thumb Code     0  f2d.o(.text)
    _f2d                                     0x000089cd   Thumb Code    80  f2d.o(.text)
    __aeabi_fdiv                             0x00008a21   Thumb Code     0  fdiv.o(.text)
    _fdiv                                    0x00008a21   Thumb Code   334  fdiv.o(.text)
    _frdiv                                   0x00008b6f   Thumb Code     8  fdiv.o(.text)
    __aeabi_f2uiz                            0x00008b81   Thumb Code     0  ffixui.o(.text)
    _ffixu                                   0x00008b81   Thumb Code    48  ffixui.o(.text)
    __aeabi_i2f_normalise                    0x00008bb1   Thumb Code    72  fflti.o(.text)
    __aeabi_i2f                              0x00008bf9   Thumb Code    16  fflti.o(.text)
    _fflt                                    0x00008bf9   Thumb Code     0  fflti.o(.text)
    __aeabi_ui2f                             0x00008c09   Thumb Code     6  fflti.o(.text)
    _ffltu                                   0x00008c09   Thumb Code     0  fflti.o(.text)
    __ARM_scalbnf                            0x00008c11   Thumb Code    64  fscalbn.o(.text)
    __rt_heap_descriptor                     0x00008c55   Thumb Code     8  rt_heap_descriptor_intlibspace.o(.text)
    __use_no_heap                            0x00008c5d   Thumb Code     2  hguard.o(.text)
    __heap$guard                             0x00008c5f   Thumb Code     2  hguard.o(.text)
    _terminate_user_alloc                    0x00008c61   Thumb Code     2  init_alloc.o(.text)
    _init_user_alloc                         0x00008c63   Thumb Code     2  init_alloc.o(.text)
    __Heap_Full                              0x00008c65   Thumb Code    32  init_alloc.o(.text)
    __Heap_Broken                            0x00008c85   Thumb Code    10  init_alloc.o(.text)
    _init_alloc                              0x00008c8f   Thumb Code    90  init_alloc.o(.text)
    __Heap_Initialize                        0x00008ce9   Thumb Code    10  h1_init.o(.text)
    __Heap_DescSize                          0x00008cf3   Thumb Code     4  h1_init.o(.text)
    __fpl_fcmp_InfNaN                        0x00008cf9   Thumb Code    96  fcmpin.o(.text)
    __user_libspace                          0x00008d5d   Thumb Code     8  libspace.o(.text)
    __user_perproc_libspace                  0x00008d5d   Thumb Code     0  libspace.o(.text)
    __user_perthread_libspace                0x00008d5d   Thumb Code     0  libspace.o(.text)
    __Heap_ProvideMemory                     0x00008d65   Thumb Code    52  h1_extend.o(.text)
    __rt_SIGRTMEM                            0x00008d99   Thumb Code    12  defsig_rtmem_outer.o(.text)
    __fpl_cmpreturn                          0x00008da5   Thumb Code    46  cmpret.o(.text)
    __fpl_fcheck_NaN2                        0x00008dd5   Thumb Code    10  fnan2.o(.text)
    __I$use$semihosting                      0x00008de5   Thumb Code     0  use_no_semi.o(.text)
    __use_no_semihosting_swi                 0x00008de5   Thumb Code     2  use_no_semi.o(.text)
    __semihosting_library_function           0x00008de7   Thumb Code     0  indicate_semi.o(.text)
    __user_setup_stackheap                   0x00008de7   Thumb Code    62  sys_stackheap_outer.o(.text)
    exit                                     0x00008e25   Thumb Code    16  exit.o(.text)
    __sig_exit                               0x00008e35   Thumb Code    12  defsig_exit.o(.text)
    __rt_SIGRTMEM_inner                      0x00008e41   Thumb Code    22  defsig_rtmem_inner.o(.text)
    __fpl_return_NaN                         0x00008e91   Thumb Code    94  retnan.o(.text)
    _sys_exit                                0x00008ef1   Thumb Code     8  sys_exit.o(.text)
    __default_signal_display                 0x00008efd   Thumb Code    52  defsig_general.o(.text)
    _ttywrch                                 0x00008f31   Thumb Code    12  sys_wrch.o(.text)
    __decompress                             0x00008f3d   Thumb Code     0  __dczerorl2.o(.text)
    __decompress1                            0x00008f3d   Thumb Code    86  __dczerorl2.o(.text)
    __ARM_common_switch8                     0x00008f93   Thumb Code    26  user_sysclock.o(i.__ARM_common_switch8)
    __aeabi_fadd                             0x00008fad   Thumb Code     0  faddsub.o(x$fpl$fadd)
    _fadd                                    0x00008fad   Thumb Code   134  faddsub.o(x$fpl$fadd)
    __aeabi_fmul                             0x00009039   Thumb Code     0  fmul.o(x$fpl$fmul)
    _fmul                                    0x00009039   Thumb Code   172  fmul.o(x$fpl$fmul)
    __aeabi_cfrcmple                         0x000090e9   Thumb Code     0  frlef.o(x$fpl$frleqf)
    _frcmple                                 0x000090e9   Thumb Code    84  frlef.o(x$fpl$frleqf)
    __aeabi_frsub                            0x00009141   Thumb Code     0  faddsub.o(x$fpl$frsb)
    _frsb                                    0x00009141   Thumb Code    24  faddsub.o(x$fpl$frsb)
    __aeabi_fsub                             0x00009159   Thumb Code     0  faddsub.o(x$fpl$fsub)
    _fsub                                    0x00009159   Thumb Code   204  faddsub.o(x$fpl$fsub)
    CctArrowArray                            0x00009228   Data           4  user_lcd.o(.constdata)
    __I$use$fp                               0x00009228   Number         0  usenofp.o(x$fpl$usenofp)
    HsiArrowArray                            0x0000922c   Data           6  user_lcd.o(.constdata)
    RgbArrowArray                            0x00009232   Data           6  user_lcd.o(.constdata)
    TEST                                     0x00009238   Data           2  user_lcd.o(.constdata)
    RED_LED_CURRENT_STRING                   0x0000923a   Data           4  user_lcd.o(.constdata)
    GREEN_LED_CURRENT_STRING                 0x0000923e   Data           4  user_lcd.o(.constdata)
    BLUE_LED_CURRENT_STRING                  0x00009242   Data           4  user_lcd.o(.constdata)
    CW_LED_CURRENT_STRING                    0x00009246   Data           4  user_lcd.o(.constdata)
    MW_LED_CURRENT_STRING                    0x0000924a   Data           4  user_lcd.o(.constdata)
    STANDBY_CURRENT_STRING                   0x0000924e   Data           4  user_lcd.o(.constdata)
    SLEEP_CURRENT_STRING                     0x00009252   Data           4  user_lcd.o(.constdata)
    BATT_VOLT                                0x00009256   Data           4  user_lcd.o(.constdata)
    TEMP_ERROR                               0x0000925a   Data           4  user_lcd.o(.constdata)
    VOLT_ERROR                               0x0000925e   Data           4  user_lcd.o(.constdata)
    LEVEL                                    0x00009262   Data           5  user_lcd.o(.constdata)
    PRESS_FUNC_KEY                           0x00009267   Data           6  user_lcd.o(.constdata)
    PRESS_BDEC_KEY                           0x0000926d   Data           7  user_lcd.o(.constdata)
    PRESS_INC_KEY                            0x00009274   Data           7  user_lcd.o(.constdata)
    F8X16                                    0x0000927b   Data        1456  user_lcd.o(.constdata)
    Hzk                                      0x0000982b   Data        2400  user_lcd.o(.constdata)
    cctArray                                 0x0000a18c   Data         244  user_color.o(.constdata)
    saturationArray                          0x0000a280   Data         404  user_color.o(.constdata)
    GradualEffect1StyleCTimeArray            0x0000a414   Data           1  user_lighteffect.o(.constdata)
    GradualEffect2StyleATimeArray            0x0000a415   Data           1  user_lighteffect.o(.constdata)
    aFastRGBTimeArray                        0x0000a416   Data           1  user_lighteffect.o(.constdata)
    GradualEffect1StyleETimeArray            0x0000a417   Data           1  user_lighteffect.o(.constdata)
    GradualEffect2StyleBTimeArray            0x0000a418   Data           1  user_lighteffect.o(.constdata)
    GradualEffect1StyleFTimeArray            0x0000a419   Data           1  user_lighteffect.o(.constdata)
    GradualEffect2StyleCTimeArray            0x0000a41a   Data           1  user_lighteffect.o(.constdata)
    GradualEffect2StyleDTimeArray            0x0000a41b   Data           1  user_lighteffect.o(.constdata)
    Effect2StyleETimeArray                   0x0000a41c   Data           1  user_lighteffect.o(.constdata)
    Effect3StyleDTimeArray                   0x0000a41d   Data           1  user_lighteffect.o(.constdata)
    Effect3StyleETimeArray                   0x0000a41e   Data           1  user_lighteffect.o(.constdata)
    GradualEffect3StyleFTimeArray            0x0000a41f   Data           1  user_lighteffect.o(.constdata)
    Lightning1TimeArray                      0x0000a420   Data           1  user_lighteffect.o(.constdata)
    Lightning2TimeArray                      0x0000a421   Data           1  user_lighteffect.o(.constdata)
    aSceneAmbulanceTimerArray                0x0000a422   Data           2  user_lighteffect.o(.constdata)
    aSceneAmbulanceSttsArray                 0x0000a424   Data           2  user_lighteffect.o(.constdata)
    aSceneFireTruckTimerArray                0x0000a426   Data           2  user_lighteffect.o(.constdata)
    aSceneFireTruckSttsArray                 0x0000a428   Data           2  user_lighteffect.o(.constdata)
    Effect2StyleFTimeArray                   0x0000a42a   Data           2  user_lighteffect.o(.constdata)
    Effect3StyleDRandomArray                 0x0000a42c   Data           4  user_lighteffect.o(.constdata)
    Effect2StyleFHuesArray                   0x0000a430   Data           8  user_lighteffect.o(.constdata)
    flashMode1StyleATimerArray               0x0000a438   Data          22  user_lighteffect.o(.constdata)
    flashMode1StyleASttsArray                0x0000a44e   Data          22  user_lighteffect.o(.constdata)
    aScenePoliceTimerArray                   0x0000a464   Data          36  user_lighteffect.o(.constdata)
    aScenePoliceSttsArray                    0x0000a488   Data          36  user_lighteffect.o(.constdata)
    flashMode1StyleBTimerArray               0x0000a4ac   Data          15  user_lighteffect.o(.constdata)
    flashMode1StyleBSttsArray                0x0000a4bb   Data          15  user_lighteffect.o(.constdata)
    flashMode1StyleDTimerArray               0x0000a4ca   Data          22  user_lighteffect.o(.constdata)
    flashMode1StyleDSttsArray                0x0000a4e0   Data          22  user_lighteffect.o(.constdata)
    GradualEffectHuesArray                   0x0000a4f6   Data          18  user_lighteffect.o(.constdata)
    Effect2StyleEHuesArray                   0x0000a508   Data          26  user_lighteffect.o(.constdata)
    Effect2StyleESaturationArray             0x0000a524   Data          52  user_lighteffect.o(.constdata)
    Effect2StyleFSaturationArray             0x0000a558   Data          16  user_lighteffect.o(.constdata)
    simulationModeStyleATimerArray           0x0000a568   Data          20  user_lighteffect.o(.constdata)
    simulationModeStyleASttsArray            0x0000a57c   Data          20  user_lighteffect.o(.constdata)
    simulationModeStyleBTimerArray           0x0000a590   Data          12  user_lighteffect.o(.constdata)
    simulationModeStyleBSttsArray            0x0000a59c   Data          12  user_lighteffect.o(.constdata)
    simulationModeStyleCTimerArray           0x0000a5a8   Data          12  user_lighteffect.o(.constdata)
    simulationModeStyleCSttsArray            0x0000a5b4   Data          12  user_lighteffect.o(.constdata)
    Effect3StyleDHuesArray                   0x0000a5c0   Data          26  user_lighteffect.o(.constdata)
    Effect3StyleDSaturationArray             0x0000a5dc   Data          52  user_lighteffect.o(.constdata)
    Effect3StyleEHuesArray                   0x0000a610   Data          26  user_lighteffect.o(.constdata)
    Effect3StyleESaturationArray             0x0000a62c   Data          52  user_lighteffect.o(.constdata)
    Region$$Table$$Base                      0x0000a798   Number         0  anon$$obj.o(Region$$Table)
    Region$$Table$$Limit                     0x0000a7b8   Number         0  anon$$obj.o(Region$$Table)
    BASIC_TIMFLag                            0x20000000   Data           4  user_basetime.o(.data)
    lPTIMER_FLAG                             0x20000004   Data           1  user_lptimer.o(.data)
    vIncTestCnt                              0x20000008   Data           1  user_key.o(.data)
    vDecTestCnt                              0x20000009   Data           1  user_key.o(.data)
    vIsKeyPressed                            0x2000000a   Data           1  user_key.o(.data)
    vKeyValue                                0x2000000b   Data           1  user_key.o(.data)
    fucnEncoderDef                           0x2000000c   Data          72  user_key.o(.data)
    powerKeyInfo                             0x20000054   Data          32  user_key.o(.data)
    switchKeyInfo                            0x20000074   Data          32  user_key.o(.data)
    fIsFuncTurnLeft                          0x2000009c   Data           1  user_key.o(.data)
    fIsFuncLeftFallEdge                      0x2000009d   Data           1  user_key.o(.data)
    fIsFuncLeftRiseEdge                      0x2000009e   Data           1  user_key.o(.data)
    fIsFuncTurnRight                         0x2000009f   Data           1  user_key.o(.data)
    fIsFuncRightFallEdge                     0x200000a0   Data           1  user_key.o(.data)
    fIsFuncRightRiseEdge                     0x200000a1   Data           1  user_key.o(.data)
    fIsFuncCodingTurnStart                   0x200000a2   Data           1  user_key.o(.data)
    vFuncLeftLowTimeCnt                      0x200000a4   Data           2  user_key.o(.data)
    vFuncLeftHiTimeCnt                       0x200000a6   Data           2  user_key.o(.data)
    vFuncRightHiTimeCnt                      0x200000a8   Data           2  user_key.o(.data)
    vFuncRightLowTimeCnt                     0x200000aa   Data           2  user_key.o(.data)
    vLastFuncKeyValue                        0x200000ac   Data           1  user_key.o(.data)
    vLastFuncKeyTimer                        0x200000ae   Data           2  user_key.o(.data)
    fIsDcMode                                0x200000b0   Data           1  user_menu.o(.data)
    vCurrentBattLv                           0x200000b1   Data           1  user_menu.o(.data)
    fIsNeedUpdateBattLv                      0x200000b2   Data           1  user_menu.o(.data)
    fIsSystemFirstPowerON                    0x200000b3   Data           1  user_menu.o(.data)
    vLightEfftectVoltDectCnt                 0x200000b4   Data           1  user_menu.o(.data)
    fIsHotNow                                0x200000b5   Data           1  user_menu.o(.data)
    fIsBattAdcValueGot                       0x200000b6   Data           1  user_menu.o(.data)
    fIsChargeDisplaying                      0x200000b7   Data           1  user_menu.o(.data)
    fIsSystemOff                             0x200000b8   Data           1  user_menu.o(.data)
    fPowerOffByBattLow                       0x200000b9   Data           1  user_menu.o(.data)
    vSystemTemperature                       0x200000ba   Data           1  user_menu.o(.data)
    fIsCharging                              0x200000bb   Data           1  user_menu.o(.data)
    vChargePercent                           0x200000bc   Data           1  user_menu.o(.data)
    vDisableGetBattTimer                     0x200000bd   Data           1  user_menu.o(.data)
    fIsWakeupByCharge                        0x200000be   Data           1  user_menu.o(.data)
    vTimeToTurnOffLCD                        0x200000bf   Data           1  user_menu.o(.data)
    battIndex                                0x200000c0   Data           1  user_menu.o(.data)
    fIsUpdateChargeingVolt                   0x200000c1   Data           1  user_menu.o(.data)
    fIsPowerOnFirst10s                       0x200000c2   Data           1  user_menu.o(.data)
    vStoreParamCountDwon                     0x200000c3   Data           1  user_menu.o(.data)
    fIsBattFully                             0x200000c4   Data           1  user_menu.o(.data)
    fIsSystemInitialing                      0x200000c5   Data           1  user_menu.o(.data)
    fIsLightActive                           0x200000c6   Data           1  user_menu.o(.data)
    vTimeToStoreInfo                         0x200000c7   Data           1  user_menu.o(.data)
    vSystem1s                                0x200000c8   Data           2  user_menu.o(.data)
    vTimeToSleep                             0x200000ca   Data           2  user_menu.o(.data)
    vSystemVddNormalMode                     0x200000cc   Data           4  user_menu.o(.data)
    vBattVol                                 0x200000d0   Data           4  user_menu.o(.data)
    vAdVoltOfBatt                            0x200000d4   Data           4  user_menu.o(.data)
    vTestCompBatt                            0x200000d8   Data           4  user_menu.o(.data)
    vCompensationVolt                        0x200000dc   Data           4  user_menu.o(.data)
    vChargingCurrent                         0x200000e0   Data           4  user_menu.o(.data)
    vTemperatureCoe                          0x200000e4   Data           4  user_menu.o(.data)
    pUserColor                               0x200000e8   Data           4  user_menu.o(.data)
    factoryParams                            0x200000f0   Data          12  user_menu.o(.data)
    fIsHotDisplayOn                          0x200000fc   Data           1  user_menu.o(.data)
    pBackupDataStruct                        0x20000100   Data           4  user_menu.o(.data)
    fIsDriverVersionGot                      0x20000104   Data           1  user_menu.o(.data)
    fIsCh1ForCW                              0x20000105   Data           1  user_menu.o(.data)
    fIsCh2ForWW                              0x20000106   Data           1  user_menu.o(.data)
    p                                        0x20000108   Data           4  user_lcd.o(.data)
    activityMaxIndex                         0x2000010c   Data           4  user_lcd.o(.data)
    scene                                    0x20000110   Data          40  user_lcd.o(.data)
    arrowArray                               0x20000138   Data          12  user_lcd.o(.data)
    SPIFlagState                             0x20000144   Data           1  user_spi.o(.data)
    SPI_Data                                 0x20000145   Data           1  user_spi.o(.data)
    MASTERFLAG                               0x20000146   Data           1  user_spi.o(.data)
    I2C_SEND_START                           0x20000147   Data           1  user_i2c.o(.data)
    I2C_REVCIVE_START                        0x20000148   Data           1  user_i2c.o(.data)
    I2C_SEND_END                             0x20000149   Data           1  user_i2c.o(.data)
    I2C_REVCIVE_END                          0x2000014a   Data           1  user_i2c.o(.data)
    i2cParams                                0x2000014b   Data           3  user_i2c.o(.data)
    aPreWriteBuff                            0x2000014e   Data           5  user_i2c.o(.data)
    fIsLightEffectOn                         0x20000154   Data           1  user_lighteffect.o(.data)
    fIsRisingNow                             0x20000155   Data           1  user_lighteffect.o(.data)
    vRandomStepsInc                          0x20000156   Data           1  user_lighteffect.o(.data)
    vRandomStepsDec                          0x20000157   Data           1  user_lighteffect.o(.data)
    vRandomIncTimer                          0x20000158   Data           1  user_lighteffect.o(.data)
    vRandomDecTimer                          0x20000159   Data           1  user_lighteffect.o(.data)
    vColorCircle                             0x2000015a   Data           1  user_lighteffect.o(.data)
    vColorCircleIndex                        0x2000015b   Data           1  user_lighteffect.o(.data)
    vSpecialColorIndex                       0x2000015c   Data           1  user_lighteffect.o(.data)
    vCandleIndex                             0x2000015d   Data           1  user_lighteffect.o(.data)
    vLEDStepCtrlTimeCnt                      0x2000015e   Data           2  user_lighteffect.o(.data)
    graduallyAdjust                          0x20000160   Data          16  user_menu.o(.bss)
    battArray                                0x20000170   Data          40  user_menu.o(.bss)
    sysTimes                                 0x20000198   Data          16  user_menu.o(.bss)
    userPwmParaStruct                        0x200001a8   Data          24  user_menu.o(.bss)
    displayParams                            0x200001c0   Data          26  user_menu.o(.bss)
    pcaDataStruct                            0x200001da   Data          10  user_menu.o(.bss)
    targetPwmDataStruct                      0x200001e4   Data          10  user_menu.o(.bss)
    oriPwmDataStruct                         0x200001ee   Data          10  user_menu.o(.bss)
    userAdcStruct                            0x200001f8   Data          18  user_menu.o(.bss)
    flashModeBackupDataStruct                0x2000020a   Data          10  user_menu.o(.bss)
    userColor                                0x20000214   Data          20  user_menu.o(.bss)
    adcConvertParams                         0x20000228   Data          56  user_adc.o(.bss)
    Driver_Version                           0x20000260   Data          11  user_i2c.o(.bss)
    I2C_buffer                               0x2000026b   Data          20  user_i2c.o(.bss)
    I2C_EveStruct                            0x20000280   Data          10  user_i2c.o(.bss)
    LedStruct                                0x2000028c   Data          44  user_lighteffect.o(.bss)
    adjustParams                             0x200002b8   Data          56  user_lighteffect.o(.bss)
    __libspace_start                         0x200002f0   Data          96  libspace.o(.bss)
    __temporary_stack_top$libspace           0x20000350   Data           0  libspace.o(.bss)



==============================================================================

Memory Map of the image

  Image Entry point : 0x000000c1

  Load Region LR_IROM1 (Base: 0x00000000, Size: 0x0000a918, Max: 0x00010000, ABSOLUTE, COMPRESSED[0x0000a854])

    Execution Region ER_IROM1 (Exec base: 0x00000000, Load base: 0x00000000, Size: 0x0000a7b8, Max: 0x00010000, ABSOLUTE)

    Exec Addr    Load Addr    Size         Type   Attr      Idx    E Section Name        Object

    0x00000000   0x00000000   0x000000c0   Data   RO           51    RESET               startup_cx32l003.o
    0x000000c0   0x000000c0   0x00000008   Code   RO         1434  * !!!main             c_p.l(__main.o)
    0x000000c8   0x000000c8   0x0000003c   Code   RO         1696    !!!scatter          c_p.l(__scatter.o)
    0x00000104   0x00000104   0x0000001c   Code   RO         1698    !!handler_zi        c_p.l(__scatter_zi.o)
    0x00000120   0x00000120   0x00000002   Code   RO         1630    .ARM.Collect$$libinit$$00000000  c_p.l(libinit.o)
    0x00000122   0x00000122   0x00000000   Code   RO         1509    .ARM.Collect$$libinit$$00000002  c_p.l(libinit2.o)
    0x00000122   0x00000122   0x00000000   Code   RO         1511    .ARM.Collect$$libinit$$00000004  c_p.l(libinit2.o)
    0x00000122   0x00000122   0x00000008   Code   RO         1512    .ARM.Collect$$libinit$$00000005  c_p.l(libinit2.o)
    0x0000012a   0x0000012a   0x00000000   Code   RO         1514    .ARM.Collect$$libinit$$0000000A  c_p.l(libinit2.o)
    0x0000012a   0x0000012a   0x00000000   Code   RO         1516    .ARM.Collect$$libinit$$0000000C  c_p.l(libinit2.o)
    0x0000012a   0x0000012a   0x00000000   Code   RO         1518    .ARM.Collect$$libinit$$0000000E  c_p.l(libinit2.o)
    0x0000012a   0x0000012a   0x00000000   Code   RO         1521    .ARM.Collect$$libinit$$00000011  c_p.l(libinit2.o)
    0x0000012a   0x0000012a   0x00000000   Code   RO         1523    .ARM.Collect$$libinit$$00000013  c_p.l(libinit2.o)
    0x0000012a   0x0000012a   0x00000000   Code   RO         1525    .ARM.Collect$$libinit$$00000015  c_p.l(libinit2.o)
    0x0000012a   0x0000012a   0x00000000   Code   RO         1527    .ARM.Collect$$libinit$$00000017  c_p.l(libinit2.o)
    0x0000012a   0x0000012a   0x00000000   Code   RO         1529    .ARM.Collect$$libinit$$00000019  c_p.l(libinit2.o)
    0x0000012a   0x0000012a   0x00000000   Code   RO         1531    .ARM.Collect$$libinit$$0000001B  c_p.l(libinit2.o)
    0x0000012a   0x0000012a   0x00000000   Code   RO         1533    .ARM.Collect$$libinit$$0000001D  c_p.l(libinit2.o)
    0x0000012a   0x0000012a   0x00000000   Code   RO         1535    .ARM.Collect$$libinit$$0000001F  c_p.l(libinit2.o)
    0x0000012a   0x0000012a   0x00000000   Code   RO         1537    .ARM.Collect$$libinit$$00000021  c_p.l(libinit2.o)
    0x0000012a   0x0000012a   0x00000000   Code   RO         1539    .ARM.Collect$$libinit$$00000023  c_p.l(libinit2.o)
    0x0000012a   0x0000012a   0x00000000   Code   RO         1541    .ARM.Collect$$libinit$$00000025  c_p.l(libinit2.o)
    0x0000012a   0x0000012a   0x00000000   Code   RO         1545    .ARM.Collect$$libinit$$0000002C  c_p.l(libinit2.o)
    0x0000012a   0x0000012a   0x00000000   Code   RO         1547    .ARM.Collect$$libinit$$0000002E  c_p.l(libinit2.o)
    0x0000012a   0x0000012a   0x00000000   Code   RO         1549    .ARM.Collect$$libinit$$00000030  c_p.l(libinit2.o)
    0x0000012a   0x0000012a   0x00000000   Code   RO         1551    .ARM.Collect$$libinit$$00000032  c_p.l(libinit2.o)
    0x0000012a   0x0000012a   0x00000002   Code   RO         1552    .ARM.Collect$$libinit$$00000033  c_p.l(libinit2.o)
    0x0000012c   0x0000012c   0x00000002   Code   RO         1691    .ARM.Collect$$libshutdown$$00000000  c_p.l(libshutdown.o)
    0x0000012e   0x0000012e   0x00000000   Code   RO         1649    .ARM.Collect$$libshutdown$$00000002  c_p.l(libshutdown2.o)
    0x0000012e   0x0000012e   0x00000000   Code   RO         1651    .ARM.Collect$$libshutdown$$00000004  c_p.l(libshutdown2.o)
    0x0000012e   0x0000012e   0x00000000   Code   RO         1654    .ARM.Collect$$libshutdown$$00000007  c_p.l(libshutdown2.o)
    0x0000012e   0x0000012e   0x00000000   Code   RO         1657    .ARM.Collect$$libshutdown$$0000000A  c_p.l(libshutdown2.o)
    0x0000012e   0x0000012e   0x00000000   Code   RO         1659    .ARM.Collect$$libshutdown$$0000000C  c_p.l(libshutdown2.o)
    0x0000012e   0x0000012e   0x00000000   Code   RO         1662    .ARM.Collect$$libshutdown$$0000000F  c_p.l(libshutdown2.o)
    0x0000012e   0x0000012e   0x00000002   Code   RO         1663    .ARM.Collect$$libshutdown$$00000010  c_p.l(libshutdown2.o)
    0x00000130   0x00000130   0x00000000   Code   RO         1476    .ARM.Collect$$rtentry$$00000000  c_p.l(__rtentry.o)
    0x00000130   0x00000130   0x00000000   Code   RO         1562    .ARM.Collect$$rtentry$$00000002  c_p.l(__rtentry2.o)
    0x00000130   0x00000130   0x00000006   Code   RO         1574    .ARM.Collect$$rtentry$$00000004  c_p.l(__rtentry4.o)
    0x00000136   0x00000136   0x00000000   Code   RO         1564    .ARM.Collect$$rtentry$$00000009  c_p.l(__rtentry2.o)
    0x00000136   0x00000136   0x00000004   Code   RO         1565    .ARM.Collect$$rtentry$$0000000A  c_p.l(__rtentry2.o)
    0x0000013a   0x0000013a   0x00000000   Code   RO         1567    .ARM.Collect$$rtentry$$0000000C  c_p.l(__rtentry2.o)
    0x0000013a   0x0000013a   0x00000008   Code   RO         1568    .ARM.Collect$$rtentry$$0000000D  c_p.l(__rtentry2.o)
    0x00000142   0x00000142   0x00000002   Code   RO         1636    .ARM.Collect$$rtexit$$00000000  c_p.l(rtexit.o)
    0x00000144   0x00000144   0x00000000   Code   RO         1667    .ARM.Collect$$rtexit$$00000002  c_p.l(rtexit2.o)
    0x00000144   0x00000144   0x00000004   Code   RO         1668    .ARM.Collect$$rtexit$$00000003  c_p.l(rtexit2.o)
    0x00000148   0x00000148   0x00000006   Code   RO         1669    .ARM.Collect$$rtexit$$00000004  c_p.l(rtexit2.o)
    0x0000014e   0x0000014e   0x00000002   PAD
    0x00000150   0x00000150   0x00000038   Code   RO         1424    .emb_text           c_p.l(rt_memcpy.o)
    0x00000188   0x00000188   0x00000000   Code   RO         1580    .emb_text           c_p.l(maybetermalloc1.o)
    0x00000188   0x00000188   0x00000030   Code   RO           52    .text               startup_cx32l003.o
    0x000001b8   0x000001b8   0x00000218   Code   RO           58    .text               cx32l003_adc.o
    0x000003d0   0x000003d0   0x00000048   Code   RO          103    .text               cx32l003_awk.o
    0x00000418   0x00000418   0x00000052   Code   RO          221    .text               cx32l003_exti.o
    0x0000046a   0x0000046a   0x00000002   PAD
    0x0000046c   0x0000046c   0x0000023c   Code   RO          247    .text               cx32l003_flash.o
    0x000006a8   0x000006a8   0x000001ec   Code   RO          271    .text               cx32l003_gpio.o
    0x00000894   0x00000894   0x000001d4   Code   RO          294    .text               cx32l003_i2c.o
    0x00000a68   0x00000a68   0x0000003c   Code   RO          314    .text               cx32l003_it.o
    0x00000aa4   0x00000aa4   0x000000c8   Code   RO          369    .text               cx32l003_lptimer.o
    0x00000b6c   0x00000b6c   0x00000308   Code   RO          493    .text               cx32l003_rcc.o
    0x00000e74   0x00000e74   0x00000078   Code   RO          540    .text               cx32l003_spi.o
    0x00000eec   0x00000eec   0x0000017c   Code   RO          563    .text               cx32l003_syscon.o
    0x00001068   0x00001068   0x00000124   Code   RO          586    .text               cx32l003_timer.o
    0x0000118c   0x0000118c   0x000000a0   Code   RO          689    .text               misc.o
    0x0000122c   0x0000122c   0x00000984   Code   RO          709    .text               cx32l003_advtim.o
    0x00001bb0   0x00001bb0   0x000000b4   Code   RO          733    .text               user_basetime.o
    0x00001c64   0x00001c64   0x000001ac   Code   RO          768    .text               user_exti.o
    0x00001e10   0x00001e10   0x00000104   Code   RO          799    .text               user_internalflash.o
    0x00001f14   0x00001f14   0x000001a8   Code   RO          832    .text               user_lptimer.o
    0x000020bc   0x000020bc   0x000000e4   Code   RO          866    .text               user_sysclock.o
    0x000021a0   0x000021a0   0x000001c0   Code   RO          898    .text               main.o
    0x00002360   0x00002360   0x000003c0   Code   RO          941    .text               user_key.o
    0x00002720   0x00002720   0x000013f8   Code   RO         1000    .text               user_menu.o
    0x00003b18   0x00003b18   0x000003dc   Code   RO         1068    .text               user_adc.o
    0x00003ef4   0x00003ef4   0x0000006c   Code   RO         1095    .text               user_awk.o
    0x00003f60   0x00003f60   0x00000cbc   Code   RO         1132    .text               user_lcd.o
    0x00004c1c   0x00004c1c   0x0000002e   Code   RO         1167    .text               user_ddl.o
    0x00004c4a   0x00004c4a   0x00000002   PAD
    0x00004c4c   0x00004c4c   0x00000160   Code   RO         1181    .text               user_spi.o
    0x00004dac   0x00004dac   0x000008f0   Code   RO         1205    .text               user_color.o
    0x0000569c   0x0000569c   0x000008c8   Code   RO         1243    .text               user_i2c.o
    0x00005f64   0x00005f64   0x000001e4   Code   RO         1278    .text               user_advtime.o
    0x00006148   0x00006148   0x00001a44   Code   RO         1298    .text               user_lighteffect.o
    0x00007b8c   0x00007b8c   0x0000004c   Code   RO         1336    .text               user_utils.o
    0x00007bd8   0x00007bd8   0x00000062   Code   RO         1366    .text               c_p.l(h1_alloc.o)
    0x00007c3a   0x00007c3a   0x0000004c   Code   RO         1368    .text               c_p.l(h1_free.o)
    0x00007c86   0x00007c86   0x00000082   Code   RO         1425    .text               c_p.l(rt_memcpy.o)
    0x00007d08   0x00007d08   0x0000015a   Code   RO         1428    .text               c_p.l(aeabi_sdiv.o)
    0x00007e62   0x00007e62   0x00000006   Code   RO         1432    .text               c_p.l(heapauxi.o)
    0x00007e68   0x00007e68   0x0000007c   Code   RO         1436    .text               fz_ps.l(d2f.o)
    0x00007ee4   0x00007ee4   0x00000358   Code   RO         1438    .text               fz_ps.l(daddsub.o)
    0x0000823c   0x0000823c   0x00000448   Code   RO         1440    .text               fz_ps.l(ddiv.o)
    0x00008684   0x00008684   0x00000048   Code   RO         1443    .text               fz_ps.l(dfixui.o)
    0x000086cc   0x000086cc   0x00000058   Code   RO         1445    .text               fz_ps.l(dflti.o)
    0x00008724   0x00008724   0x00000248   Code   RO         1447    .text               fz_ps.l(dmul.o)
    0x0000896c   0x0000896c   0x00000060   Code   RO         1449    .text               fz_ps.l(dscalbn.o)
    0x000089cc   0x000089cc   0x00000054   Code   RO         1451    .text               fz_ps.l(f2d.o)
    0x00008a20   0x00008a20   0x00000160   Code   RO         1459    .text               fz_ps.l(fdiv.o)
    0x00008b80   0x00008b80   0x00000030   Code   RO         1464    .text               fz_ps.l(ffixui.o)
    0x00008bb0   0x00008bb0   0x0000005e   Code   RO         1466    .text               fz_ps.l(fflti.o)
    0x00008c0e   0x00008c0e   0x00000002   PAD
    0x00008c10   0x00008c10   0x00000044   Code   RO         1472    .text               fz_ps.l(fscalbn.o)
    0x00008c54   0x00008c54   0x00000008   Code   RO         1484    .text               c_p.l(rt_heap_descriptor_intlibspace.o)
    0x00008c5c   0x00008c5c   0x00000004   Code   RO         1486    .text               c_p.l(hguard.o)
    0x00008c60   0x00008c60   0x00000088   Code   RO         1488    .text               c_p.l(init_alloc.o)
    0x00008ce8   0x00008ce8   0x0000000e   Code   RO         1492    .text               c_p.l(h1_init.o)
    0x00008cf6   0x00008cf6   0x00000002   PAD
    0x00008cf8   0x00008cf8   0x00000064   Code   RO         1553    .text               fz_ps.l(fcmpin.o)
    0x00008d5c   0x00008d5c   0x00000008   Code   RO         1558    .text               c_p.l(libspace.o)
    0x00008d64   0x00008d64   0x00000034   Code   RO         1582    .text               c_p.l(h1_extend.o)
    0x00008d98   0x00008d98   0x0000000c   Code   RO         1586    .text               c_p.l(defsig_rtmem_outer.o)
    0x00008da4   0x00008da4   0x0000002e   Code   RO         1595    .text               fz_ps.l(cmpret.o)
    0x00008dd2   0x00008dd2   0x00000002   PAD
    0x00008dd4   0x00008dd4   0x00000010   Code   RO         1597    .text               fz_ps.l(fnan2.o)
    0x00008de4   0x00008de4   0x00000002   Code   RO         1601    .text               c_p.l(use_no_semi.o)
    0x00008de6   0x00008de6   0x00000000   Code   RO         1603    .text               c_p.l(indicate_semi.o)
    0x00008de6   0x00008de6   0x0000003e   Code   RO         1604    .text               c_p.l(sys_stackheap_outer.o)
    0x00008e24   0x00008e24   0x00000010   Code   RO         1611    .text               c_p.l(exit.o)
    0x00008e34   0x00008e34   0x0000000c   Code   RO         1613    .text               c_p.l(defsig_exit.o)
    0x00008e40   0x00008e40   0x00000050   Code   RO         1619    .text               c_p.l(defsig_rtmem_inner.o)
    0x00008e90   0x00008e90   0x0000005e   Code   RO         1631    .text               fz_ps.l(retnan.o)
    0x00008eee   0x00008eee   0x00000002   PAD
    0x00008ef0   0x00008ef0   0x0000000c   Code   RO         1633    .text               c_p.l(sys_exit.o)
    0x00008efc   0x00008efc   0x00000034   Code   RO         1644    .text               c_p.l(defsig_general.o)
    0x00008f30   0x00008f30   0x0000000c   Code   RO         1664    .text               c_p.l(sys_wrch.o)
    0x00008f3c   0x00008f3c   0x00000056   Code   RO         1694    .text               c_p.l(__dczerorl2.o)
    0x00008f92   0x00008f92   0x0000001a   Code   RO          881    i.__ARM_common_switch8  user_sysclock.o
    0x00008fac   0x00008fac   0x0000008c   Code   RO         1453    x$fpl$fadd          fz_ps.l(faddsub.o)
    0x00009038   0x00009038   0x000000b0   Code   RO         1468    x$fpl$fmul          fz_ps.l(fmul.o)
    0x000090e8   0x000090e8   0x00000058   Code   RO         1470    x$fpl$frleqf        fz_ps.l(frlef.o)
    0x00009140   0x00009140   0x00000018   Code   RO         1454    x$fpl$frsb          fz_ps.l(faddsub.o)
    0x00009158   0x00009158   0x000000d0   Code   RO         1455    x$fpl$fsub          fz_ps.l(faddsub.o)
    0x00009228   0x00009228   0x00000000   Code   RO         1555    x$fpl$usenofp       fz_ps.l(usenofp.o)
    0x00009228   0x00009228   0x00000004   Data   RO         1133    .constdata          user_lcd.o
    0x0000922c   0x0000922c   0x00000006   Data   RO         1134    .constdata          user_lcd.o
    0x00009232   0x00009232   0x00000006   Data   RO         1135    .constdata          user_lcd.o
    0x00009238   0x00009238   0x00000f53   Data   RO         1136    .constdata          user_lcd.o
    0x0000a18b   0x0000a18b   0x00000001   PAD
    0x0000a18c   0x0000a18c   0x00000288   Data   RO         1206    .constdata          user_color.o
    0x0000a414   0x0000a414   0x0000024c   Data   RO         1300    .constdata          user_lighteffect.o
    0x0000a660   0x0000a660   0x00000080   Data   RO         1441    .constdata          fz_ps.l(ddiv.o)
    0x0000a6e0   0x0000a6e0   0x00000040   Data   RO         1460    .constdata          fz_ps.l(fdiv.o)
    0x0000a720   0x0000a720   0x00000078   Data   RO         1138    .conststring        user_lcd.o
    0x0000a798   0x0000a798   0x00000020   Data   RO         1692    Region$$Table       anon$$obj.o


    Execution Region RW_IRAM1 (Exec base: 0x20000000, Load base: 0x0000a7b8, Size: 0x00000b50, Max: 0x00001000, ABSOLUTE, COMPRESSED[0x0000009c])

    Exec Addr    Load Addr    Size         Type   Attr      Idx    E Section Name        Object

    0x20000000   COMPRESSED   0x00000004   Data   RW          734    .data               user_basetime.o
    0x20000004   COMPRESSED   0x00000001   Data   RW          833    .data               user_lptimer.o
    0x20000005   COMPRESSED   0x00000003   PAD
    0x20000008   COMPRESSED   0x0000008c   Data   RW          942    .data               user_key.o
    0x20000094   COMPRESSED   0x00000001   Data   RW          943    .data               user_key.o
    0x20000095   COMPRESSED   0x00000001   PAD
    0x20000096   COMPRESSED   0x00000002   Data   RW          944    .data               user_key.o
    0x20000098   COMPRESSED   0x00000001   Data   RW          945    .data               user_key.o
    0x20000099   COMPRESSED   0x00000001   PAD
    0x2000009a   COMPRESSED   0x00000002   Data   RW          946    .data               user_key.o
    0x2000009c   COMPRESSED   0x00000001   Data   RW          948    .data               user_key.o
    0x2000009d   COMPRESSED   0x00000001   Data   RW          949    .data               user_key.o
    0x2000009e   COMPRESSED   0x00000001   Data   RW          950    .data               user_key.o
    0x2000009f   COMPRESSED   0x00000001   Data   RW          951    .data               user_key.o
    0x200000a0   COMPRESSED   0x00000001   Data   RW          952    .data               user_key.o
    0x200000a1   COMPRESSED   0x00000001   Data   RW          953    .data               user_key.o
    0x200000a2   COMPRESSED   0x00000001   Data   RW          954    .data               user_key.o
    0x200000a3   COMPRESSED   0x00000001   PAD
    0x200000a4   COMPRESSED   0x00000002   Data   RW          955    .data               user_key.o
    0x200000a6   COMPRESSED   0x00000002   Data   RW          956    .data               user_key.o
    0x200000a8   COMPRESSED   0x00000002   Data   RW          957    .data               user_key.o
    0x200000aa   COMPRESSED   0x00000002   Data   RW          958    .data               user_key.o
    0x200000ac   COMPRESSED   0x00000001   Data   RW          959    .data               user_key.o
    0x200000ad   COMPRESSED   0x00000001   PAD
    0x200000ae   COMPRESSED   0x00000002   Data   RW          960    .data               user_key.o
    0x200000b0   COMPRESSED   0x0000004c   Data   RW         1005    .data               user_menu.o
    0x200000fc   COMPRESSED   0x00000001   Data   RW         1010    .data               user_menu.o
    0x200000fd   COMPRESSED   0x00000003   PAD
    0x20000100   COMPRESSED   0x00000004   Data   RW         1014    .data               user_menu.o
    0x20000104   COMPRESSED   0x00000001   Data   RW         1025    .data               user_menu.o
    0x20000105   COMPRESSED   0x00000001   Data   RW         1026    .data               user_menu.o
    0x20000106   COMPRESSED   0x00000001   Data   RW         1027    .data               user_menu.o
    0x20000107   COMPRESSED   0x00000001   PAD
    0x20000108   COMPRESSED   0x0000003c   Data   RW         1139    .data               user_lcd.o
    0x20000144   COMPRESSED   0x00000003   Data   RW         1182    .data               user_spi.o
    0x20000147   COMPRESSED   0x0000000c   Data   RW         1249    .data               user_i2c.o
    0x20000153   COMPRESSED   0x00000001   PAD
    0x20000154   COMPRESSED   0x0000000c   Data   RW         1302    .data               user_lighteffect.o
    0x20000160        -       0x00000098   Zero   RW         1001    .bss                user_menu.o
    0x200001f8        -       0x00000012   Zero   RW         1002    .bss                user_menu.o
    0x2000020a        -       0x0000000a   Zero   RW         1003    .bss                user_menu.o
    0x20000214        -       0x00000014   Zero   RW         1004    .bss                user_menu.o
    0x20000228        -       0x00000038   Zero   RW         1069    .bss                user_adc.o
    0x20000260        -       0x0000002a   Zero   RW         1244    .bss                user_i2c.o
    0x2000028a   COMPRESSED   0x00000002   PAD
    0x2000028c        -       0x00000064   Zero   RW         1299    .bss                user_lighteffect.o
    0x200002f0        -       0x00000060   Zero   RW         1559    .bss                c_p.l(libspace.o)
    0x20000350        -       0x00000400   Zero   RW           50    HEAP                startup_cx32l003.o
    0x20000750        -       0x00000400   Zero   RW           49    STACK               startup_cx32l003.o


==============================================================================

Image component sizes


      Code (inc. data)   RO Data    RW Data    ZI Data      Debug   Object Name

       536         10          0          0          0      45308   cx32l003_adc.o
      2436         98          0          0          0      44139   cx32l003_advtim.o
        72          0          0          0          0       2296   cx32l003_awk.o
        82          0          0          0          0       3086   cx32l003_exti.o
       572         16          0          0          0       8638   cx32l003_flash.o
       492         20          0          0          0      20910   cx32l003_gpio.o
       468         28          0          0          0       4415   cx32l003_i2c.o
        60          8          0          0          0      20738   cx32l003_it.o
       200          4          0          0          0       5223   cx32l003_lptimer.o
       776         16          0          0          0       8014   cx32l003_rcc.o
       120          4          0          0          0       4344   cx32l003_spi.o
       380         12          0          0          0       4548   cx32l003_syscon.o
       292         12          0          0          0       7244   cx32l003_timer.o
       448         88          0          0          0        695   main.o
       160         22          0          0          0       1785   misc.o
        48         22        192          0       2048        640   startup_cx32l003.o
         0          0          0          0          0       4540   system_cx32l003.o
       988         26          0          0         56       4190   user_adc.o
       484         32          0          0          0       3859   user_advtime.o
       108          4          0          0          0       1097   user_awk.o
       180         16          0          4          0       1511   user_basetime.o
      2288        156        648          0          0       6695   user_color.o
        46          0          0          0          0       1152   user_ddl.o
       428         28          0          0          0       2461   user_exti.o
      2248         54          0         12         42      11221   user_i2c.o
       260         10          0          0          0       2665   user_internalflash.o
       960          8          0        164          0       6243   user_key.o
      3260        184       4059         60          0      13013   user_lcd.o
      6724        370        588         12        100      20489   user_lighteffect.o
       424         40          0          1          0       2209   user_lptimer.o
      5112        444          0         84        200      17571   user_menu.o
       352         20          0          3          0       2482   user_spi.o
       254         24          0          0          0       2425   user_sysclock.o
        76          4          0          0          0       1595   user_utils.o

    ----------------------------------------------------------------------
     31338       1780       5520        352       2448     287441   Object Totals
         0          0         32          0          0          0   (incl. Generated)
         4          0          1         12          2          0   (incl. Padding)

    ----------------------------------------------------------------------

      Code (inc. data)   RO Data    RW Data    ZI Data      Debug   Library Member Name

        86          0          0          0          0          0   __dczerorl2.o
         8          0          0          0          0         68   __main.o
         0          0          0          0          0          0   __rtentry.o
        12          0          0          0          0          0   __rtentry2.o
         6          0          0          0          0          0   __rtentry4.o
        60          8          0          0          0          0   __scatter.o
        28          0          0          0          0          0   __scatter_zi.o
       346          0          0          0          0         92   aeabi_sdiv.o
        12          0          0          0          0         68   defsig_exit.o
        52          0          0          0          0         72   defsig_general.o
        80         58          0          0          0         68   defsig_rtmem_inner.o
        12          0          0          0          0         68   defsig_rtmem_outer.o
        16          0          0          0          0         68   exit.o
        98          0          0          0          0         72   h1_alloc.o
        52          0          0          0          0         68   h1_extend.o
        76          0          0          0          0         72   h1_free.o
        14          0          0          0          0         76   h1_init.o
         6          0          0          0          0        136   heapauxi.o
         4          0          0          0          0        120   hguard.o
         0          0          0          0          0          0   indicate_semi.o
       136          0          0          0          0        160   init_alloc.o
         2          0          0          0          0          0   libinit.o
        10          0          0          0          0          0   libinit2.o
         2          0          0          0          0          0   libshutdown.o
         2          0          0          0          0          0   libshutdown2.o
         8          4          0          0         96         68   libspace.o
         0          0          0          0          0          0   maybetermalloc1.o
         8          4          0          0          0         68   rt_heap_descriptor_intlibspace.o
       186          0          0          0          0        144   rt_memcpy.o
         2          0          0          0          0          0   rtexit.o
        10          0          0          0          0          0   rtexit2.o
        12          4          0          0          0         60   sys_exit.o
        62          0          0          0          0         80   sys_stackheap_outer.o
        12          0          0          0          0         68   sys_wrch.o
         2          0          0          0          0         68   use_no_semi.o
        46          0          0          0          0         60   cmpret.o
       124          4          0          0          0         72   d2f.o
       856         20          0          0          0        208   daddsub.o
      1096         26        128          0          0        112   ddiv.o
        72          4          0          0          0         68   dfixui.o
        88          0          0          0          0         92   dflti.o
       584         26          0          0          0         84   dmul.o
        96         12          0          0          0         72   dscalbn.o
        84          4          0          0          0         60   f2d.o
       372          8          0          0          0        240   faddsub.o
       100          4          0          0          0         68   fcmpin.o
       352         10         64          0          0         92   fdiv.o
        48          0          0          0          0         60   ffixui.o
        94          0          0          0          0         92   fflti.o
       176          4          0          0          0         80   fmul.o
        16          6          0          0          0         68   fnan2.o
        88          4          0          0          0         76   frlef.o
        68          4          0          0          0         68   fscalbn.o
        94          0          0          0          0         68   retnan.o
         0          0          0          0          0          0   usenofp.o

    ----------------------------------------------------------------------
      5886        214        192          0         96       3504   Library Totals
        10          0          0          0          0          0   (incl. Padding)

    ----------------------------------------------------------------------

      Code (inc. data)   RO Data    RW Data    ZI Data      Debug   Library Name

      1422         78          0          0         96       1764   c_p.l
      4454        136        192          0          0       1740   fz_ps.l

    ----------------------------------------------------------------------
      5886        214        192          0         96       3504   Library Totals

    ----------------------------------------------------------------------

==============================================================================


      Code (inc. data)   RO Data    RW Data    ZI Data      Debug   

     37224       1994       5712        352       2544     285073   Grand Totals
     37224       1994       5712        156       2544     285073   ELF Image Totals (compressed)
     37224       1994       5712        156          0          0   ROM Totals

==============================================================================

    Total RO  Size (Code + RO Data)                42936 (  41.93kB)
    Total RW  Size (RW Data + ZI Data)              2896 (   2.83kB)
    Total ROM Size (Code + RO Data + RW Data)      43092 (  42.08kB)

==============================================================================

